160 jobs
t1_factorial native (13, 10) -> (13, 10) used=80 79.3s acc=[]
t1_map_double native (2570, 1800) -> (2570, 1800) used=80 79.0s acc=[]
t1_append native (1487, 905) -> (1228, 841) used=80 133.5s acc=['inline_call', 'inline_call', 'inline_leaf']
t1_factorial bend (14, 10) -> (10, 8) used=80 162.6s acc=['numopr_all', 'eqzi_all']
t1_min native (6664, 4096) -> (5679, 3590) used=80 178.1s acc=['opt40', 'inline_call', 'inline_call', 'inline_call', 'inline_leaf', 'inline_leaf', 'inline_leaf']
t1_bignum_mul_small bend (5420, 1754) -> (4258, 1557) used=80 195.6s acc=['opt40', 'eqzi_all', 'inline_call', 'inline_call', 'inline_leaf', 'inline_leaf', 'inline_leaf', 'inline_leaf']
t1_filter_even native (5507, 1803) -> (4729, 1793) used=80 203.0s acc=['preset_all', 'inline_call', 'inline_call', 'inline_leaf', 'inline_leaf', 'inline_leaf', 'inline_leaf', 'inline_leaf', 'inline_leaf', 'inline_leaf', 'inline_leaf']
t1_bignum_mul_small native (5219, 1367) -> (4059, 1364) used=80 207.0s acc=['opt40', 'preset_all', 'inline_call', 'inline_call', 'inline_leaf', 'inline_leaf']
t1_last native (3598, 1801) -> (2819, 1792) used=80 215.1s acc=['inline_call', 'inline_call', 'inline_leaf', 'inline_leaf', 'inline_leaf', 'inline_leaf', 'inline_leaf', 'inline_leaf', 'inline_leaf', 'inline_leaf']
t1_filter_gt bend (7195, 2329) -> (6337, 1943) used=80 216.2s acc=['opt40', 'inline_call', 'inline_call', 'inline_leaf', 'inline_leaf', 'inline_leaf', 'inline_leaf', 'inline_leaf', 'inline_leaf', 'inline_leaf']
t1_map_double bend (4362, 2313) -> (2835, 2058) used=80 223.9s acc=['opt40', 'inline_call', 'inline_leaf', 'inline_leaf', 'inline_leaf', 'inline_leaf', 'inline_leaf', 'inline_leaf', 'inline_leaf', 'inline_leaf', 'inline_leaf', 'inline_leaf', 'inline_leaf', 'inline_leaf']
t1_min bend (7052, 5133) -> (6341, 4623) used=80 231.5s acc=['inline_call', 'inline_call', 'inline_call', 'inline_call', 'inline_call', 'inline_leaf', 'inline_leaf', 'inline_leaf', 'inline_leaf', 'inline_leaf', 'inline_leaf', 'inline_leaf', 'inline_leaf', 'inline_leaf+cutwire']
t1_filter_even bend (6186, 2324) -> (5211, 2063) used=80 235.6s acc=['opt40', 'eqzi_all', 'inline_call', 'inline_leaf', 'inline_leaf', 'inline_leaf', 'inline_leaf', 'inline_leaf', 'inline_leaf', 'inline_leaf', 'inline_leaf', 'inline_leaf', 'inline_leaf', 'inline_leaf', 'inline_leaf']
t1_product native (3852, 1928) -> (3203, 1920) used=80 244.0s acc=['inline_call', 'inline_call', 'inline_call', 'inline_leaf', 'inline_leaf', 'inline_leaf', 'inline_leaf', 'inline_leaf', 'inline_leaf', 'inline_leaf']
t1_product bend (2055, 1185) -> (2008, 1152) used=80 182.6s acc=['eqzi_all', 'inline_call', 'inline_call', 'inline_leaf', 'inline_leaf', 'inline_leaf', 'inline_leaf', 'inline_leaf', 'inline_leaf', 'inline_leaf']
t1_range bend (1466, 361) -> (636, 340) used=80 128.7s acc=['opt40', 'numopr_all', 'eqzi_all', 'inline_call', 'inline_call', 'inline_leaf', 'preset']
t1_append bend (2221, 1161) -> (1605, 960) used=80 287.7s acc=['opt40', 'inline_call', 'inline_call', 'inline_leaf', 'inline_leaf', 'inline_leaf', 'inline_leaf', 'inline_leaf', 'inline_leaf', 'inline_leaf', 'inline_leaf', 'inline_leaf', 'inline_leaf', 'inline_leaf', 'inline_leaf']
t1_filter_gt native (6720, 1805) -> (5846, 1674) used=80 289.6s acc=['inline_call', 'inline_call', 'inline_leaf', 'inline_leaf', 'inline_leaf', 'inline_leaf', 'inline_leaf', 'inline_leaf', 'inline_leaf', 'inline_leaf', 'inline_leaf', 'inline_leaf', 'inline_leaf', 'inline_leaf', 'inline_leaf', 'inline_leaf+cutwire']
t1_range native (2828, 1288) -> (2036, 1010) used=80 222.2s acc=['inline_call', 'inline_call', 'inline_leaf', 'inline_leaf', 'inline_leaf', 'inline_leaf', 'inline_leaf', 'inline_leaf', 'inline_leaf', 'inline_leaf', 'inline_leaf', 'inline_leaf', 'inline_leaf', 'inline_leaf', 'inline_leaf', 'inline_leaf', 'inline_leaf', 'inline_leaf', 'inline_leaf', 'inline_leaf', 'inline_leaf', 'inline_leaf', 'inline_leaf']
t1_take native (2146, 1565) -> (1883, 1499) used=80 109.1s acc=['inline_call', 'inline_call', 'inline_leaf']
t2_argmax native (9240, 4107) -> (7747, 3598) used=80 115.8s acc=['inline_call', 'inline_call', 'inline_call', 'inline_leaf']
t1_replicate bend (1174, 58) -> (318, 50) used=80 165.7s acc=['opt40', 'opt400', 'numopr_all', 'eqzi_all', 'inline_call', 'inline_call', 'inline_leaf', 'inline_leaf']
t2_argmin native (8454, 4099) -> (6962, 3845) used=80 138.9s acc=['inline_call', 'inline_call', 'inline_call', 'inline_leaf', 'inline_leaf']
t1_reverse native (3342, 1801) -> (2439, 1668) used=80 203.4s acc=['inline_call', 'inline_call', 'inline_leaf', 'inline_leaf', 'inline_leaf', 'inline_leaf', 'inline_leaf', 'inline_leaf', 'inline_leaf', 'inline_leaf', 'inline_leaf']
t1_replicate native (2573, 1288) -> (1778, 1008) used=80 256.1s acc=['inline_call', 'inline_call', 'inline_leaf', 'inline_leaf', 'inline_leaf', 'inline_leaf', 'inline_leaf', 'inline_leaf', 'inline_leaf', 'inline_leaf', 'inline_leaf', 'inline_leaf', 'inline_leaf', 'inline_leaf', 'inline_leaf', 'inline_leaf', 'inline_leaf', 'inline_leaf', 'inline_leaf', 'inline_leaf', 'inline_leaf', 'inline_leaf', 'inline_leaf', 'inline_leaf', 'inline_leaf', 'inline_leaf']
t1_reverse bend (4428, 2313) -> (3300, 2066) used=80 236.3s acc=['opt40', 'inline_call', 'inline_call', 'inline_leaf', 'inline_leaf', 'inline_leaf', 'inline_leaf', 'inline_leaf', 'inline_leaf', 'inline_leaf', 'inline_leaf', 'inline_leaf', 'inline_leaf', 'inline_leaf']
t1_last bend (3612, 2313) -> (3354, 2072) used=80 475.4s acc=['inline_call', 'inline_call', 'inline_leaf', 'inline_leaf', 'inline_leaf', 'inline_leaf', 'inline_leaf', 'inline_leaf', 'inline_leaf', 'inline_leaf', 'inline_leaf', 'inline_leaf', 'inline_leaf', 'inline_leaf', 'inline_leaf', 'inline_leaf', 'inline_leaf', 'inline_leaf', 'inline_leaf', 'inline_leaf', 'inline_leaf', 'inline_leaf', 'inline_leaf', 'inline_leaf', 'inline_leaf', 'inline_leaf', 'inline_leaf+inline_leaf', 'inline_leaf', 'inline_leaf', 'inline_leaf', 'inline_leaf']
t2_argmin bend (8954, 6009) -> (8074, 5488) used=80 248.7s acc=['numopr_all', 'eqzi_all', 'inline_call', 'inline_call', 'inline_call', 'inline_call', 'inline_leaf', 'inline_leaf', 'inline_leaf', 'inline_leaf', 'inline_leaf', 'inline_leaf', 'inline_leaf', 'inline_leaf']
t2_inversions native (1049695, 5886) -> (902024, 5746) used=80 175.7s acc=['preset_all', 'inline_call', 'inline_call', 'inline_call', 'inline_call', 'inline_call']
t2_intersect native (10118, 5975) -> (8719, 5849) used=80 206.2s acc=['inline_call', 'inline_call', 'inline_call', 'inline_call', 'inline_call', 'inline_leaf', 'inline_leaf', 'inline_leaf']
t2_histogram bend (18883, 2361) -> (17421, 2233) used=80 229.4s acc=['opt40', 'eqzi_all', 'inline_call', 'inline_call', 'inline_call', 'inline_call', 'inline_call', 'inline_call', 'inline_call', 'inline_call+inline_leaf', 'inline_leaf', 'inline_leaf', 'inline_call']
t2_distinct_count native (42830, 21763) -> (33043, 20593) used=80 276.0s acc=['preset_all', 'inline_call', 'inline_call', 'inline_call', 'inline_call', 'inline_call', 'inline_call', 'inline_call', 'inline_call', 'inline_leaf', 'inline_leaf', 'inline_leaf', 'inline_leaf', 'inline_leaf', 'inline_leaf', 'inline_leaf', 'inline_leaf', 'inline_leaf', 'inline_leaf']
t2_histogram native (17693, 1828) -> (13745, 1823) used=80 262.9s acc=['opt40', 'opt400', 'eqzi_all', 'inline_call', 'inline_call', 'inline_call', 'inline_call', 'inline_call', 'inline_call', 'inline_call', 'inline_call', 'inline_call', 'inline_leaf', 'inline_leaf', 'inline_leaf', 'inline_leaf', 'inline_leaf', 'inline_leaf', 'inline_leaf']
t1_take bend (3652, 1905) -> (2931, 1799) used=80 350.9s acc=['opt40', 'opt400', 'numopr_all', 'eqzi_all', 'inline_call', 'inline_call', 'inline_call', 'inline_leaf', 'inline_leaf', 'inline_leaf', 'inline_leaf', 'inline_leaf', 'inline_leaf', 'inline_leaf', 'inline_leaf', 'inline_leaf', 'inline_leaf', 'inline_leaf', 'inline_leaf+erasub', 'inline_leaf+inline_leaf', 'inline_leaf', 'inline_leaf', 'inline_leaf']
t2_argmax bend (8568, 5880) -> (7935, 5394) used=80 378.1s acc=['inline_call', 'inline_call', 'inline_call', 'inline_leaf', 'inline_leaf', 'inline_leaf', 'inline_leaf', 'inline_leaf', 'inline_leaf', 'inline_leaf', 'inline_leaf', 'inline_leaf', 'inline_leaf', 'inline_leaf', 'inline_call', 'inline_leaf']
t2_kth_smallest native (424274, 10167) -> (376703, 10036) used=80 276.7s acc=['inline_call', 'inline_call', 'inline_call', 'inline_call', 'inline_call', 'inline_call', 'inline_leaf', 'inline_leaf', 'inline_leaf', 'inline_leaf', 'inline_leaf', 'inline_leaf', 'inline_leaf']
t2_intersect bend (11721, 7322) -> (10832, 6896) used=80 321.8s acc=['opt40', 'inline_call', 'inline_call', 'inline_call', 'inline_call', 'inline_call', 'inline_call', 'inline_call', 'inline_call', 'inline_call', 'inline_call', 'inline_call', 'inline_call', 'inline_call', 'inline_leaf', 'inline_leaf', 'inline_leaf', 'inline_leaf', 'inline_leaf', 'inline_leaf', 'inline_leaf']
t2_distinct_count bend (144656, 80796) -> (120871, 75104) used=80 375.9s acc=['opt40', 'eqzi_all', 'inline_call', 'inline_call', 'inline_call', 'inline_call', 'inline_call', 'inline_call', 'inline_call', 'inline_call', 'inline_call', 'inline_call', 'inline_call', 'inline_leaf', 'inline_leaf', 'inline_leaf', 'inline_leaf', 'inline_leaf', 'inline_leaf', 'inline_leaf', 'inline_leaf']
t2_lis native (66412, 5169) -> (58536, 5166) used=80 247.6s acc=['inline_call', 'inline_call', 'inline_call', 'inline_call', 'inline_call', 'inline_call', 'inline_leaf', 'inline_leaf', 'inline_leaf', 'inline_leaf', 'inline_leaf', 'inline_leaf', 'inline_leaf']
t2_second_largest bend (8302, 5199) -> (7294, 4695) used=80 157.7s acc=['numopr_all', 'eqzi_all', 'inline_call', 'inline_call', 'inline_call', 'inline_call', 'inline_leaf', 'inline_leaf', 'inline_leaf']
t2_longest_run native (9007, 5034) -> (7493, 4602) used=80 227.7s acc=['opt40', 'inline_call', 'inline_call', 'inline_call', 'inline_call', 'inline_leaf', 'inline_leaf', 'inline_leaf', 'inline_leaf', 'inline_leaf']
t2_inversions bend (204531, 18658) -> (163694, 16740) used=80 349.3s acc=['opt40', 'numopr_all', 'eqzi_all', 'inline_call', 'inline_call', 'inline_call', 'inline_call', 'inline_call', 'inline_call', 'inline_call', 'inline_call', 'inline_call', 'inline_call', 'inline_call', 'inline_call', 'inline_leaf', 'inline_leaf', 'inline_leaf', 'inline_leaf', 'inline_leaf', 'inline_leaf']
t2_kth_smallest bend (505120, 12685) -> (364058, 11947) used=80 347.2s acc=['opt40', 'numopr_all', 'inline_call', 'inline_call', 'inline_call', 'inline_call', 'inline_call', 'inline_call', 'inline_leaf', 'inline_leaf', 'inline_leaf', 'inline_leaf', 'inline_leaf', 'inline_leaf', 'inline_leaf', 'inline_leaf', 'inline_leaf', 'inline_leaf']
t2_second_largest native (15576, 8929) -> (13306, 8419) used=80 234.1s acc=['preset_all', 'inline_call', 'inline_call', 'inline_call', 'inline_call', 'inline_call', 'inline_call', 'inline_call', 'inline_leaf', 'inline_leaf', 'inline_leaf', 'inline_leaf', 'inline_leaf', 'inline_leaf', 'inline_leaf', 'inline_leaf', 'inline_leaf']
t2_longest_run bend (9759, 4893) -> (8762, 4447) used=80 246.0s acc=['inline_call', 'inline_call', 'inline_call', 'inline_call', 'inline_call', 'inline_call', 'inline_call', 'inline_call', 'inline_leaf', 'inline_leaf', 'inline_leaf', 'inline_leaf', 'inline_leaf', 'inline_leaf', 'inline_leaf', 'inline_leaf', 'inline_leaf', 'inline_leaf', 'inline_leaf', 'inline_leaf', 'inline_leaf']
t2_sort_desc bend (165619, 10538) -> (130030, 8860) used=80 264.4s acc=['opt40', 'numopr_all', 'eqzi_all', 'inline_call', 'inline_call', 'inline_call', 'inline_call', 'inline_call', 'inline_call', 'inline_call', 'inline_call', 'inline_call', 'inline_leaf', 'inline_leaf', 'inline_leaf', 'inline_leaf', 'inline_leaf', 'inline_leaf', 'inline_leaf', 'inline_leaf']
t2_lis bend (76774, 5771) -> (58415, 5472) used=80 380.0s acc=['opt40', 'numopr_all', 'inline_call', 'inline_call', 'inline_call', 'inline_call', 'inline_call', 'inline_call', 'inline_leaf', 'inline_leaf', 'inline_leaf', 'inline_leaf', 'inline_leaf', 'inline_leaf', 'inline_leaf', 'inline_leaf', 'inline_leaf', 'inline_leaf', 'inline_leaf', 'inline_leaf', 'inline_leaf', 'inline_leaf', 'inline_leaf', 'inline_leaf', 'inline_leaf', 'inline_leaf']
t2_sort_pairs bend (153516, 14722) -> (118854, 12588) used=80 299.1s acc=['opt40', 'numopr_all', 'eqzi_all', 'inline_call', 'inline_call', 'inline_call', 'inline_call', 'inline_call', 'inline_call', 'inline_call', 'inline_call', 'inline_call', 'inline_call', 'inline_call', 'inline_leaf', 'inline_leaf', 'inline_leaf', 'inline_leaf', 'inline_leaf', 'inline_leaf', 'inline_leaf', 'inline_leaf', 'erasub', 'inline_leaf', 'inline_leaf', 'inline_leaf']
t2_top_k bend (227776, 9246) -> (185968, 8645) used=80 224.7s acc=['opt40', 'numopr_all', 'eqzi_all', 'inline_call', 'inline_call', 'inline_call', 'inline_call', 'inline_call', 'inline_call', 'inline_call', 'inline_call', 'inline_call', 'inline_call', 'inline_call', 'inline_leaf', 'inline_leaf', 'inline_leaf', 'inline_leaf', 'inline_leaf', 'inline_leaf', 'inline_leaf', 'inline_leaf+inline_leaf']
t3_cheapest_k_walk native ERR baseline failed seed0
t3_budget_reach bend (51142, 9421) -> (47776, 9281) used=80 131.3s acc=['opt40', 'numopr_all', 'eqzi_all', 'inline_call', 'inline_call', 'inline_call', 'inline_call', 'inline_call', 'inline_call', 'inline_call', 'inline_call', 'inline_call', 'inline_call', 'inline_call', 'inline_leaf', 'inline_leaf', 'inline_leaf']
t2_sort_desc native (438283, 10828) -> (377938, 10333) used=80 372.6s acc=['inline_call', 'inline_call', 'inline_call', 'inline_call', 'inline_leaf', 'inline_leaf', 'inline_leaf', 'inline_leaf', 'inline_leaf', 'inline_leaf', 'inline_leaf', 'inline_leaf', 'inline_leaf', 'inline_leaf', 'inline_leaf', 'inline_leaf', 'inline_leaf', 'inline_leaf', 'inline_leaf', 'inline_leaf', 'inline_leaf', 'inline_leaf', 'inline_leaf', 'inline_leaf', 'inline_leaf', 'inline_leaf', 'inline_leaf', 'inline_leaf', 'inline_leaf', 'inline_leaf', 'inline_leaf', 'inline_leaf']
t2_sort_pairs native (466632, 8997) -> (403051, 8570) used=80 356.5s acc=['inline_call', 'inline_call', 'inline_call', 'inline_call', 'inline_leaf', 'inline_leaf', 'inline_leaf', 'inline_leaf', 'inline_leaf', 'inline_leaf', 'inline_leaf', 'inline_leaf', 'inline_leaf', 'inline_leaf', 'inline_leaf', 'inline_leaf', 'inline_leaf', 'inline_leaf', 'inline_leaf', 'inline_leaf', 'inline_leaf', 'inline_leaf', 'inline_leaf', 'inline_leaf', 'inline_leaf', 'inline_leaf', 'inline_leaf', 'inline_leaf']
t2_top_k native (398411, 9466) -> (338806, 8874) used=80 377.7s acc=['inline_call', 'inline_call', 'inline_call', 'inline_call', 'inline_call', 'inline_call', 'inline_leaf', 'inline_leaf', 'inline_leaf', 'inline_leaf', 'inline_leaf', 'inline_leaf', 'inline_leaf', 'inline_leaf', 'inline_leaf', 'inline_leaf', 'inline_leaf', 'inline_leaf', 'inline_leaf', 'inline_leaf', 'inline_leaf', 'inline_leaf', 'inline_leaf', 'inline_leaf', 'inline_leaf', 'inline_leaf', 'inline_leaf', 'inline_leaf', 'inline_leaf', 'inline_leaf', 'inline_leaf', 'inline_leaf', 'inline_leaf', 'inline_leaf', 'inline_leaf', 'inline_leaf', 'inline_leaf', 'inline_leaf', 'inline_leaf', 'inline_leaf', 'inline_leaf', 'inline_leaf', 'inline_leaf', 'inline_leaf', 'inline_leaf']
t3_bipartite_matching native (822631, 261301) -> (722668, 224056) used=80 317.7s acc=['preset_all', 'inline_call', 'inline_call', 'inline_call', 'inline_call', 'inline_call', 'inline_call', 'inline_call', 'inline_call', 'inline_call', 'inline_call', 'inline_call', 'inline_call', 'inline_call', 'inline_call', 'inline_call', 'inline_call', 'inline_call', 'inline_call', 'inline_call', 'inline_leaf', 'inline_leaf', 'inline_leaf', 'inline_leaf', 'inline_leaf', 'inline_leaf', 'inline_leaf', 'inline_leaf', 'inline_leaf', 'inline_leaf', 'inline_leaf', 'inline_leaf', 'inline_leaf', 'inline_leaf', 'inline_leaf', 'inline_call+litfirst', 'inline_leaf', 'inline_leaf', 'inline_leaf']
t3_degrees bend (72267, 2473) -> (61328, 2467) used=80 125.9s acc=['opt40', 'eqzi_all', 'inline_call', 'inline_call', 'inline_call', 'inline_call', 'inline_call', 'inline_call', 'inline_call', 'inline_call', 'inline_call', 'inline_call', 'inline_leaf', 'inline_leaf', 'inline_leaf', 'inline_leaf', 'inline_leaf', 'inline_leaf', 'inline_leaf']
t3_bfs_order native (1216689, 651215) -> (1104438, 650953) used=80 385.0s acc=['opt40', 'inline_call', 'inline_call', 'inline_call', 'inline_call', 'inline_call', 'inline_call', 'inline_call', 'inline_call', 'inline_call', 'inline_call', 'inline_call', 'inline_call', 'inline_call', 'inline_call', 'inline_call', 'inline_call', 'inline_call', 'inline_call', 'inline_leaf', 'inline_leaf', 'inline_leaf', 'inline_leaf', 'inline_leaf', 'inline_leaf']
t3_degrees native (333204, 4856) -> (282991, 4856) used=80 202.8s acc=['inline_call', 'inline_call', 'inline_call', 'inline_call', 'inline_call', 'inline_call', 'inline_call', 'inline_leaf', 'inline_leaf', 'inline_leaf', 'inline_leaf', 'inline_leaf', 'inline_leaf', 'inline_leaf', 'inline_leaf', 'inline_leaf', 'inline_leaf', 'inline_leaf', 'inline_leaf', 'inline_leaf', 'inline_leaf', 'inline_leaf', 'inline_leaf', 'inline_leaf', 'inline_leaf', 'inline_leaf', 'inline_leaf', 'inline_leaf', 'inline_leaf', 'inline_leaf', 'inline_leaf', 'inline_leaf', 'inline_leaf', 'inline_leaf', 'inline_leaf', 'inline_leaf', 'inline_leaf', 'inline_leaf', 'inline_leaf']
t3_bipartite_matching bend (1282652, 133146) -> (1236195, 133076) used=80 414.3s acc=['opt40', 'inline_call', 'inline_call', 'inline_call', 'inline_call', 'inline_call', 'inline_call', 'inline_call', 'inline_call', 'inline_call', 'inline_call', 'inline_call', 'inline_call', 'inline_call', 'inline_call', 'inline_call', 'inline_call', 'inline_call', 'inline_call', 'inline_call', 'inline_call', 'inline_call', 'inline_call', 'inline_call', 'inline_leaf', 'inline_leaf', 'inline_leaf', 'inline_leaf', 'inline_leaf', 'inline_leaf', 'inline_leaf', 'litfirst', 'litfirst', 'inline_leaf']
t3_bfs_order bend (1516890, 697859) -> (1405370, 664954) used=80 444.0s acc=['opt40', 'eqzi_all', 'inline_call', 'inline_call', 'inline_call', 'inline_call', 'inline_call', 'inline_call', 'inline_call', 'inline_call', 'inline_call', 'inline_call', 'inline_call', 'inline_call', 'inline_call', 'inline_call', 'inline_call', 'inline_call', 'inline_call', 'inline_call', 'inline_call', 'inline_leaf', 'inline_leaf', 'inline_leaf', 'inline_leaf', 'inline_leaf', 'inline_leaf', 'inline_leaf+inline_leaf', 'inline_leaf']
t3_bridges bend (1256605, 180508) -> (1202997, 180507) used=80 407.8s acc=['opt40', 'inline_call', 'inline_call', 'inline_call', 'inline_call', 'inline_call', 'inline_call', 'inline_call', 'inline_call', 'inline_call', 'inline_call', 'inline_call', 'inline_call', 'inline_call', 'inline_call', 'inline_call', 'inline_call', 'inline_call', 'inline_call', 'inline_call', 'inline_call', 'inline_call', 'eqzi', 'eqzi', 'inline_call', 'eqzi']
t3_kcore_size bend (1650287, 55423) -> (1648215, 55326) used=80 124.2s acc=['eqzi_all']
t3_cycle_rank bend (1470499, 218269) -> (1338046, 194158) used=80 303.8s acc=['opt40', 'eqzi_all', 'inline_call', 'inline_call', 'inline_call', 'inline_call', 'inline_call', 'inline_call', 'inline_call', 'inline_call', 'inline_call', 'inline_leaf', 'inline_leaf', 'inline_leaf', 'inline_leaf', 'inline_leaf', 'inline_leaf', 'litfirst', 'eqzi']
t3_reach_count native (77254, 36301) -> (68324, 32700) used=80 69.1s acc=['preset_all', 'inline_call', 'inline_call', 'inline_call', 'inline_call', 'inline_call', 'inline_leaf']
t3_cycle_rank native (1015035, 198896) -> (895515, 198775) used=80 333.0s acc=['inline_call', 'inline_call', 'inline_call', 'inline_call', 'inline_call', 'inline_call', 'inline_call', 'inline_call', 'inline_call', 'inline_call', 'inline_leaf', 'inline_leaf', 'inline_leaf', 'inline_leaf', 'inline_leaf', 'inline_leaf', 'inline_leaf', 'inline_leaf', 'inline_leaf', 'inline_leaf', 'inline_leaf', 'inline_leaf', 'inline_leaf', 'inline_leaf', 'inline_leaf', 'inline_leaf', 'inline_leaf', 'inline_leaf', 'inline_leaf', 'inline_leaf', 'inline_leaf', 'inline_leaf', 'inline_leaf', 'inline_leaf', 'inline_leaf', 'inline_leaf', 'inline_leaf', 'inline_leaf', 'cutwire']
t3_reach_count bend (196234, 87014) -> (182310, 85187) used=80 97.1s acc=['opt40', 'numopr_all', 'inline_call', 'inline_call', 'inline_call', 'inline_call', 'inline_call', 'swapkids+inline_leaf', 'inline_call']
t3_eccentricities bend ERR baseline probe failed
t3_walk_count bend ERR baseline probe failed
t3_eccentricities native ERR baseline failed seed0
t3_line_graph_edges native (1042255, 385590) -> (940526, 369818) used=80 195.2s acc=['inline_call', 'inline_call', 'inline_call', 'inline_call', 'inline_call', 'inline_leaf', 'inline_leaf']
t3_forest_mis native (606486, 82118) -> (547248, 82117) used=80 302.4s acc=['opt40', 'inline_call', 'inline_call', 'inline_call', 'inline_call', 'inline_call', 'inline_call', 'inline_call', 'inline_call', 'inline_call', 'inline_call', 'inline_call', 'inline_call', 'inline_call', 'inline_call', 'inline_call', 'inline_call', 'inline_call', 'inline_call', 'inline_call', 'inline_call', 'inline_call', 'inline_call', 'inline_call', 'inline_call', 'inline_leaf', 'inline_leaf', 'inline_leaf', 'inline_leaf', 'inline_leaf']
t4_bst_lca native (1491, 73) -> (1487, 72) used=80 54.4s acc=['inline_call']
t3_line_graph_edges bend (1092212, 6218) -> (1024259, 6034) used=80 224.9s acc=['inline_call', 'inline_call', 'inline_call', 'inline_call', 'inline_call', 'inline_leaf', 'inline_leaf', 'inline_leaf', 'inline_leaf', 'inline_leaf', 'inline_leaf', 'inline_leaf']
t4_bst_lca bend (2214, 94) -> (2209, 92) used=80 70.9s acc=['inline_call', 'inline_leaf']
t3_forest_mis bend (998373, 166010) -> (922668, 164448) used=80 342.4s acc=['opt40', 'inline_call', 'inline_call', 'inline_call', 'inline_call', 'inline_call', 'inline_call', 'inline_call', 'inline_call', 'inline_call', 'inline_call', 'inline_call', 'inline_call', 'inline_call', 'inline_call', 'inline_call', 'inline_call', 'inline_call', 'inline_call', 'inline_call', 'inline_call', 'inline_call', 'inline_call', 'inline_call', 'inline_call', 'inline_leaf', 'inline_leaf', 'inline_leaf', 'inline_leaf', 'inline_leaf', 'inline_leaf', 'inline_leaf', 'inline_leaf', 'litfirst', 'eqzi', 'inline_leaf']
t4_expr_depth native (3233, 251) -> (2879, 250) used=80 30.1s acc=['inline_call', 'inline_call', 'inline_call']
t4_eval_ast native (2387, 272) -> (2034, 272) used=80 81.6s acc=['inline_call', 'inline_call', 'inline_call', 'inline_call', 'inline_leaf']
t3_cc_largest bend (1493869, 70099) -> (1463827, 69490) used=80 613.3s acc=['numopr_all', 'eqzi_all', 'inline_call', 'inline_call', 'inline_call', 'inline_call', 'inline_call', 'inline_call', 'inline_call', 'inline_call', 'inline_call', 'inline_call', 'inline_call', 'inline_call', 'inline_call', 'inline_call', 'inline_call', 'inline_call', 'inline_call', 'inline_call', 'inline_call', 'inline_call', 'inline_call', 'inline_call', 'inline_call', 'inline_call', 'inline_leaf', 'litfirst']
t4_paren_depth native (5761, 3442) -> (4789, 3095) used=80 45.7s acc=['preset_all', 'inline_call', 'inline_call', 'inline_call', 'inline_call']
t4_eval_ast bend (2544, 436) -> (2463, 425) used=80 102.8s acc=['inline_call', 'inline_call', 'inline_call', 'inline_call', 'inline_call', 'inline_call', 'inline_call', 'inline_call', 'inline_call', 'inline_call', 'inline_call', 'inline_leaf', 'inline_leaf', 'inline_leaf']
t3_walk_count native (6655009, 37855) -> (6655009, 37855) used=80 219.4s acc=['inline_call']
t3_wsp_all_from native ERR baseline probe failed
t4_paren_match native (12320, 2742) -> (9291, 2564) used=80 63.5s acc=['preset_all', 'inline_call', 'inline_call', 'inline_call', 'inline_call', 'inline_call', 'inline_leaf', 'erasub']
t4_paren_unmatched native (4766, 3001) -> (4147, 2824) used=80 57.0s acc=['inline_call', 'inline_call', 'inline_call', 'inline_leaf']
t4_paren_depth bend (6022, 3448) -> (5488, 3267) used=80 111.6s acc=['inline_call', 'inline_call', 'inline_call', 'inline_call', 'inline_leaf', 'inline_leaf', 'inline_leaf', 'inline_leaf', 'inline_leaf', 'inline_leaf', 'inline_leaf', 'inline_leaf', 'inline_leaf', 'inline_leaf']
t4_print native (4822, 170) -> (3432, 160) used=80 87.9s acc=['inline_call', 'inline_call', 'inline_call', 'inline_call', 'inline_call', 'inline_call', 'inline_call', 'inline_call', 'inline_call', 'inline_leaf', 'preset', 'preset', 'preset', 'preset']
t4_paren_unmatched bend (4634, 3531) -> (4297, 3371) used=80 100.7s acc=['eqzi_all', 'inline_call', 'inline_call', 'inline_call', 'inline_call', 'inline_call', 'inline_leaf', 'inline_leaf', 'inline_leaf', 'inline_leaf', 'inline_leaf', 'inline_leaf', 'inline_leaf', 'opsym+inline_leaf', 'inline_leaf', 'inline_call+inline_leaf']
t4_paren_match bend (467823, 2824) -> (463773, 2623) used=80 131.5s acc=['opt40', 'inline_call', 'inline_call', 'inline_call', 'inline_call', 'inline_call', 'inline_call', 'inline_call', 'inline_call', 'inline_leaf', 'inline_leaf', 'inline_leaf', 'inline_leaf', 'inline_leaf', 'inline_leaf', 'inline_leaf']
t4_print bend (4730, 182) -> (3160, 171) used=80 133.2s acc=['opt40', 'numopr_all', 'inline_call', 'inline_call', 'inline_call', 'inline_call', 'inline_call', 'inline_leaf', 'inline_leaf', 'inline_leaf', 'inline_leaf', 'inline_leaf', 'inline_leaf']
t4_expr_depth bend (3357, 368) -> (3131, 360) used=80 222.2s acc=['numopr_all', 'inline_call', 'inline_call', 'inline_call', 'inline_call', 'inline_call', 'inline_call', 'inline_call', 'inline_call', 'inline_call', 'inline_call', 'inline_call', 'inline_call', 'inline_call', 'inline_call', 'inline_leaf', 'inline_leaf', 'inline_call', 'inline_leaf', 'inline_leaf', 'inline_leaf', 'inline_call']
t3_kcore_size native (2634925, 624405) -> (2158263, 590368) used=80 562.1s acc=['opt40', 'preset_all', 'inline_call', 'inline_call', 'inline_call', 'inline_call', 'inline_call', 'inline_call', 'inline_call', 'inline_call', 'inline_call', 'inline_call', 'inline_call', 'inline_call', 'inline_call', 'inline_call', 'inline_call', 'inline_call', 'inline_call', 'inline_leaf', 'inline_leaf', 'inline_leaf', 'inline_leaf', 'inline_leaf']
t4_tokenize native (5929, 3518) -> (4997, 3452) used=80 84.4s acc=['inline_call', 'inline_call', 'inline_call', 'inline_call', 'inline_call', 'inline_call', 'inline_call', 'inline_call', 'preset', 'preset', 'preset', 'preset', 'preset']
t4_regmachine native (19646, 1260) -> (15863, 1254) used=80 179.6s acc=['opt40', 'inline_call', 'inline_call', 'inline_call', 'inline_call', 'inline_call', 'inline_call', 'inline_call', 'inline_call', 'inline_call', 'inline_call', 'inline_call', 'inline_call', 'inline_call', 'inline_call', 'inline_call', 'inline_call', 'inline_call', 'inline_call', 'inline_call', 'inline_call', 'inline_leaf', 'inline_leaf', 'inline_leaf', 'inline_leaf', 'inline_leaf']
t4_regmachine bend (20791, 11151) -> (19947, 10940) used=80 179.8s acc=['opt40', 'eqzi_all', 'inline_call', 'inline_call', 'inline_call', 'inline_call', 'inline_call', 'inline_call', 'inline_call', 'inline_call', 'inline_call', 'inline_call', 'inline_call', 'inline_call', 'inline_call', 'inline_call', 'inline_call', 'inline_call', 'inline_call', 'inline_call', 'inline_call', 'inline_call', 'inline_call', 'inline_leaf', 'inline_leaf', 'inline_leaf', 'inline_leaf']
t4_sat_count native (4535, 386) -> (4159, 372) used=80 161.4s acc=['preset_all', 'inline_call', 'inline_call', 'inline_call', 'inline_call', 'inline_call', 'inline_call', 'inline_call', 'inline_leaf']
t4_tree_path_sums native (9785, 456) -> (7980, 455) used=80 67.5s acc=['inline_call', 'inline_call', 'inline_call']
t4_tree_max_path_sum native (9728, 317) -> (8262, 317) used=80 101.4s acc=['opt40', 'inline_call', 'inline_leaf']
t4_sat_count bend (5119, 395) -> (4457, 359) used=80 202.4s acc=['numopr_all', 'eqzi_all', 'inline_call', 'inline_call', 'inline_call', 'inline_call', 'inline_call', 'inline_call', 'inline_call', 'inline_leaf', 'inline_leaf', 'inline_leaf', 'inline_leaf', 'inline_leaf', 'inline_leaf', 'inline_leaf', 'inline_leaf', 'inline_leaf', 'inline_leaf']
t4_tokenize bend (8487, 5596) -> (6729, 4942) used=80 131.6s acc=['opt40', 'numopr_all', 'eqzi_all', 'inline_call', 'inline_call', 'inline_call', 'inline_call', 'inline_call', 'inline_call', 'inline_call', 'inline_call', 'inline_leaf', 'inline_leaf', 'inline_leaf', 'inline_leaf', 'inline_leaf', 'inline_leaf', 'inline_leaf', 'inline_leaf', 'inline_leaf', 'inline_leaf', 'inline_leaf+inline_leaf', 'inline_leaf']
t4_stack_vm bend (6982, 4099) -> (6269, 4024) used=80 177.6s acc=['opt40', 'eqzi_all', 'inline_call', 'inline_call', 'inline_call', 'inline_call', 'inline_call', 'inline_call', 'inline_call', 'inline_call', 'inline_call', 'inline_call', 'inline_call', 'inline_call', 'inline_call', 'inline_leaf', 'inline_leaf', 'inline_leaf', 'inline_leaf', 'inline_leaf', 'inline_leaf', 'inline_leaf', 'inline_leaf']
