b1 seed0 t1_count_even: PASS attempts=3 tokens=39458 usd=0.0091
b1 seed0 t1_drop: PASS attempts=3 tokens=42090 usd=0.0096
b1 seed0 t1_fibonacci: PASS attempts=3 tokens=47233 usd=0.0109
b1 seed0 t1_append: PASS attempts=3 tokens=40653 usd=0.0093
b1 seed0 t1_factorial: PASS attempts=3 tokens=56675 usd=0.0142
b1 seed0 t1_dot: PASS attempts=3 tokens=53373 usd=0.0131
b1 seed0 t1_gcd: PASS attempts=3 tokens=30972 usd=0.0060
b1 seed0 t1_bignum_mul_small: PASS attempts=3 tokens=58511 usd=0.0144
b1 seed0 t1_last: PASS attempts=3 tokens=36659 usd=0.0079
b1 seed0 t1_collatz: PASS attempts=3 tokens=69413 usd=0.0177
b1 seed0 t1_filter_gt: PASS attempts=3 tokens=46132 usd=0.0108
b1 seed0 t1_filter_even: PASS attempts=3 tokens=47144 usd=0.0113
b1 seed0 t1_map_inc: PASS attempts=3 tokens=42532 usd=0.0097
b1 seed0 t1_map_double: PASS attempts=3 tokens=43397 usd=0.0098
b1 seed0 t1_length: PASS attempts=3 tokens=40591 usd=0.0096
b1 seed0 t1_bignum_add: PASS attempts=3 tokens=102058 usd=0.0276
b1 seed0 t1_bignum_mul: PASS attempts=3 tokens=81615 usd=0.0229
b1 seed0 t1_nth: PASS attempts=3 tokens=41030 usd=0.0094
b1 seed0 t1_max: PASS attempts=3 tokens=49381 usd=0.0121
b1 seed0 t1_min: PASS attempts=3 tokens=46919 usd=0.0119
b1 seed0 t1_product: PASS attempts=3 tokens=38825 usd=0.0087
b1 seed0 t1_range: PASS attempts=3 tokens=45257 usd=0.0107
b1 seed0 t1_sum: PASS attempts=3 tokens=43495 usd=0.0098
b1 seed0 t1_reverse: PASS attempts=3 tokens=44011 usd=0.0102
b1 seed0 t1_popcount: PASS attempts=3 tokens=58592 usd=0.0146
b1 seed0 t1_take: PASS attempts=3 tokens=42526 usd=0.0095
b1 seed0 t1_powmod: PASS attempts=3 tokens=57189 usd=0.0152
b1 seed0 t1_zip_add: PASS attempts=3 tokens=41464 usd=0.0092
b1 seed0 t1_replicate: PASS attempts=3 tokens=46126 usd=0.0118
b1 seed0 t1_prefix_sums: PASS attempts=3 tokens=54184 usd=0.0131
b1 seed0 t2_count_in_range: PASS attempts=3 tokens=37108 usd=0.0081
b1 seed0 t2_closest: PASS attempts=3 tokens=41702 usd=0.0095
b1 seed0 t2_argmax: PASS attempts=3 tokens=44971 usd=0.0105
b1 seed0 t2_distinct_count: PASS attempts=3 tokens=44104 usd=0.0102
b1 seed0 t2_dedup_sorted: PASS attempts=3 tokens=47481 usd=0.0116
b1 seed0 t2_is_sorted: PASS attempts=3 tokens=47594 usd=0.0115
b1 seed0 t2_intersect: PASS attempts=3 tokens=57155 usd=0.0138
b1 seed0 t2_histogram: PASS attempts=3 tokens=58077 usd=0.0140
b1 seed0 t2_inversions: PASS attempts=3 tokens=60726 usd=0.0148
b1 seed0 t2_argmin: PASS attempts=3 tokens=65679 usd=0.0171
b1 seed0 t2_lower_bound: PASS attempts=3 tokens=39087 usd=0.0088
b1 seed0 t2_median: PASS attempts=3 tokens=44268 usd=0.0099
b1 seed0 t2_kth_smallest: PASS attempts=3 tokens=55073 usd=0.0140
b1 seed0 t2_partition: PASS attempts=3 tokens=34538 usd=0.0072
b1 seed0 t2_longest_run: PASS attempts=3 tokens=64776 usd=0.0166
b1 seed0 t2_mode: PASS attempts=3 tokens=45340 usd=0.0106
b1 seed0 t2_merge3: PASS attempts=3 tokens=53790 usd=0.0127
b1 seed0 t2_lis: PASS attempts=3 tokens=75343 usd=0.0195
b1 seed0 t2_merge: PASS attempts=3 tokens=71934 usd=0.0187
b1 seed0 t2_merge_dedup: PASS attempts=3 tokens=64654 usd=0.0161
b1 seed0 t2_rank: PASS attempts=3 tokens=48320 usd=0.0118
b1 seed0 t2_search: PASS attempts=3 tokens=53804 usd=0.0130
b1 seed0 t2_second_largest: PASS attempts=3 tokens=53196 usd=0.0131
b1 seed0 t2_sort_pairs: PASS attempts=3 tokens=42531 usd=0.0093
b1 seed0 t2_sort_dedup: PASS attempts=3 tokens=43258 usd=0.0103
b1 seed0 t2_sort_desc: PASS attempts=3 tokens=42829 usd=0.0100
b1 seed0 t2_sort: PASS attempts=3 tokens=71487 usd=0.0183
b1 seed0 t2_top_k: PASS attempts=4 tokens=70834 usd=0.0169
b1 seed0 t2_upper_bound: PASS attempts=3 tokens=49804 usd=0.0130
b1 seed0 t3_bfs_order: PASS attempts=3 tokens=63302 usd=0.0157
b1 seed0 t3_bipartite_comps: PASS attempts=3 tokens=78274 usd=0.0198
b1 seed0 t3_apsp_matrix: PASS attempts=3 tokens=79495 usd=0.0202
b1 seed0 t3_bridges: PASS attempts=3 tokens=73343 usd=0.0179
b1 seed0 t3_bipartite_matching: PASS attempts=3 tokens=86504 usd=0.0214
b1 seed0 t2_union: PASS attempts=3 tokens=69699 usd=0.0179
b1 seed0 t3_budget_reach: PASS attempts=3 tokens=69773 usd=0.0167
b1 seed0 t3_articulation_points: PASS attempts=6 tokens=134022 usd=0.0264
b1 seed0 t3_articulation: PASS attempts=3 tokens=81146 usd=0.0192
b1 seed0 t3_cc_count: PASS attempts=5 tokens=82165 usd=0.0164
b1 seed0 t3_bfs_dist: PASS attempts=3 tokens=69661 usd=0.0166
b1 seed0 t3_cc_largest: PASS attempts=3 tokens=66563 usd=0.0163
b1 seed0 t3_cc_label: PASS attempts=3 tokens=81508 usd=0.0212
b1 seed0 t3_count_shortest_paths: PASS attempts=3 tokens=76238 usd=0.0183
b1 seed0 t3_cyclic_vertices: PASS attempts=3 tokens=57124 usd=0.0136
b1 seed0 t3_degrees: PASS attempts=3 tokens=48788 usd=0.0117
b1 seed0 t3_closure_size: PASS attempts=3 tokens=91939 usd=0.0233
b1 seed0 t3_dag_longest: PASS attempts=3 tokens=71902 usd=0.0185
b1 seed0 t3_cycle_rank: PASS attempts=3 tokens=84727 usd=0.0221
b1 seed0 t3_cheapest_k_walk: PASS attempts=3 tokens=93031 usd=0.0237
b1 seed0 t3_greedy_coloring: PASS attempts=4 tokens=67201 usd=0.0144
b1 seed0 t3_in_out_degrees: PASS attempts=3 tokens=50580 usd=0.0120
b1 seed0 t3_euler_start: PASS attempts=4 tokens=91654 usd=0.0207
b1 seed0 t3_forest_mis: PASS attempts=3 tokens=87568 usd=0.0216
b1 seed0 t3_kcore_size: PASS attempts=3 tokens=69358 usd=0.0170
b1 seed0 t3_khop: PASS attempts=3 tokens=67983 usd=0.0167
b1 seed0 t3_line_graph_edges: PASS attempts=3 tokens=66182 usd=0.0168
b1 seed0 t3_eccentricities: PASS attempts=4 tokens=78287 usd=0.0169
b1 seed0 t3_max_degree_vertex: PASS attempts=3 tokens=54594 usd=0.0140
b1 seed0 t3_clique_number: FAIL attempts=5 tokens=138959 usd=0.0305
b1 seed0 t3_girth: PASS attempts=4 tokens=148960 usd=0.0363
b1 seed0 t3_lex_shortest_path: PASS attempts=4 tokens=140376 usd=0.0332
b1 seed0 t3_msf_weight: PASS attempts=3 tokens=77153 usd=0.0189
b1 seed0 t3_reach_queries: PASS attempts=3 tokens=68776 usd=0.0155
b1 seed0 t3_reach_count: PASS attempts=3 tokens=68796 usd=0.0172
b1 seed0 t3_sources_sinks: PASS attempts=3 tokens=56016 usd=0.0135
b1 seed0 t3_minimax_path: PASS attempts=3 tokens=75420 usd=0.0184
b1 seed0 t3_max_flow: FAIL attempts=5 tokens=196416 usd=0.0429
b1 seed0 t3_scc_label: PASS attempts=4 tokens=121415 usd=0.0282
b1 seed0 t3_mst_second: PASS attempts=3 tokens=112485 usd=0.0285
b1 seed0 t3_sp_len: PASS attempts=3 tokens=77788 usd=0.0197
b1 seed0 t3_sp_count: PASS attempts=3 tokens=73007 usd=0.0189
b1 seed0 t3_tree_parents: PASS attempts=4 tokens=83027 usd=0.0187
b1 seed0 t3_two_colour: PASS attempts=3 tokens=70350 usd=0.0164
b1 seed0 t3_topo_order: PASS attempts=3 tokens=87673 usd=0.0231
b1 seed0 t3_triangle_count: PASS attempts=3 tokens=78060 usd=0.0192
b1 seed0 t3_scc_count: PASS attempts=5 tokens=130382 usd=0.0276
b1 seed0 t4_bst_delete_min: FAIL attempts=5 tokens=56193 usd=0.0093
b1 seed0 t4_bst_insert: FAIL attempts=5 tokens=60705 usd=0.0100
b1 seed0 t4_deriv: FAIL attempts=5 tokens=63034 usd=0.0099
b1 seed0 t4_brackets3: PASS attempts=3 tokens=65308 usd=0.0166
b1 seed0 t4_bst_from_sorted: FAIL attempts=5 tokens=85233 usd=0.0181
b1 seed0 t4_bst_lca: PASS attempts=3 tokens=69168 usd=0.0172
b1 seed0 t3_wsp_all_from: PASS attempts=3 tokens=75056 usd=0.0194
b1 seed0 t4_eval_ast: PASS attempts=3 tokens=48950 usd=0.0112
b1 seed0 t4_bst_kth: PASS attempts=3 tokens=78923 usd=0.0203
b1 seed0 t3_wsp_dist: PASS attempts=3 tokens=70033 usd=0.0174
b1 seed0 t4_eval_str: PASS attempts=3 tokens=58659 usd=0.0134
b1 seed0 t3_walk_count: PASS attempts=3 tokens=100269 usd=0.0262
b1 seed0 t4_fold: FAIL attempts=5 tokens=98411 usd=0.0153
b1 seed0 t4_eval_rpn: PASS attempts=3 tokens=63626 usd=0.0159
b1 seed0 t4_nnf: FAIL attempts=5 tokens=79026 usd=0.0135
b1 seed0 t4_paren_depth: PASS attempts=3 tokens=55532 usd=0.0138
b1 seed0 t4_paren_unmatched: PASS attempts=3 tokens=43395 usd=0.0097
b1 seed0 t4_expr_depth: PASS attempts=3 tokens=75587 usd=0.0192
b1 seed0 t4_parse: PASS attempts=3 tokens=59849 usd=0.0134
b1 seed0 t4_paren_prefix: PASS attempts=3 tokens=70000 usd=0.0178
b1 seed0 t4_print: PASS attempts=3 tokens=60057 usd=0.0147
b1 seed0 t4_regmachine: PASS attempts=3 tokens=58494 usd=0.0134
b1 seed0 t4_paren_match: PASS attempts=3 tokens=81626 usd=0.0210
b1 seed0 t4_rle_encode: PASS attempts=3 tokens=63281 usd=0.0157
b1 seed0 t3_wiener_index: PASS attempts=4 tokens=117920 usd=0.0278
b1 seed0 t4_sat_count: PASS attempts=3 tokens=46904 usd=0.0106
b1 seed0 t4_to_rpn: PASS attempts=3 tokens=53609 usd=0.0116
b1 seed0 t4_tree_diameter: PASS attempts=3 tokens=37869 usd=0.0074
b1 seed0 t4_stack_vm: PASS attempts=3 tokens=66299 usd=0.0162
b1 seed0 t4_tokenize: PASS attempts=3 tokens=54032 usd=0.0134
b1 seed0 t4_tree_height: PASS attempts=3 tokens=60047 usd=0.0144
b1 seed0 t4_tree_inorder: PASS attempts=3 tokens=59811 usd=0.0145
b1 seed0 t4_tree_merge_add: FAIL attempts=5 tokens=61188 usd=0.0105
b1 seed0 t4_tree_fold_hash: PASS attempts=3 tokens=63112 usd=0.0158
b1 seed0 t4_tree_map_add: FAIL attempts=5 tokens=62833 usd=0.0115
b1 seed0 t4_tree_min_max: PASS attempts=3 tokens=42154 usd=0.0094
b1 seed0 t4_tree_level_order: PASS attempts=3 tokens=67620 usd=0.0168
b1 seed0 t4_tree_mirror: FAIL attempts=5 tokens=59148 usd=0.0105
b1 seed0 t4_tree_depth_count: PASS attempts=3 tokens=88461 usd=0.0232
b1 seed0 t4_tree_size: PASS attempts=3 tokens=35920 usd=0.0074
b1 seed0 t4_tree_max_path_sum: PASS attempts=3 tokens=62853 usd=0.0151
b1 seed0 t4_tree_postorder: PASS attempts=3 tokens=59849 usd=0.0145
b1 seed0 t4_tree_path_sums: PASS attempts=3 tokens=63185 usd=0.0161
b1 seed0 t4_tree_preorder: PASS attempts=3 tokens=68107 usd=0.0169
b1 seed0 t5_cluster_canon: PASS attempts=3 tokens=63451 usd=0.0151
b1 seed0 t5_cluster_closure_pairs: PASS attempts=3 tokens=65456 usd=0.0159
b1 seed0 t5_cluster_canon_of: PASS attempts=3 tokens=84148 usd=0.0213
b1 seed0 t5_cluster_count: PASS attempts=3 tokens=71600 usd=0.0177
b1 seed0 t5_cluster_largest: PASS attempts=3 tokens=52273 usd=0.0119
b1 seed0 t5_cluster_count_ge: PASS attempts=3 tokens=83585 usd=0.0222
b1 seed0 t5_cluster_histogram: PASS attempts=3 tokens=80126 usd=0.0205
b1 seed0 t5_cluster_emit: PASS attempts=3 tokens=90006 usd=0.0233
b1 seed0 t5_cluster_merge_count: PASS attempts=4 tokens=73506 usd=0.0149
b1 seed0 t5_cluster_implied_unproposed: PASS attempts=3 tokens=79626 usd=0.0198
b1 seed0 t5_cluster_list: PASS attempts=3 tokens=80010 usd=0.0204
b1 seed0 t5_cluster_label: PASS attempts=3 tokens=76340 usd=0.0195
b1 seed0 t5_cluster_singletons: PASS attempts=3 tokens=48968 usd=0.0121
b1 seed0 t5_cluster_members_of: PASS attempts=3 tokens=77149 usd=0.0196
b1 seed0 t5_cluster_same: PASS attempts=3 tokens=68585 usd=0.0170
b1 seed0 t5_conflict_count: PASS attempts=3 tokens=58485 usd=0.0139
b1 seed0 t5_cluster_sizes: PASS attempts=3 tokens=77217 usd=0.0192
b1 seed0 t5_conflict_pairs: PASS attempts=3 tokens=58815 usd=0.0147
b1 seed0 t5_decide_filter: PASS attempts=3 tokens=49028 usd=0.0113
b1 seed0 t5_decide_drop_known: PASS attempts=3 tokens=60600 usd=0.0144
b1 seed0 t5_conflict_flags: PASS attempts=3 tokens=78512 usd=0.0203
b1 seed0 t5_decide_count: PASS attempts=3 tokens=49363 usd=0.0114
b1 seed0 t5_decide_singleton: PASS attempts=3 tokens=39137 usd=0.0081
b1 seed0 t5_decide_order: PASS attempts=3 tokens=56331 usd=0.0139
b1 seed0 t5_decide_normalise: PASS attempts=3 tokens=54986 usd=0.0128
b1 seed0 t5_conflict_skipped: PASS attempts=3 tokens=92177 usd=0.0227
b1 seed0 t5_decide_stage_cap: PASS attempts=3 tokens=67191 usd=0.0166
b1 seed0 t5_decide_stage_idem: PASS attempts=3 tokens=63496 usd=0.0150
b1 seed0 t5_decide_top_k: PASS attempts=3 tokens=58618 usd=0.0141
b1 seed0 t5_metric_purity: PASS attempts=3 tokens=55570 usd=0.0126
b1 seed0 t5_metric_pairwise: PASS attempts=4 tokens=68341 usd=0.0147
b1 seed0 t5_metric_rand: PASS attempts=3 tokens=54248 usd=0.0130
b1 seed0 t5_conflict_greedy_cap: PASS attempts=5 tokens=178104 usd=0.0352
b1 seed0 t5_prop_conflict_keys: PASS attempts=3 tokens=65895 usd=0.0154
b1 seed0 t5_prop_distinct_per_key: PASS attempts=3 tokens=58409 usd=0.0146
b1 seed0 t5_prop_merged: PASS attempts=3 tokens=62993 usd=0.0142
b1 seed0 t5_prop_conflicts: PASS attempts=4 tokens=95101 usd=0.0221
b1 seed0 t5_prop_majority: PASS attempts=3 tokens=71574 usd=0.0177
b1 seed0 t5_conflict_greedy: PASS attempts=7 tokens=264533 usd=0.0482
b1 seed0 t5_reconcile_canon: PASS attempts=3 tokens=64767 usd=0.0159
b1 seed0 t5_rewrite_collapsed: PASS attempts=4 tokens=62240 usd=0.0126
b1 seed0 t5_reconcile_canon_mnl: PASS attempts=4 tokens=111823 usd=0.0248
b1 seed0 t5_rewrite_neighbours: PASS attempts=3 tokens=57414 usd=0.0132
b1 seed0 t5_rewrite_edges: PASS attempts=3 tokens=56666 usd=0.0135
b1 seed0 t5_reconcile_full: PASS attempts=3 tokens=98387 usd=0.0233
b1 seed0 t5_rewrite_degrees: PASS attempts=4 tokens=70585 usd=0.0150
b1 seed0 t5_rewrite_sameas_cycle: PASS attempts=3 tokens=60278 usd=0.0153
b1 seed0 t5_rewrite_weighted: PASS attempts=3 tokens=70056 usd=0.0167
b1 seed0 t5_reconcile_full_props: FAIL attempts=5 tokens=209615 usd=0.0366
b1 seed0 t5_rewrite_sameas_roots: PASS attempts=4 tokens=76725 usd=0.0181
tokens used: 13758083 / cap 20000000; usd spent: 3.23 / cap 15.0
