native seed0 t1_factorial: PASS attempts=3 tokens=92037 usd=0.0217
native seed0 t1_collatz: PASS attempts=3 tokens=88794 usd=0.0205
native seed0 t1_count_even: PASS attempts=3 tokens=107189 usd=0.0261
native seed0 t1_fibonacci: PASS attempts=3 tokens=124173 usd=0.0315
native seed0 t1_dot: FAIL attempts=5 tokens=176775 usd=0.0433
native seed0 t1_append: PASS attempts=3 tokens=151524 usd=0.0398
native seed0 t1_bignum_mul_small: PASS attempts=4 tokens=186592 usd=0.0470
native seed0 t1_filter_even: PASS attempts=3 tokens=83758 usd=0.0197
native seed0 t1_drop: PASS attempts=3 tokens=165883 usd=0.0456
native seed0 t1_bignum_add: PASS attempts=5 tokens=234832 usd=0.0588
native seed0 t1_filter_gt: PASS attempts=3 tokens=126160 usd=0.0318
native seed0 t1_last: PASS attempts=3 tokens=129069 usd=0.0340
native seed0 t1_map_inc: PASS attempts=3 tokens=102282 usd=0.0248
native seed0 t1_max: PASS attempts=3 tokens=132107 usd=0.0336
native seed0 t1_popcount: PASS attempts=3 tokens=84513 usd=0.0192
native seed0 t1_gcd: PASS attempts=3 tokens=135226 usd=0.0350
native seed0 t1_length: PASS attempts=3 tokens=135583 usd=0.0343
native seed0 t1_map_double: PASS attempts=3 tokens=132541 usd=0.0344
native seed0 t1_min: PASS attempts=3 tokens=153324 usd=0.0408
native seed0 t1_powmod: PASS attempts=4 tokens=149666 usd=0.0357
native seed0 t1_reverse: PASS attempts=3 tokens=109463 usd=0.0274
native seed0 t1_range: PASS attempts=3 tokens=111921 usd=0.0276
native seed0 t1_prefix_sums: PASS attempts=3 tokens=134004 usd=0.0340
native seed0 t1_product: PASS attempts=3 tokens=121014 usd=0.0311
native seed0 t1_replicate: PASS attempts=3 tokens=119789 usd=0.0307
native seed0 t1_nth: PASS attempts=3 tokens=204011 usd=0.0581
native seed0 t1_bignum_mul: PASS attempts=6 tokens=460284 usd=0.1145
native seed0 t1_sum: PASS attempts=3 tokens=104128 usd=0.0255
native seed0 t1_take: PASS attempts=3 tokens=117084 usd=0.0291
native seed0 t1_zip_add: PASS attempts=3 tokens=118379 usd=0.0303
native seed0 t2_count_in_range: PASS attempts=3 tokens=135794 usd=0.0355
native seed0 t2_argmax: PASS attempts=3 tokens=158590 usd=0.0422
native seed0 t2_dedup_sorted: PASS attempts=3 tokens=156931 usd=0.0418
native seed0 t2_argmin: PASS attempts=3 tokens=174260 usd=0.0473
native seed0 t2_distinct_count: PASS attempts=5 tokens=220273 usd=0.0538
native seed0 t2_intersect: PASS attempts=5 tokens=182900 usd=0.0413
native seed0 t2_is_sorted: PASS attempts=3 tokens=143978 usd=0.0388
native seed0 t2_histogram: PASS attempts=3 tokens=196253 usd=0.0537
native seed0 t2_inversions: PASS attempts=5 tokens=238377 usd=0.0604
native seed0 t2_kth_smallest: PASS attempts=3 tokens=186897 usd=0.0509
native seed0 t2_lower_bound: PASS attempts=3 tokens=122163 usd=0.0307
native seed0 t2_closest: PASS attempts=6 tokens=389595 usd=0.0996
native seed0 t2_median: PASS attempts=3 tokens=174190 usd=0.0460
native seed0 t2_longest_run: PASS attempts=4 tokens=217834 usd=0.0554
native seed0 t2_merge3: PASS attempts=4 tokens=183789 usd=0.0458
native seed0 t2_lis: PASS attempts=4 tokens=269091 usd=0.0727
native seed0 t2_merge: PASS attempts=6 tokens=236120 usd=0.0576
native seed0 t2_partition: PASS attempts=3 tokens=121242 usd=0.0304
native seed0 t2_rank: PASS attempts=4 tokens=141162 usd=0.0350
native seed0 t2_merge_dedup: PASS attempts=5 tokens=301242 usd=0.0780
native seed0 t2_search: PASS attempts=4 tokens=150775 usd=0.0366
native seed0 t2_sort: PASS attempts=3 tokens=138678 usd=0.0355
native seed0 t2_second_largest: PASS attempts=4 tokens=222246 usd=0.0587
native seed0 t2_sort_dedup: PASS attempts=4 tokens=184929 usd=0.0468
native seed0 t2_union: PASS attempts=4 tokens=139028 usd=0.0323
native seed0 t2_sort_desc: PASS attempts=4 tokens=157086 usd=0.0387
native seed0 t2_upper_bound: PASS attempts=3 tokens=128973 usd=0.0323
native seed0 t2_mode: PASS attempts=6 tokens=343443 usd=0.0854
native seed0 t2_sort_pairs: PASS attempts=3 tokens=188651 usd=0.0511
native seed0 t2_top_k: PASS attempts=6 tokens=301688 usd=0.0755
native seed0 t3_bfs_dist: FAIL attempts=5 tokens=347901 usd=0.0878
native seed0 t3_apsp_matrix: PASS attempts=5 tokens=385218 usd=0.0974
native seed0 t3_articulation_points: FAIL attempts=5 tokens=386624 usd=0.1017
native seed0 t3_bfs_order: FAIL attempts=5 tokens=393461 usd=0.1034
native seed0 t3_bipartite_matching: FAIL attempts=5 tokens=362935 usd=0.0937
native seed0 t3_bipartite_comps: FAIL attempts=5 tokens=436774 usd=0.1119
native seed0 t3_articulation: FAIL attempts=5 tokens=414292 usd=0.1135
native seed0 t3_budget_reach: FAIL attempts=5 tokens=393624 usd=0.0971
native seed0 t3_bridges: FAIL attempts=5 tokens=401060 usd=0.1067
native seed0 t3_cc_count: FAIL attempts=5 tokens=383565 usd=0.0996
native seed0 t3_cc_label: PASS attempts=4 tokens=224241 usd=0.0553
native seed0 t3_dag_longest: FAIL attempts=5 tokens=229853 usd=0.0511
native seed0 t3_clique_number: FAIL attempts=5 tokens=278525 usd=0.0671
native seed0 t3_cheapest_k_walk: FAIL attempts=5 tokens=322627 usd=0.0755
native seed0 t3_closure_size: PASS attempts=4 tokens=262782 usd=0.0674
native seed0 t3_cyclic_vertices: FAIL attempts=5 tokens=383793 usd=0.0987
native seed0 t3_degrees: PASS attempts=4 tokens=240300 usd=0.0642
native seed0 t3_count_shortest_paths: FAIL attempts=5 tokens=379939 usd=0.0940
native seed0 t3_cc_largest: FAIL attempts=5 tokens=409734 usd=0.1040
native seed0 t3_euler_start: FAIL attempts=5 tokens=290714 usd=0.0696
native seed0 t3_cycle_rank: PASS attempts=6 tokens=448912 usd=0.1148
native seed0 t3_forest_mis: FAIL attempts=5 tokens=295527 usd=0.0721
native seed0 t3_greedy_coloring: FAIL attempts=5 tokens=334004 usd=0.0828
native seed0 t3_eccentricities: PASS attempts=6 tokens=369224 usd=0.0852
native seed0 t3_girth: FAIL attempts=5 tokens=278251 usd=0.0760
native seed0 t3_in_out_degrees: PASS attempts=5 tokens=277960 usd=0.0705
native seed0 t3_reach_count: FAIL attempts=0 tokens=0 usd=0.0000
native seed0 t3_reach_queries: FAIL attempts=0 tokens=0 usd=0.0000
native seed0 t3_scc_count: FAIL attempts=0 tokens=0 usd=0.0000
native seed0 t3_scc_label: FAIL attempts=0 tokens=0 usd=0.0000
native seed0 t3_sources_sinks: FAIL attempts=0 tokens=0 usd=0.0000
native seed0 t3_sp_count: FAIL attempts=0 tokens=0 usd=0.0000
native seed0 t3_sp_len: FAIL attempts=0 tokens=0 usd=0.0000
native seed0 t3_topo_order: FAIL attempts=0 tokens=0 usd=0.0000
native seed0 t3_tree_parents: FAIL attempts=0 tokens=0 usd=0.0000
native seed0 t3_triangle_count: FAIL attempts=0 tokens=0 usd=0.0000
native seed0 t3_two_colour: FAIL attempts=0 tokens=0 usd=0.0000
native seed0 t3_walk_count: FAIL attempts=0 tokens=0 usd=0.0000
native seed0 t3_wiener_index: FAIL attempts=0 tokens=0 usd=0.0000
native seed0 t3_wsp_all_from: FAIL attempts=0 tokens=0 usd=0.0000
native seed0 t3_wsp_dist: FAIL attempts=0 tokens=0 usd=0.0000
native seed0 t4_brackets3: FAIL attempts=0 tokens=0 usd=0.0000
native seed0 t4_bst_delete_min: FAIL attempts=0 tokens=0 usd=0.0000
native seed0 t4_bst_from_sorted: FAIL attempts=0 tokens=0 usd=0.0000
native seed0 t4_bst_insert: FAIL attempts=0 tokens=0 usd=0.0000
native seed0 t4_bst_kth: FAIL attempts=0 tokens=0 usd=0.0000
native seed0 t4_bst_lca: FAIL attempts=0 tokens=0 usd=0.0000
native seed0 t4_deriv: FAIL attempts=0 tokens=0 usd=0.0000
native seed0 t4_eval_ast: FAIL attempts=0 tokens=0 usd=0.0000
native seed0 t4_eval_rpn: FAIL attempts=0 tokens=0 usd=0.0000
native seed0 t4_eval_str: FAIL attempts=0 tokens=0 usd=0.0000
native seed0 t4_expr_depth: FAIL attempts=0 tokens=0 usd=0.0000
native seed0 t4_fold: FAIL attempts=0 tokens=0 usd=0.0000
native seed0 t4_nnf: FAIL attempts=0 tokens=0 usd=0.0000
native seed0 t4_paren_depth: FAIL attempts=0 tokens=0 usd=0.0000
native seed0 t4_paren_match: FAIL attempts=0 tokens=0 usd=0.0000
native seed0 t4_paren_prefix: FAIL attempts=0 tokens=0 usd=0.0000
native seed0 t4_paren_unmatched: FAIL attempts=0 tokens=0 usd=0.0000
native seed0 t4_parse: FAIL attempts=0 tokens=0 usd=0.0000
native seed0 t4_print: FAIL attempts=0 tokens=0 usd=0.0000
native seed0 t4_regmachine: FAIL attempts=0 tokens=0 usd=0.0000
native seed0 t4_rle_encode: FAIL attempts=0 tokens=0 usd=0.0000
native seed0 t4_sat_count: FAIL attempts=0 tokens=0 usd=0.0000
native seed0 t4_stack_vm: FAIL attempts=0 tokens=0 usd=0.0000
native seed0 t4_to_rpn: FAIL attempts=0 tokens=0 usd=0.0000
native seed0 t4_tokenize: FAIL attempts=0 tokens=0 usd=0.0000
native seed0 t4_tree_depth_count: FAIL attempts=0 tokens=0 usd=0.0000
native seed0 t4_tree_diameter: FAIL attempts=0 tokens=0 usd=0.0000
native seed0 t4_tree_fold_hash: FAIL attempts=0 tokens=0 usd=0.0000
native seed0 t4_tree_height: FAIL attempts=0 tokens=0 usd=0.0000
native seed0 t4_tree_inorder: FAIL attempts=0 tokens=0 usd=0.0000
native seed0 t4_tree_level_order: FAIL attempts=0 tokens=0 usd=0.0000
native seed0 t4_tree_map_add: FAIL attempts=0 tokens=0 usd=0.0000
native seed0 t4_tree_max_path_sum: FAIL attempts=0 tokens=0 usd=0.0000
native seed0 t4_tree_merge_add: FAIL attempts=0 tokens=0 usd=0.0000
native seed0 t4_tree_min_max: FAIL attempts=0 tokens=0 usd=0.0000
native seed0 t4_tree_mirror: FAIL attempts=0 tokens=0 usd=0.0000
native seed0 t4_tree_path_sums: FAIL attempts=0 tokens=0 usd=0.0000
native seed0 t4_tree_postorder: FAIL attempts=0 tokens=0 usd=0.0000
native seed0 t4_tree_preorder: FAIL attempts=0 tokens=0 usd=0.0000
native seed0 t4_tree_size: FAIL attempts=0 tokens=0 usd=0.0000
native seed0 t5_cluster_canon: FAIL attempts=0 tokens=0 usd=0.0000
native seed0 t5_cluster_canon_of: FAIL attempts=0 tokens=0 usd=0.0000
native seed0 t5_cluster_closure_pairs: FAIL attempts=0 tokens=0 usd=0.0000
native seed0 t5_cluster_count: FAIL attempts=0 tokens=0 usd=0.0000
native seed0 t5_cluster_count_ge: FAIL attempts=0 tokens=0 usd=0.0000
native seed0 t5_cluster_emit: FAIL attempts=0 tokens=0 usd=0.0000
native seed0 t5_cluster_histogram: FAIL attempts=0 tokens=0 usd=0.0000
native seed0 t5_cluster_implied_unproposed: FAIL attempts=0 tokens=0 usd=0.0000
native seed0 t5_cluster_label: FAIL attempts=0 tokens=0 usd=0.0000
native seed0 t5_cluster_largest: FAIL attempts=0 tokens=0 usd=0.0000
native seed0 t5_cluster_list: FAIL attempts=0 tokens=0 usd=0.0000
native seed0 t5_cluster_members_of: FAIL attempts=0 tokens=0 usd=0.0000
native seed0 t5_cluster_merge_count: FAIL attempts=0 tokens=0 usd=0.0000
native seed0 t5_cluster_same: FAIL attempts=0 tokens=0 usd=0.0000
native seed0 t5_cluster_singletons: FAIL attempts=0 tokens=0 usd=0.0000
native seed0 t5_cluster_sizes: FAIL attempts=0 tokens=0 usd=0.0000
native seed0 t5_conflict_count: FAIL attempts=0 tokens=0 usd=0.0000
native seed0 t5_conflict_flags: FAIL attempts=0 tokens=0 usd=0.0000
native seed0 t5_conflict_greedy: FAIL attempts=0 tokens=0 usd=0.0000
native seed0 t5_conflict_greedy_cap: FAIL attempts=0 tokens=0 usd=0.0000
native seed0 t5_conflict_pairs: FAIL attempts=0 tokens=0 usd=0.0000
native seed0 t5_conflict_skipped: FAIL attempts=0 tokens=0 usd=0.0000
native seed0 t5_decide_count: FAIL attempts=0 tokens=0 usd=0.0000
native seed0 t5_decide_drop_known: FAIL attempts=0 tokens=0 usd=0.0000
native seed0 t5_decide_filter: FAIL attempts=0 tokens=0 usd=0.0000
native seed0 t5_decide_normalise: FAIL attempts=0 tokens=0 usd=0.0000
native seed0 t5_decide_order: FAIL attempts=0 tokens=0 usd=0.0000
native seed0 t5_decide_singleton: FAIL attempts=0 tokens=0 usd=0.0000
native seed0 t5_decide_stage_cap: FAIL attempts=0 tokens=0 usd=0.0000
native seed0 t5_decide_stage_idem: FAIL attempts=0 tokens=0 usd=0.0000
native seed0 t5_decide_top_k: FAIL attempts=0 tokens=0 usd=0.0000
native seed0 t5_metric_pairwise: FAIL attempts=0 tokens=0 usd=0.0000
native seed0 t5_metric_purity: FAIL attempts=0 tokens=0 usd=0.0000
native seed0 t5_metric_rand: FAIL attempts=0 tokens=0 usd=0.0000
native seed0 t5_prop_conflict_keys: FAIL attempts=0 tokens=0 usd=0.0000
native seed0 t5_prop_conflicts: FAIL attempts=0 tokens=0 usd=0.0000
native seed0 t5_prop_distinct_per_key: FAIL attempts=0 tokens=0 usd=0.0000
native seed0 t5_prop_majority: FAIL attempts=0 tokens=0 usd=0.0000
native seed0 t5_prop_merged: FAIL attempts=0 tokens=0 usd=0.0000
native seed0 t5_reconcile_canon: FAIL attempts=0 tokens=0 usd=0.0000
native seed0 t5_reconcile_canon_mnl: FAIL attempts=0 tokens=0 usd=0.0000
native seed0 t5_reconcile_full: FAIL attempts=0 tokens=0 usd=0.0000
native seed0 t5_reconcile_full_props: FAIL attempts=0 tokens=0 usd=0.0000
native seed0 t5_rewrite_collapsed: FAIL attempts=0 tokens=0 usd=0.0000
native seed0 t5_rewrite_degrees: FAIL attempts=0 tokens=0 usd=0.0000
native seed0 t5_rewrite_edges: FAIL attempts=0 tokens=0 usd=0.0000
native seed0 t5_rewrite_neighbours: FAIL attempts=0 tokens=0 usd=0.0000
native seed0 t5_rewrite_sameas_cycle: FAIL attempts=0 tokens=0 usd=0.0000
native seed0 t5_rewrite_sameas_roots: FAIL attempts=0 tokens=0 usd=0.0000
native seed0 t5_rewrite_weighted: FAIL attempts=0 tokens=0 usd=0.0000
native seed0 t3_max_flow: FAIL attempts=1 tokens=99052 usd=0.0284
native seed0 t3_max_degree_vertex: FAIL attempts=2 tokens=143523 usd=0.0415
native seed0 t3_msf_weight: FAIL attempts=1 tokens=84780 usd=0.0241
native seed0 t3_minimax_path: PASS attempts=1 tokens=96887 usd=0.0279
native seed0 t3_lex_shortest_path: FAIL attempts=5 tokens=363638 usd=0.0805
native seed0 t3_kcore_size: FAIL attempts=4 tokens=345383 usd=0.0907
native seed0 t3_mst_second: FAIL attempts=1 tokens=68264 usd=0.0192
native seed0 t3_khop: FAIL attempts=3 tokens=273808 usd=0.0777
native seed0 t3_line_graph_edges: PASS attempts=3 tokens=186252 usd=0.0509
tokens used: 20791710 / cap 20000000; usd spent: 5.30 / cap 15.0
