native seed0 t5_decide_count: PASS attempts=3 tokens=111025 usd=0.0266
native seed0 t4_tree_depth_count: PASS attempts=3 tokens=135236 usd=0.0351
native seed0 t4_paren_depth: PASS attempts=3 tokens=133101 usd=0.0331
native seed0 t4_brackets3: FAIL attempts=5 tokens=250582 usd=0.0559
native seed0 t4_tree_postorder: PASS attempts=3 tokens=108899 usd=0.0259
native seed0 t3_walk_count: FAIL attempts=5 tokens=298010 usd=0.0731
native seed0 t4_eval_ast: PASS attempts=3 tokens=154121 usd=0.0415
native seed0 t4_parse: PASS attempts=5 tokens=335928 usd=0.0850
native seed0 t3_wiener_index: FAIL attempts=5 tokens=385844 usd=0.1004
native seed0 t5_decide_stage_idem: PASS attempts=7 tokens=423629 usd=0.0968
native seed0 t3_reach_count: PASS attempts=4 tokens=314920 usd=0.0855
native seed0 t5_rewrite_collapsed: PASS attempts=5 tokens=337465 usd=0.0838
native seed0 t3_max_flow: FAIL attempts=5 tokens=334728 usd=0.0869
native seed0 t3_triangle_count: FAIL attempts=5 tokens=385039 usd=0.0986
native seed0 t5_decide_stage_cap: PASS attempts=5 tokens=367836 usd=0.0957
native seed0 t4_print: PASS attempts=4 tokens=106633 usd=0.0228
native seed0 t4_bst_from_sorted: PASS attempts=3 tokens=146836 usd=0.0379
native seed0 t4_bst_delete_min: PASS attempts=3 tokens=149113 usd=0.0398
native seed0 t5_decide_drop_known: PASS attempts=4 tokens=177836 usd=0.0439
native seed0 t5_conflict_pairs: FAIL attempts=5 tokens=354169 usd=0.0951
native seed0 t5_reconcile_canon: PASS attempts=7 tokens=430981 usd=0.0984
native seed0 t4_tree_path_sums: PASS attempts=3 tokens=168089 usd=0.0450
native seed0 t4_to_rpn: PASS attempts=4 tokens=303322 usd=0.0795
native seed0 t5_reconcile_canon_mnl: FAIL attempts=5 tokens=303154 usd=0.0830
native seed0 t5_conflict_count: PASS attempts=4 tokens=221192 usd=0.0565
native seed0 t4_tree_height: PASS attempts=3 tokens=130875 usd=0.0338
native seed0 t3_topo_order: FAIL attempts=5 tokens=353447 usd=0.0950
native seed0 t3_two_colour: PASS attempts=7 tokens=593888 usd=0.1348
native seed0 t5_metric_purity: FAIL attempts=5 tokens=309060 usd=0.0770
native seed0 t5_metric_rand: PASS attempts=5 tokens=278565 usd=0.0726
native seed0 t5_prop_merged: FAIL attempts=5 tokens=354821 usd=0.0841
native seed0 t5_reconcile_full_props: FAIL attempts=5 tokens=175392 usd=0.0388
native seed0 t4_regmachine: PASS attempts=4 tokens=218033 usd=0.0532
native seed0 t5_cluster_histogram: FAIL attempts=5 tokens=297289 usd=0.0648
native seed0 t4_bst_lca: PASS attempts=5 tokens=242907 usd=0.0595
native seed0 t4_eval_str: PASS attempts=6 tokens=370645 usd=0.0863
native seed0 t5_conflict_flags: PASS attempts=4 tokens=215510 usd=0.0555
native seed0 t5_decide_order: PASS attempts=5 tokens=271837 usd=0.0686
native seed0 t5_cluster_canon: PASS attempts=6 tokens=356433 usd=0.0874
native seed0 t5_cluster_count_ge: FAIL attempts=5 tokens=289519 usd=0.0693
native seed0 t5_decide_singleton: FAIL attempts=5 tokens=206144 usd=0.0493
native seed0 t5_cluster_sizes: FAIL attempts=5 tokens=353218 usd=0.0850
native seed0 t4_nnf: PASS attempts=3 tokens=153911 usd=0.0389
native seed0 t5_decide_normalise: FAIL attempts=5 tokens=345855 usd=0.0900
native seed0 t3_khop: FAIL attempts=5 tokens=424384 usd=0.1129
native seed0 t4_paren_match: PASS attempts=3 tokens=200629 usd=0.0574
native seed0 t5_conflict_skipped: FAIL attempts=5 tokens=338340 usd=0.0923
native seed0 t3_scc_label: FAIL attempts=5 tokens=443964 usd=0.1210
native seed0 t5_decide_filter: PASS attempts=4 tokens=144335 usd=0.0343
native seed0 t4_bst_insert: PASS attempts=3 tokens=136178 usd=0.0340
native seed0 t4_rle_encode: PASS attempts=4 tokens=226894 usd=0.0584
native seed0 t5_decide_top_k: PASS attempts=5 tokens=322184 usd=0.0831
native seed0 t5_cluster_largest: FAIL attempts=5 tokens=368934 usd=0.0956
native seed0 t3_scc_count: FAIL attempts=5 tokens=335280 usd=0.0886
native seed0 t5_rewrite_degrees: FAIL attempts=5 tokens=300640 usd=0.0712
native seed0 t4_paren_prefix: PASS attempts=4 tokens=181506 usd=0.0452
native seed0 t5_conflict_greedy_cap: FAIL attempts=5 tokens=341665 usd=0.0726
native seed0 t5_cluster_singletons: PASS attempts=5 tokens=248091 usd=0.0613
native seed0 t5_metric_pairwise: FAIL attempts=5 tokens=337266 usd=0.0865
native seed0 t4_stack_vm: PASS attempts=5 tokens=321215 usd=0.0776
native seed0 t5_cluster_count: FAIL attempts=5 tokens=285834 usd=0.0693
native seed0 t4_tree_merge_add: PASS attempts=3 tokens=178812 usd=0.0491
native seed0 t3_max_degree_vertex: PASS attempts=5 tokens=329009 usd=0.0878
native seed0 t4_tree_diameter: PASS attempts=3 tokens=132965 usd=0.0334
native seed0 t5_rewrite_sameas_roots: FAIL attempts=5 tokens=252292 usd=0.0639
native seed0 t4_paren_unmatched: PASS attempts=4 tokens=140270 usd=0.0333
native seed0 t3_mst_second: FAIL attempts=5 tokens=287431 usd=0.0703
native seed0 t4_tree_min_max: PASS attempts=3 tokens=184489 usd=0.0492
native seed0 t5_cluster_label: PASS attempts=5 tokens=272112 usd=0.0649
native seed0 t5_prop_distinct_per_key: PASS attempts=6 tokens=454535 usd=0.1149
native seed0 t3_sp_len: FAIL attempts=5 tokens=425530 usd=0.1099
native seed0 t3_msf_weight: PASS attempts=5 tokens=335321 usd=0.0813
native seed0 t5_rewrite_neighbours: FAIL attempts=5 tokens=314140 usd=0.0776
native seed0 t4_bst_kth: PASS attempts=7 tokens=331314 usd=0.0775
native seed0 t4_deriv: PASS attempts=4 tokens=146075 usd=0.0334
native seed0 t5_conflict_greedy: FAIL attempts=5 tokens=513621 usd=0.1410
native seed0 t4_tree_inorder: PASS attempts=3 tokens=131428 usd=0.0335
native seed0 t4_sat_count: PASS attempts=3 tokens=135117 usd=0.0330
native seed0 t4_tree_size: PASS attempts=3 tokens=93488 usd=0.0214
native seed0 t5_cluster_list: FAIL attempts=5 tokens=317433 usd=0.0774
native seed0 t3_tree_parents: FAIL attempts=5 tokens=353627 usd=0.0907
native seed0 t5_rewrite_weighted: PASS attempts=4 tokens=284340 usd=0.0717
native seed0 t4_tree_max_path_sum: PASS attempts=3 tokens=187736 usd=0.0497
native seed0 t4_tree_level_order: PASS attempts=3 tokens=140309 usd=0.0358
native seed0 t3_sources_sinks: FAIL attempts=5 tokens=274099 usd=0.0705
native seed0 t4_expr_depth: PASS attempts=3 tokens=124910 usd=0.0316
native seed0 t3_minimax_path: PASS attempts=7 tokens=436653 usd=0.0960
native seed0 t3_kcore_size: FAIL attempts=5 tokens=258511 usd=0.0595
native seed0 t4_fold: PASS attempts=4 tokens=263091 usd=0.0659
native seed0 t3_sp_count: PASS attempts=6 tokens=401531 usd=0.0966
native seed0 t5_cluster_members_of: PASS attempts=6 tokens=406323 usd=0.0994
native seed0 t5_cluster_emit: PASS attempts=7 tokens=351917 usd=0.0740
native seed0 t3_wsp_all_from: PASS attempts=7 tokens=390448 usd=0.0853
native seed0 t5_cluster_closure_pairs: FAIL attempts=5 tokens=288310 usd=0.0720
native seed0 t4_tree_preorder: PASS attempts=3 tokens=109758 usd=0.0269
native seed0 t3_reach_queries: FAIL attempts=5 tokens=209230 usd=0.0451
native seed0 t3_wsp_dist: FAIL attempts=5 tokens=298614 usd=0.0686
native seed0 t5_rewrite_edges: PASS attempts=7 tokens=539886 usd=0.1303
native seed0 t4_tree_mirror: PASS attempts=3 tokens=118737 usd=0.0292
native seed0 t5_prop_majority: FAIL attempts=5 tokens=318262 usd=0.0784
native seed0 t5_cluster_same: FAIL attempts=5 tokens=355784 usd=0.0905
native seed0 t5_prop_conflict_keys: FAIL attempts=5 tokens=385193 usd=0.1004
native seed0 t4_eval_rpn: PASS attempts=4 tokens=152308 usd=0.0362
native seed0 t5_cluster_canon_of: PASS attempts=7 tokens=470108 usd=0.1145
native seed0 t4_tree_fold_hash: PASS attempts=3 tokens=84587 usd=0.0193
native seed0 t5_prop_conflicts: PASS attempts=5 tokens=269477 usd=0.0655
native seed0 t4_tree_map_add: PASS attempts=3 tokens=145213 usd=0.0373
native seed0 t5_reconcile_full: FAIL attempts=5 tokens=280198 usd=0.0668
native seed0 t5_cluster_merge_count: PASS attempts=5 tokens=386107 usd=0.0968
native seed0 t5_cluster_implied_unproposed: FAIL attempts=5 tokens=351680 usd=0.0854
native seed0 t4_tokenize: FAIL attempts=5 tokens=350629 usd=0.0899
native seed0 t5_rewrite_sameas_cycle: PASS attempts=5 tokens=312844 usd=0.0799
tokens used: 31188178 / cap 400000000; usd spent: 7.74 / cap 15.0
