b1 seed0 t1_popcount: PASS attempts=3 tokens=27562 usd=0.0049
b1 seed0 t1_max: PASS attempts=3 tokens=44123 usd=0.0103
b1 seed0 t1_nth: PASS attempts=3 tokens=54926 usd=0.0139
b1 seed0 t1_prefix_sums: PASS attempts=3 tokens=47237 usd=0.0109
b1 seed0 t1_powmod: PASS attempts=3 tokens=62551 usd=0.0174
b1 seed0 t1_range: PASS attempts=3 tokens=50672 usd=0.0132
b1 seed0 t2_dedup_sorted: PASS attempts=3 tokens=40522 usd=0.0096
b1 seed0 t1_zip_add: PASS attempts=3 tokens=53801 usd=0.0144
b1 seed0 t1_bignum_mul: PASS attempts=3 tokens=96118 usd=0.0265
b1 seed0 t2_argmax: PASS attempts=3 tokens=67317 usd=0.0179
b1 seed0 t2_distinct_count: PASS attempts=3 tokens=51513 usd=0.0130
b1 seed0 t2_inversions: PASS attempts=3 tokens=54351 usd=0.0133
b1 seed0 t2_lower_bound: PASS attempts=3 tokens=52585 usd=0.0133
b1 seed0 t2_merge: PASS attempts=3 tokens=55490 usd=0.0138
b1 seed0 t2_lis: PASS attempts=3 tokens=72810 usd=0.0198
b1 seed0 t2_partition: PASS attempts=3 tokens=40651 usd=0.0088
b1 seed0 t2_mode: PASS attempts=3 tokens=48625 usd=0.0115
b1 seed0 t2_search: PASS attempts=3 tokens=65731 usd=0.0168
b1 seed0 t2_second_largest: PASS attempts=3 tokens=52341 usd=0.0124
b1 seed0 t2_top_k: PASS attempts=3 tokens=64086 usd=0.0166
tokens used: 1103012 / cap 20000000; usd spent: 0.28 / cap 4.0
