native seed0 t1_popcount: PASS attempts=4 tokens=108515 usd=0.0237
native seed0 t1_max: PASS attempts=3 tokens=117259 usd=0.0289
native seed0 t1_prefix_sums: PASS attempts=3 tokens=110752 usd=0.0271
native seed0 t1_nth: PASS attempts=3 tokens=119017 usd=0.0300
native seed0 t1_powmod: PASS attempts=4 tokens=153000 usd=0.0370
native seed0 t1_zip_add: PASS attempts=5 tokens=178202 usd=0.0420
native seed0 t1_bignum_mul: FAIL attempts=5 tokens=334895 usd=0.0846
native seed0 t1_range: PASS attempts=3 tokens=168207 usd=0.0465
native seed0 t2_dedup_sorted: PASS attempts=3 tokens=168369 usd=0.0462
native seed0 t2_argmax: PASS attempts=4 tokens=179188 usd=0.0452
native seed0 t2_lower_bound: PASS attempts=3 tokens=125599 usd=0.0314
native seed0 t2_inversions: PASS attempts=3 tokens=179209 usd=0.0487
native seed0 t2_distinct_count: PASS attempts=5 tokens=299946 usd=0.0790
native seed0 t2_merge: PASS attempts=5 tokens=199763 usd=0.0475
native seed0 t2_lis: PASS attempts=4 tokens=261794 usd=0.0709
native seed0 t2_search: PASS attempts=3 tokens=125655 usd=0.0317
native seed0 t2_partition: PASS attempts=3 tokens=168371 usd=0.0457
native seed0 t2_second_largest: PASS attempts=4 tokens=179914 usd=0.0450
native seed0 t2_mode: PASS attempts=5 tokens=285339 usd=0.0707
native seed0 t2_top_k: PASS attempts=4 tokens=207581 usd=0.0524
tokens used: 3670575 / cap 20000000; usd spent: 0.93 / cap 4.0
