t5_conflict_greedy seed 0 pass {'itrs_median_small': 66850, 'itrs_median_big': 5642227, 'itrs_max': 9882136, 'depth_median_big': 5629, 'depth_max': 9585}   6s
t5_conflict_greedy seed 1 pass {'itrs_median_small': 64251, 'itrs_median_big': 3003047, 'itrs_max': 7738775, 'depth_median_big': 4013, 'depth_max': 7509}   5s
t5_conflict_greedy seed 2 pass {'itrs_median_small': 57353, 'itrs_median_big': 5180183, 'itrs_max': 11303105, 'depth_median_big': 5194, 'depth_max': 10906}   7s
t5_conflict_greedy_cap seed 0 pass {'itrs_median_small': 56582, 'itrs_median_big': 6486379, 'itrs_max': 9374195, 'depth_median_big': 6411, 'depth_max': 9168}   6s
t5_conflict_greedy_cap seed 1 pass {'itrs_median_small': 64457, 'itrs_median_big': 2208261, 'itrs_max': 5094531, 'depth_median_big': 3669, 'depth_max': 5746}   4s
t5_conflict_greedy_cap seed 2 pass {'itrs_median_small': 60995, 'itrs_median_big': 5445049, 'itrs_max': 11226023, 'depth_median_big': 5959, 'depth_max': 10807}   8s
t5_conflict_skipped seed 0 pass {'itrs_median_small': 60952, 'itrs_median_big': 3870472, 'itrs_max': 12595751, 'depth_median_big': 5969, 'depth_max': 12150}   9s
t5_conflict_skipped seed 1 pass {'itrs_median_small': 57601, 'itrs_median_big': 2571595, 'itrs_max': 5500822, 'depth_median_big': 4093, 'depth_max': 6200}   4s
t5_conflict_skipped seed 2 pass {'itrs_median_small': 59773, 'itrs_median_big': 2329798, 'itrs_max': 11038689, 'depth_median_big': 4333, 'depth_max': 10694}   6s
t5_reconcile_canon_mnl seed 0 pass {'itrs_median_small': 56232, 'itrs_median_big': 1467610, 'itrs_max': 12128793, 'depth_median_big': 2320, 'depth_max': 11745}   6s
t5_reconcile_canon_mnl seed 1 pass {'itrs_median_small': 59273, 'itrs_median_big': 3152099, 'itrs_max': 6810900, 'depth_median_big': 4767, 'depth_max': 6777}   4s
t5_reconcile_canon_mnl seed 2 pass {'itrs_median_small': 58244, 'itrs_median_big': 2517040, 'itrs_max': 4726512, 'depth_median_big': 3351, 'depth_max': 5009}   4s
t5_prop_merged seed 0 pass {'itrs_median_small': 7878, 'itrs_median_big': 334758, 'itrs_max': 361845, 'depth_median_big': 1683, 'depth_max': 3802}   2s
t5_prop_merged seed 1 pass {'itrs_median_small': 4785, 'itrs_median_big': 324239, 'itrs_max': 357521, 'depth_median_big': 1735, 'depth_max': 3375}   2s
t5_prop_merged seed 2 pass {'itrs_median_small': 4109, 'itrs_median_big': 326702, 'itrs_max': 339390, 'depth_median_big': 1758, 'depth_max': 2034}   2s
t5_reconcile_full seed 0 pass {'itrs_median_small': 74439, 'itrs_median_big': 3846638, 'itrs_max': 11252968, 'depth_median_big': 7079, 'depth_max': 13087}   8s
t5_reconcile_full seed 1 pass {'itrs_median_small': 62051, 'itrs_median_big': 1331515, 'itrs_max': 10002599, 'depth_median_big': 2727, 'depth_max': 10385}   7s
t5_reconcile_full seed 2 pass {'itrs_median_small': 56203, 'itrs_median_big': 1781282, 'itrs_max': 12525706, 'depth_median_big': 2966, 'depth_max': 10672}   11s
t5_reconcile_full_props seed 0 pass {'itrs_median_small': 66801, 'itrs_median_big': 4732237, 'itrs_max': 14242968, 'depth_median_big': 5788, 'depth_max': 11566}   52s
t5_reconcile_full_props seed 1 pass {'itrs_median_small': 60948, 'itrs_median_big': 1677678, 'itrs_max': 15422655, 'depth_median_big': 3252, 'depth_max': 15622}   36s
t5_reconcile_full_props seed 2 pass {'itrs_median_small': 63536, 'itrs_median_big': 2173630, 'itrs_max': 9048262, 'depth_median_big': 4349, 'depth_max': 10231}   42s
