OK  sum 
OK  product 
OK  length 
OK  max 
OK  min 
OK  count_even 
OK  argmax_first 
OK  argmin_first 
OK  second_largest 
OK  longest_run 
OK  is_sorted 
OK  last 
OK  xor_all 
OK  category_set 
OK  all_positive 
OK  any_zero 
OK  count_gt500 
OK  sum_squares 
OK  gcd 
OK  lexmin_pair 
OK  top3_merge 
OK  sat_sum_cap 
OK  sat_sum_24 
OK  minmax_pair 
OK  mean_floor 
OK  hash_affine 
OK  adjacent_equal 
OK  category_counts 
OK  max_priority_guest 
OK  first_violation 
OK  section_fill_cap6 
OK  sub_fold 
OK  hash31 
OK  abs_diff 
OK  alternating 
OK  sat_sub 
OK  horner_square 
OK  xorshift_hash 
OK  midpoint 
OK  sat_sum_unclamped 
OK  glitch_1e3 
OK  planted_point 
OK  avg_wrong_merge 
OK  adjacent_equal_wrong 
