{"fold": "sum", "n": 1000, "ok": true, "depth": 7009, "itrs": 24014, "secs": 0.1, "error": ""}
{"fold": "product", "n": 1000, "ok": true, "depth": 7009, "itrs": 24014, "secs": 0.2, "error": ""}
{"fold": "length", "n": 1000, "ok": true, "depth": 7009, "itrs": 25014, "secs": 0.1, "error": ""}
{"fold": "max", "n": 1000, "ok": true, "depth": 11010, "itrs": 38014, "secs": 0.2, "error": ""}
{"fold": "min", "n": 1000, "ok": true, "depth": 11010, "itrs": 38014, "secs": 0.1, "error": ""}
{"fold": "count_even", "n": 1000, "ok": true, "depth": 7009, "itrs": 28014, "secs": 0.3, "error": ""}
{"fold": "argmax_first", "n": 1000, "ok": true, "depth": 10015, "itrs": 62020, "secs": 0.1, "error": ""}
{"fold": "argmin_first", "n": 1000, "ok": true, "depth": 10015, "itrs": 62020, "secs": 0.1, "error": ""}
{"fold": "second_largest", "n": 1000, "ok": true, "depth": 20015, "itrs": 93018, "secs": 0.2, "error": ""}
{"fold": "longest_run", "n": 1000, "ok": true, "depth": 27015, "itrs": 254026, "secs": 0.3, "error": ""}
{"fold": "is_sorted", "n": 1000, "ok": true, "depth": 11013, "itrs": 98022, "secs": 0.1, "error": ""}
{"fold": "last", "n": 1000, "ok": true, "depth": 7013, "itrs": 39018, "secs": 0.1, "error": ""}
{"fold": "xor_all", "n": 1000, "ok": true, "depth": 7009, "itrs": 24014, "secs": 0.1, "error": ""}
{"fold": "category_set", "n": 1000, "ok": true, "depth": 7009, "itrs": 27014, "secs": 0.1, "error": ""}
{"fold": "all_positive", "n": 1000, "ok": true, "depth": 7009, "itrs": 26014, "secs": 0.1, "error": ""}
{"fold": "any_zero", "n": 1000, "ok": true, "depth": 7009, "itrs": 26014, "secs": 0.1, "error": ""}
{"fold": "count_gt500", "n": 1000, "ok": true, "depth": 7009, "itrs": 26014, "secs": 0.1, "error": ""}
{"fold": "sum_squares", "n": 1000, "ok": true, "depth": 7009, "itrs": 28014, "secs": 0.1, "error": ""}
{"fold": "gcd", "n": 1000, "ok": true, "depth": 17415, "itrs": 59942, "secs": 0.1, "error": ""}
{"fold": "lexmin_pair", "n": 1000, "ok": true, "depth": 17012, "itrs": 72014, "secs": 0.2, "error": ""}
{"fold": "top3_merge", "n": 1000, "ok": true, "depth": 22024, "itrs": 184014, "secs": 0.3, "error": ""}
{"fold": "sat_sum_cap", "n": 1000, "ok": true, "depth": 13018, "itrs": 52014, "secs": 0.2, "error": ""}
{"fold": "sat_sum_24", "n": 1000, "ok": true, "depth": 15010, "itrs": 40014, "secs": 0.2, "error": ""}
{"fold": "minmax_pair", "n": 1000, "ok": true, "depth": 11011, "itrs": 58014, "secs": 0.2, "error": ""}
{"fold": "mean_floor", "n": 1000, "ok": true, "depth": 7021, "itrs": 29034, "secs": 0.2, "error": ""}
{"fold": "hash_affine", "n": 1000, "ok": true, "depth": 7011, "itrs": 33018, "secs": 0.2, "error": ""}
{"fold": "adjacent_equal", "n": 1000, "ok": true, "depth": 11015, "itrs": 100022, "secs": 0.2, "error": ""}
{"fold": "category_counts", "n": 1000, "ok": true, "depth": 7012, "itrs": 74014, "secs": 0.2, "error": ""}
{"fold": "max_priority_guest", "n": 1000, "ok": true, "depth": 17012, "itrs": 72014, "secs": 0.1, "error": ""}
{"fold": "first_violation", "n": 1000, "ok": true, "depth": 10020, "itrs": 71018, "secs": 0.1, "error": ""}
{"fold": "section_fill_cap6", "n": 1000, "ok": true, "depth": 13010, "itrs": 39014, "secs": 0.2, "error": ""}
{"fold": "sum", "n": 10000, "ok": true, "depth": 70015, "itrs": 240020, "secs": 0.4, "error": ""}
{"fold": "product", "n": 10000, "ok": true, "depth": 70015, "itrs": 240020, "secs": 0.2, "error": ""}
{"fold": "length", "n": 10000, "ok": true, "depth": 70015, "itrs": 250020, "secs": 0.2, "error": ""}
{"fold": "max", "n": 10000, "ok": true, "depth": 110010, "itrs": 380020, "secs": 0.3, "error": ""}
{"fold": "min", "n": 10000, "ok": true, "depth": 110010, "itrs": 380020, "secs": 0.4, "error": ""}
{"fold": "count_even", "n": 10000, "ok": true, "depth": 70015, "itrs": 280020, "secs": 0.5, "error": ""}
{"fold": "argmax_first", "n": 10000, "ok": true, "depth": 100015, "itrs": 620026, "secs": 0.8, "error": ""}
{"fold": "argmin_first", "n": 10000, "ok": true, "depth": 100015, "itrs": 620026, "secs": 0.8, "error": ""}
{"fold": "second_largest", "n": 10000, "ok": true, "depth": 200015, "itrs": 930024, "secs": 1.2, "error": ""}
{"fold": "longest_run", "n": 10000, "ok": true, "depth": 270015, "itrs": 2540032, "secs": 2.6, "error": ""}
{"fold": "is_sorted", "n": 10000, "ok": true, "depth": 110013, "itrs": 980028, "secs": 1.0, "error": ""}
{"fold": "last", "n": 10000, "ok": true, "depth": 70019, "itrs": 390024, "secs": 0.4, "error": ""}
{"fold": "xor_all", "n": 10000, "ok": true, "depth": 70015, "itrs": 240020, "secs": 0.2, "error": ""}
{"fold": "category_set", "n": 10000, "ok": true, "depth": 70015, "itrs": 270020, "secs": 0.5, "error": ""}
{"fold": "all_positive", "n": 10000, "ok": true, "depth": 70015, "itrs": 260020, "secs": 0.3, "error": ""}
{"fold": "any_zero", "n": 10000, "ok": true, "depth": 70015, "itrs": 260020, "secs": 0.3, "error": ""}
{"fold": "count_gt500", "n": 10000, "ok": true, "depth": 70015, "itrs": 260020, "secs": 0.3, "error": ""}
{"fold": "sum_squares", "n": 10000, "ok": true, "depth": 70015, "itrs": 280020, "secs": 0.3, "error": ""}
{"fold": "gcd", "n": 10000, "ok": true, "depth": 173205, "itrs": 597908, "secs": 0.7, "error": ""}
{"fold": "lexmin_pair", "n": 10000, "ok": true, "depth": 170012, "itrs": 720023, "secs": 0.9, "error": ""}
{"fold": "top3_merge", "n": 10000, "ok": true, "depth": 220024, "itrs": 1840020, "secs": 1.8, "error": ""}
{"fold": "sat_sum_cap", "n": 10000, "ok": true, "depth": 130018, "itrs": 520020, "secs": 0.8, "error": ""}
{"fold": "sat_sum_24", "n": 10000, "ok": true, "depth": 150010, "itrs": 400020, "secs": 0.4, "error": ""}
{"fold": "minmax_pair", "n": 10000, "ok": true, "depth": 110011, "itrs": 580020, "secs": 0.6, "error": ""}
{"fold": "mean_floor", "n": 10000, "ok": true, "depth": 70027, "itrs": 290040, "secs": 0.5, "error": ""}
{"fold": "hash_affine", "n": 10000, "ok": true, "depth": 70017, "itrs": 330024, "secs": 0.4, "error": ""}
{"fold": "adjacent_equal", "n": 10000, "ok": true, "depth": 110015, "itrs": 1000028, "secs": 1.1, "error": ""}
{"fold": "category_counts", "n": 10000, "ok": true, "depth": 70018, "itrs": 740020, "secs": 0.8, "error": ""}
{"fold": "max_priority_guest", "n": 10000, "ok": true, "depth": 170012, "itrs": 720023, "secs": 0.9, "error": ""}
{"fold": "first_violation", "n": 10000, "ok": true, "depth": 100020, "itrs": 710024, "secs": 0.7, "error": ""}
{"fold": "section_fill_cap6", "n": 10000, "ok": true, "depth": 130010, "itrs": 390020, "secs": 0.3, "error": ""}
{"fold": "sum", "n": 100000, "ok": true, "depth": 700075, "itrs": 2400080, "secs": 2.6, "error": ""}
{"fold": "product", "n": 100000, "ok": true, "depth": 700075, "itrs": 2400080, "secs": 2.6, "error": ""}
{"fold": "length", "n": 100000, "ok": true, "depth": 700075, "itrs": 2500080, "secs": 2.5, "error": ""}
{"fold": "max", "n": 100000, "ok": true, "depth": 1100010, "itrs": 3800080, "secs": 3.7, "error": ""}
{"fold": "min", "n": 100000, "ok": true, "depth": 1100010, "itrs": 3800080, "secs": 4.0, "error": ""}
{"fold": "count_even", "n": 100000, "ok": true, "depth": 700075, "itrs": 2800080, "secs": 2.6, "error": ""}
{"fold": "argmax_first", "n": 100000, "ok": true, "depth": 1000015, "itrs": 6200086, "secs": 5.7, "error": ""}
{"fold": "argmin_first", "n": 100000, "ok": true, "depth": 1000015, "itrs": 6200086, "secs": 5.6, "error": ""}
{"fold": "second_largest", "n": 100000, "ok": true, "depth": 2000015, "itrs": 9300084, "secs": 9.0, "error": ""}
{"fold": "longest_run", "n": 100000, "ok": true, "depth": 2700015, "itrs": 25400092, "secs": 23.0, "error": ""}
{"fold": "is_sorted", "n": 100000, "ok": true, "depth": 1100013, "itrs": 9800088, "secs": 9.5, "error": ""}
{"fold": "last", "n": 100000, "ok": true, "depth": 700079, "itrs": 3900084, "secs": 3.6, "error": ""}
{"fold": "xor_all", "n": 100000, "ok": true, "depth": 700075, "itrs": 2400080, "secs": 2.7, "error": ""}
{"fold": "category_set", "n": 100000, "ok": true, "depth": 700075, "itrs": 2700080, "secs": 2.6, "error": ""}
{"fold": "all_positive", "n": 100000, "ok": true, "depth": 700075, "itrs": 2600080, "secs": 2.6, "error": ""}
{"fold": "any_zero", "n": 100000, "ok": true, "depth": 700075, "itrs": 2600080, "secs": 2.8, "error": ""}
{"fold": "count_gt500", "n": 100000, "ok": true, "depth": 700075, "itrs": 2600080, "secs": 2.6, "error": ""}
{"fold": "sum_squares", "n": 100000, "ok": true, "depth": 700075, "itrs": 2800080, "secs": 2.9, "error": ""}
{"fold": "gcd", "n": 100000, "ok": true, "depth": 1733436, "itrs": 5981712, "secs": 4.8, "error": ""}
{"fold": "lexmin_pair", "n": 100000, "ok": true, "depth": 1700012, "itrs": 7200113, "secs": 6.2, "error": ""}
{"fold": "top3_merge", "n": 100000, "ok": true, "depth": 2200024, "itrs": 18400080, "secs": 14.2, "error": ""}
{"fold": "sat_sum_cap", "n": 100000, "ok": true, "depth": 1300018, "itrs": 5200080, "secs": 4.3, "error": ""}
{"fold": "sat_sum_24", "n": 100000, "ok": true, "depth": 1500010, "itrs": 4000080, "secs": 3.0, "error": ""}
{"fold": "minmax_pair", "n": 100000, "ok": true, "depth": 1100011, "itrs": 5800080, "secs": 4.6, "error": ""}
{"fold": "mean_floor", "n": 100000, "ok": true, "depth": 700087, "itrs": 2900100, "secs": 2.2, "error": ""}
{"fold": "hash_affine", "n": 100000, "ok": true, "depth": 700077, "itrs": 3300084, "secs": 2.2, "error": ""}
{"fold": "adjacent_equal", "n": 100000, "ok": true, "depth": 1100015, "itrs": 10000088, "secs": 7.8, "error": ""}
{"fold": "category_counts", "n": 100000, "ok": true, "depth": 700078, "itrs": 7400080, "secs": 5.7, "error": ""}
{"fold": "max_priority_guest", "n": 100000, "ok": true, "depth": 1700012, "itrs": 7200113, "secs": 6.4, "error": ""}
{"fold": "first_violation", "n": 100000, "ok": true, "depth": 1000020, "itrs": 7100084, "secs": 5.6, "error": ""}
{"fold": "section_fill_cap6", "n": 100000, "ok": true, "depth": 1300010, "itrs": 3900080, "secs": 2.8, "error": ""}
