{"fold": "sum", "n": 1000, "ok": true, "depth": 3011, "itrs": 23235, "secs": 0.2, "error": ""}
{"fold": "product", "n": 1000, "ok": true, "depth": 3011, "itrs": 23235, "secs": 0.2, "error": ""}
{"fold": "length", "n": 1000, "ok": true, "depth": 3011, "itrs": 24235, "secs": 0.2, "error": ""}
{"fold": "max", "n": 1000, "ok": true, "depth": 11011, "itrs": 37235, "secs": 0.2, "error": ""}
{"fold": "min", "n": 1000, "ok": true, "depth": 11011, "itrs": 37235, "secs": 0.1, "error": ""}
{"fold": "count_even", "n": 1000, "ok": true, "depth": 3013, "itrs": 27235, "secs": 0.1, "error": ""}
{"fold": "argmax_first", "n": 1000, "ok": true, "depth": 10016, "itrs": 61241, "secs": 0.2, "error": ""}
{"fold": "argmin_first", "n": 1000, "ok": true, "depth": 10016, "itrs": 61241, "secs": 0.2, "error": ""}
{"fold": "second_largest", "n": 1000, "ok": true, "depth": 20016, "itrs": 92239, "secs": 0.2, "error": ""}
{"fold": "longest_run", "n": 1000, "ok": true, "depth": 27016, "itrs": 253247, "secs": 0.5, "error": ""}
{"fold": "is_sorted", "n": 1000, "ok": true, "depth": 11014, "itrs": 97243, "secs": 0.1, "error": ""}
{"fold": "last", "n": 1000, "ok": true, "depth": 3013, "itrs": 38239, "secs": 0.1, "error": ""}
{"fold": "xor_all", "n": 1000, "ok": true, "depth": 3011, "itrs": 23235, "secs": 0.1, "error": ""}
{"fold": "category_set", "n": 1000, "ok": true, "depth": 3011, "itrs": 26235, "secs": 0.1, "error": ""}
{"fold": "all_positive", "n": 1000, "ok": true, "depth": 3011, "itrs": 25235, "secs": 0.2, "error": ""}
{"fold": "any_zero", "n": 1000, "ok": true, "depth": 3011, "itrs": 25235, "secs": 0.1, "error": ""}
{"fold": "count_gt500", "n": 1000, "ok": true, "depth": 3011, "itrs": 25235, "secs": 0.1, "error": ""}
{"fold": "sum_squares", "n": 1000, "ok": true, "depth": 3013, "itrs": 27235, "secs": 0.1, "error": ""}
{"fold": "gcd", "n": 1000, "ok": true, "depth": 17416, "itrs": 59163, "secs": 0.1, "error": ""}
{"fold": "lexmin_pair", "n": 1000, "ok": true, "depth": 17013, "itrs": 71235, "secs": 0.1, "error": ""}
{"fold": "top3_merge", "n": 1000, "ok": true, "depth": 22025, "itrs": 183235, "secs": 0.2, "error": ""}
{"fold": "sat_sum_cap", "n": 1000, "ok": true, "depth": 13019, "itrs": 51235, "secs": 0.1, "error": ""}
{"fold": "sat_sum_24", "n": 1000, "ok": true, "depth": 15011, "itrs": 39235, "secs": 0.1, "error": ""}
{"fold": "minmax_pair", "n": 1000, "ok": true, "depth": 11012, "itrs": 57235, "secs": 0.1, "error": ""}
{"fold": "mean_floor", "n": 1000, "ok": true, "depth": 3023, "itrs": 28255, "secs": 0.1, "error": ""}
{"fold": "hash_affine", "n": 1000, "ok": true, "depth": 6012, "itrs": 32239, "secs": 0.1, "error": ""}
{"fold": "adjacent_equal", "n": 1000, "ok": true, "depth": 11016, "itrs": 99243, "secs": 0.2, "error": ""}
{"fold": "category_counts", "n": 1000, "ok": true, "depth": 3017, "itrs": 73235, "secs": 0.1, "error": ""}
{"fold": "max_priority_guest", "n": 1000, "ok": true, "depth": 17013, "itrs": 71235, "secs": 0.3, "error": ""}
{"fold": "first_violation", "n": 1000, "ok": true, "depth": 10021, "itrs": 70239, "secs": 0.3, "error": ""}
{"fold": "section_fill_cap6", "n": 1000, "ok": true, "depth": 13011, "itrs": 38235, "secs": 0.2, "error": ""}
{"fold": "sum", "n": 10000, "ok": true, "depth": 30011, "itrs": 231471, "secs": 0.3, "error": ""}
{"fold": "product", "n": 10000, "ok": true, "depth": 30011, "itrs": 231471, "secs": 0.3, "error": ""}
{"fold": "length", "n": 10000, "ok": true, "depth": 30011, "itrs": 241471, "secs": 0.3, "error": ""}
{"fold": "max", "n": 10000, "ok": true, "depth": 110011, "itrs": 371471, "secs": 0.4, "error": ""}
{"fold": "min", "n": 10000, "ok": true, "depth": 110011, "itrs": 371471, "secs": 0.4, "error": ""}
{"fold": "count_even", "n": 10000, "ok": true, "depth": 30013, "itrs": 271471, "secs": 0.4, "error": ""}
{"fold": "argmax_first", "n": 10000, "ok": true, "depth": 100016, "itrs": 611477, "secs": 0.6, "error": ""}
{"fold": "argmin_first", "n": 10000, "ok": true, "depth": 100016, "itrs": 611477, "secs": 0.8, "error": ""}
{"fold": "second_largest", "n": 10000, "ok": true, "depth": 200016, "itrs": 921475, "secs": 1.2, "error": ""}
{"fold": "longest_run", "n": 10000, "ok": true, "depth": 270016, "itrs": 2531483, "secs": 2.5, "error": ""}
{"fold": "is_sorted", "n": 10000, "ok": true, "depth": 110014, "itrs": 971479, "secs": 0.9, "error": ""}
{"fold": "last", "n": 10000, "ok": true, "depth": 30013, "itrs": 381475, "secs": 0.5, "error": ""}
{"fold": "xor_all", "n": 10000, "ok": true, "depth": 30011, "itrs": 231471, "secs": 0.2, "error": ""}
{"fold": "category_set", "n": 10000, "ok": true, "depth": 30011, "itrs": 261471, "secs": 0.2, "error": ""}
{"fold": "all_positive", "n": 10000, "ok": true, "depth": 30011, "itrs": 251471, "secs": 0.4, "error": ""}
{"fold": "any_zero", "n": 10000, "ok": true, "depth": 30011, "itrs": 251471, "secs": 0.4, "error": ""}
{"fold": "count_gt500", "n": 10000, "ok": true, "depth": 30011, "itrs": 251471, "secs": 0.2, "error": ""}
{"fold": "sum_squares", "n": 10000, "ok": true, "depth": 30013, "itrs": 271471, "secs": 0.4, "error": ""}
{"fold": "gcd", "n": 10000, "ok": true, "depth": 173206, "itrs": 589359, "secs": 0.9, "error": ""}
{"fold": "lexmin_pair", "n": 10000, "ok": true, "depth": 170013, "itrs": 711474, "secs": 0.7, "error": ""}
{"fold": "top3_merge", "n": 10000, "ok": true, "depth": 220025, "itrs": 1831471, "secs": 1.5, "error": ""}
{"fold": "sat_sum_cap", "n": 10000, "ok": true, "depth": 130019, "itrs": 511471, "secs": 0.5, "error": ""}
{"fold": "sat_sum_24", "n": 10000, "ok": true, "depth": 150011, "itrs": 391471, "secs": 0.4, "error": ""}
{"fold": "minmax_pair", "n": 10000, "ok": true, "depth": 110012, "itrs": 571471, "secs": 0.7, "error": ""}
{"fold": "mean_floor", "n": 10000, "ok": true, "depth": 30023, "itrs": 281491, "secs": 0.3, "error": ""}
{"fold": "hash_affine", "n": 10000, "ok": true, "depth": 60012, "itrs": 321475, "secs": 0.4, "error": ""}
{"fold": "adjacent_equal", "n": 10000, "ok": true, "depth": 110016, "itrs": 991479, "secs": 0.9, "error": ""}
{"fold": "category_counts", "n": 10000, "ok": true, "depth": 30017, "itrs": 731471, "secs": 0.6, "error": ""}
{"fold": "max_priority_guest", "n": 10000, "ok": true, "depth": 170013, "itrs": 711474, "secs": 0.8, "error": ""}
{"fold": "first_violation", "n": 10000, "ok": true, "depth": 100021, "itrs": 701475, "secs": 0.8, "error": ""}
{"fold": "section_fill_cap6", "n": 10000, "ok": true, "depth": 130011, "itrs": 381471, "secs": 0.6, "error": ""}
{"fold": "sum", "n": 100000, "ok": true, "depth": 300011, "itrs": 2312781, "secs": 2.5, "error": ""}
{"fold": "product", "n": 100000, "ok": true, "depth": 300011, "itrs": 2312781, "secs": 2.3, "error": ""}
{"fold": "length", "n": 100000, "ok": true, "depth": 300011, "itrs": 2412781, "secs": 2.8, "error": ""}
{"fold": "max", "n": 100000, "ok": true, "depth": 1100011, "itrs": 3712781, "secs": 3.8, "error": ""}
{"fold": "min", "n": 100000, "ok": true, "depth": 1100011, "itrs": 3712781, "secs": 4.3, "error": ""}
{"fold": "count_even", "n": 100000, "ok": true, "depth": 300013, "itrs": 2712781, "secs": 3.0, "error": ""}
{"fold": "argmax_first", "n": 100000, "ok": true, "depth": 1000016, "itrs": 6112787, "secs": 6.1, "error": ""}
{"fold": "argmin_first", "n": 100000, "ok": true, "depth": 1000016, "itrs": 6112787, "secs": 6.0, "error": ""}
{"fold": "second_largest", "n": 100000, "ok": true, "depth": 2000016, "itrs": 9212785, "secs": 10.4, "error": ""}
{"fold": "longest_run", "n": 100000, "ok": true, "depth": 2700016, "itrs": 25312793, "secs": 26.1, "error": ""}
{"fold": "is_sorted", "n": 100000, "ok": true, "depth": 1100014, "itrs": 9712789, "secs": 9.7, "error": ""}
{"fold": "last", "n": 100000, "ok": true, "depth": 300013, "itrs": 3812785, "secs": 4.4, "error": ""}
{"fold": "xor_all", "n": 100000, "ok": true, "depth": 300011, "itrs": 2312781, "secs": 2.4, "error": ""}
{"fold": "category_set", "n": 100000, "ok": true, "depth": 300011, "itrs": 2612781, "secs": 2.7, "error": ""}
{"fold": "all_positive", "n": 100000, "ok": true, "depth": 300011, "itrs": 2512781, "secs": 3.2, "error": ""}
{"fold": "any_zero", "n": 100000, "ok": true, "depth": 300011, "itrs": 2512781, "secs": 2.7, "error": ""}
{"fold": "count_gt500", "n": 100000, "ok": true, "depth": 300011, "itrs": 2512781, "secs": 2.3, "error": ""}
{"fold": "sum_squares", "n": 100000, "ok": true, "depth": 300013, "itrs": 2712781, "secs": 2.6, "error": ""}
{"fold": "gcd", "n": 100000, "ok": true, "depth": 1733437, "itrs": 5894413, "secs": 5.3, "error": ""}
{"fold": "lexmin_pair", "n": 100000, "ok": true, "depth": 1700013, "itrs": 7112814, "secs": 6.6, "error": ""}
{"fold": "top3_merge", "n": 100000, "ok": true, "depth": 2200025, "itrs": 18312781, "secs": 16.8, "error": ""}
{"fold": "sat_sum_cap", "n": 100000, "ok": true, "depth": 1300019, "itrs": 5112781, "secs": 5.6, "error": ""}
{"fold": "sat_sum_24", "n": 100000, "ok": true, "depth": 1500011, "itrs": 3912781, "secs": 3.3, "error": ""}
{"fold": "minmax_pair", "n": 100000, "ok": true, "depth": 1100012, "itrs": 5712781, "secs": 4.6, "error": ""}
{"fold": "mean_floor", "n": 100000, "ok": true, "depth": 300023, "itrs": 2812801, "secs": 1.9, "error": ""}
{"fold": "hash_affine", "n": 100000, "ok": true, "depth": 600012, "itrs": 3212785, "secs": 2.4, "error": ""}
{"fold": "adjacent_equal", "n": 100000, "ok": true, "depth": 1100016, "itrs": 9912789, "secs": 8.1, "error": ""}
{"fold": "category_counts", "n": 100000, "ok": true, "depth": 300017, "itrs": 7312781, "secs": 6.1, "error": ""}
{"fold": "max_priority_guest", "n": 100000, "ok": true, "depth": 1700013, "itrs": 7112814, "secs": 6.6, "error": ""}
{"fold": "first_violation", "n": 100000, "ok": true, "depth": 1000021, "itrs": 7012785, "secs": 6.8, "error": ""}
{"fold": "section_fill_cap6", "n": 100000, "ok": true, "depth": 1300011, "itrs": 3812781, "secs": 4.3, "error": ""}
