{"fold": "sum", "n": 1000, "ok": true, "depth": 3122, "itrs": 47985, "secs": 0.1, "error": ""}
{"fold": "product", "n": 1000, "ok": true, "depth": 3122, "itrs": 47985, "secs": 0.1, "error": ""}
{"fold": "length", "n": 1000, "ok": true, "depth": 3122, "itrs": 48985, "secs": 0.1, "error": ""}
{"fold": "max", "n": 1000, "ok": true, "depth": 11114, "itrs": 61985, "secs": 0.1, "error": ""}
{"fold": "min", "n": 1000, "ok": true, "depth": 11114, "itrs": 61985, "secs": 0.1, "error": ""}
{"fold": "count_even", "n": 1000, "ok": true, "depth": 3124, "itrs": 51985, "secs": 0.1, "error": ""}
{"fold": "argmax_first", "n": 1000, "ok": true, "depth": 10120, "itrs": 85991, "secs": 0.1, "error": ""}
{"fold": "argmin_first", "n": 1000, "ok": true, "depth": 10120, "itrs": 85991, "secs": 0.1, "error": ""}
{"fold": "second_largest", "n": 1000, "ok": true, "depth": 20119, "itrs": 116989, "secs": 0.2, "error": ""}
{"fold": "longest_run", "n": 1000, "ok": true, "depth": 27119, "itrs": 277997, "secs": 0.3, "error": ""}
{"fold": "is_sorted", "n": 1000, "ok": true, "depth": 11117, "itrs": 121993, "secs": 0.1, "error": ""}
{"fold": "last", "n": 1000, "ok": true, "depth": 3124, "itrs": 62989, "secs": 0.1, "error": ""}
{"fold": "xor_all", "n": 1000, "ok": true, "depth": 3122, "itrs": 47985, "secs": 0.2, "error": ""}
{"fold": "category_set", "n": 1000, "ok": true, "depth": 3122, "itrs": 50985, "secs": 0.1, "error": ""}
{"fold": "all_positive", "n": 1000, "ok": true, "depth": 3122, "itrs": 49985, "secs": 0.1, "error": ""}
{"fold": "any_zero", "n": 1000, "ok": true, "depth": 3122, "itrs": 49985, "secs": 0.1, "error": ""}
{"fold": "count_gt500", "n": 1000, "ok": true, "depth": 3122, "itrs": 49985, "secs": 0.1, "error": ""}
{"fold": "sum_squares", "n": 1000, "ok": true, "depth": 3124, "itrs": 51985, "secs": 0.1, "error": ""}
{"fold": "gcd", "n": 1000, "ok": true, "depth": 17521, "itrs": 83913, "secs": 0.1, "error": ""}
{"fold": "lexmin_pair", "n": 1000, "ok": true, "depth": 17116, "itrs": 95985, "secs": 0.1, "error": ""}
{"fold": "top3_merge", "n": 1000, "ok": true, "depth": 22128, "itrs": 207985, "secs": 0.4, "error": ""}
{"fold": "sat_sum_cap", "n": 1000, "ok": true, "depth": 13122, "itrs": 75985, "secs": 0.1, "error": ""}
{"fold": "sat_sum_24", "n": 1000, "ok": true, "depth": 15114, "itrs": 63985, "secs": 0.1, "error": ""}
{"fold": "minmax_pair", "n": 1000, "ok": true, "depth": 11115, "itrs": 81985, "secs": 0.1, "error": ""}
{"fold": "mean_floor", "n": 1000, "ok": true, "depth": 3134, "itrs": 53005, "secs": 0.1, "error": ""}
{"fold": "hash_affine", "n": 1000, "ok": true, "depth": 6120, "itrs": 56989, "secs": 0.1, "error": ""}
{"fold": "adjacent_equal", "n": 1000, "ok": true, "depth": 11119, "itrs": 123993, "secs": 0.2, "error": ""}
{"fold": "category_counts", "n": 1000, "ok": true, "depth": 3128, "itrs": 97985, "secs": 0.1, "error": ""}
{"fold": "max_priority_guest", "n": 1000, "ok": true, "depth": 17116, "itrs": 95985, "secs": 0.2, "error": ""}
{"fold": "first_violation", "n": 1000, "ok": true, "depth": 10125, "itrs": 94989, "secs": 0.1, "error": ""}
{"fold": "section_fill_cap6", "n": 1000, "ok": true, "depth": 13114, "itrs": 62985, "secs": 0.1, "error": ""}
{"fold": "sum", "n": 10000, "ok": true, "depth": 30158, "itrs": 479999, "secs": 0.6, "error": ""}
{"fold": "product", "n": 10000, "ok": true, "depth": 30158, "itrs": 479999, "secs": 0.4, "error": ""}
{"fold": "length", "n": 10000, "ok": true, "depth": 30158, "itrs": 489999, "secs": 0.6, "error": ""}
{"fold": "max", "n": 10000, "ok": true, "depth": 110158, "itrs": 619999, "secs": 0.6, "error": ""}
{"fold": "min", "n": 10000, "ok": true, "depth": 110158, "itrs": 619999, "secs": 1.0, "error": ""}
{"fold": "count_even", "n": 10000, "ok": true, "depth": 30160, "itrs": 519999, "secs": 0.8, "error": ""}
{"fold": "argmax_first", "n": 10000, "ok": true, "depth": 100163, "itrs": 860005, "secs": 0.9, "error": ""}
{"fold": "argmin_first", "n": 10000, "ok": true, "depth": 100163, "itrs": 860005, "secs": 0.7, "error": ""}
{"fold": "second_largest", "n": 10000, "ok": true, "depth": 200163, "itrs": 1170003, "secs": 1.3, "error": ""}
{"fold": "longest_run", "n": 10000, "ok": true, "depth": 270163, "itrs": 2780011, "secs": 2.8, "error": ""}
{"fold": "is_sorted", "n": 10000, "ok": true, "depth": 110161, "itrs": 1220007, "secs": 1.2, "error": ""}
{"fold": "last", "n": 10000, "ok": true, "depth": 30160, "itrs": 630003, "secs": 0.8, "error": ""}
{"fold": "xor_all", "n": 10000, "ok": true, "depth": 30158, "itrs": 479999, "secs": 0.5, "error": ""}
{"fold": "category_set", "n": 10000, "ok": true, "depth": 30158, "itrs": 509999, "secs": 0.5, "error": ""}
{"fold": "all_positive", "n": 10000, "ok": true, "depth": 30158, "itrs": 499999, "secs": 0.5, "error": ""}
{"fold": "any_zero", "n": 10000, "ok": true, "depth": 30158, "itrs": 499999, "secs": 0.3, "error": ""}
{"fold": "count_gt500", "n": 10000, "ok": true, "depth": 30158, "itrs": 499999, "secs": 0.3, "error": ""}
{"fold": "sum_squares", "n": 10000, "ok": true, "depth": 30160, "itrs": 519999, "secs": 0.4, "error": ""}
{"fold": "gcd", "n": 10000, "ok": true, "depth": 173353, "itrs": 837887, "secs": 0.7, "error": ""}
{"fold": "lexmin_pair", "n": 10000, "ok": true, "depth": 170160, "itrs": 960015, "secs": 0.9, "error": ""}
{"fold": "top3_merge", "n": 10000, "ok": true, "depth": 220172, "itrs": 2079999, "secs": 2.7, "error": ""}
{"fold": "sat_sum_cap", "n": 10000, "ok": true, "depth": 130166, "itrs": 759999, "secs": 1.1, "error": ""}
{"fold": "sat_sum_24", "n": 10000, "ok": true, "depth": 150158, "itrs": 639999, "secs": 0.7, "error": ""}
{"fold": "minmax_pair", "n": 10000, "ok": true, "depth": 110159, "itrs": 819999, "secs": 0.8, "error": ""}
{"fold": "mean_floor", "n": 10000, "ok": true, "depth": 30170, "itrs": 530019, "secs": 0.4, "error": ""}
{"fold": "hash_affine", "n": 10000, "ok": true, "depth": 60159, "itrs": 570003, "secs": 0.8, "error": ""}
{"fold": "adjacent_equal", "n": 10000, "ok": true, "depth": 110163, "itrs": 1240007, "secs": 1.4, "error": ""}
{"fold": "category_counts", "n": 10000, "ok": true, "depth": 30164, "itrs": 979999, "secs": 0.9, "error": ""}
{"fold": "max_priority_guest", "n": 10000, "ok": true, "depth": 170160, "itrs": 960015, "secs": 1.3, "error": ""}
{"fold": "first_violation", "n": 10000, "ok": true, "depth": 100168, "itrs": 950003, "secs": 1.1, "error": ""}
{"fold": "section_fill_cap6", "n": 10000, "ok": true, "depth": 130158, "itrs": 629999, "secs": 0.6, "error": ""}
{"fold": "sum", "n": 100000, "ok": true, "depth": 300199, "itrs": 4800111, "secs": 4.5, "error": ""}
{"fold": "product", "n": 100000, "ok": true, "depth": 300199, "itrs": 4800111, "secs": 5.2, "error": ""}
{"fold": "length", "n": 100000, "ok": true, "depth": 300199, "itrs": 4900111, "secs": 4.9, "error": ""}
{"fold": "max", "n": 100000, "ok": true, "depth": 1100191, "itrs": 6200111, "secs": 7.1, "error": ""}
{"fold": "min", "n": 100000, "ok": true, "depth": 1100191, "itrs": 6200111, "secs": 6.2, "error": ""}
{"fold": "count_even", "n": 100000, "ok": true, "depth": 300201, "itrs": 5200111, "secs": 5.5, "error": ""}
{"fold": "argmax_first", "n": 100000, "ok": true, "depth": 1000197, "itrs": 8600117, "secs": 8.7, "error": ""}
{"fold": "argmin_first", "n": 100000, "ok": true, "depth": 1000197, "itrs": 8600117, "secs": 9.6, "error": ""}
{"fold": "second_largest", "n": 100000, "ok": true, "depth": 2000196, "itrs": 11700115, "secs": 13.0, "error": ""}
{"fold": "longest_run", "n": 100000, "ok": true, "depth": 2700196, "itrs": 27800123, "secs": 31.3, "error": ""}
{"fold": "is_sorted", "n": 100000, "ok": true, "depth": 1100194, "itrs": 12200119, "secs": 12.4, "error": ""}
{"fold": "last", "n": 100000, "ok": true, "depth": 300201, "itrs": 6300115, "secs": 4.6, "error": ""}
{"fold": "xor_all", "n": 100000, "ok": true, "depth": 300199, "itrs": 4800111, "secs": 2.8, "error": ""}
{"fold": "category_set", "n": 100000, "ok": true, "depth": 300199, "itrs": 5100111, "secs": 2.9, "error": ""}
{"fold": "all_positive", "n": 100000, "ok": true, "depth": 300199, "itrs": 5000111, "secs": 2.3, "error": ""}
{"fold": "any_zero", "n": 100000, "ok": true, "depth": 300199, "itrs": 5000111, "secs": 2.6, "error": ""}
{"fold": "count_gt500", "n": 100000, "ok": true, "depth": 300199, "itrs": 5000111, "secs": 2.7, "error": ""}
{"fold": "sum_squares", "n": 100000, "ok": true, "depth": 300201, "itrs": 5200111, "secs": 2.7, "error": ""}
{"fold": "gcd", "n": 100000, "ok": true, "depth": 1733619, "itrs": 8381743, "secs": 4.9, "error": ""}
{"fold": "lexmin_pair", "n": 100000, "ok": true, "depth": 1700193, "itrs": 9600239, "secs": 5.4, "error": ""}
{"fold": "top3_merge", "n": 100000, "ok": true, "depth": 2200205, "itrs": 20800111, "secs": 11.6, "error": ""}
{"fold": "sat_sum_cap", "n": 100000, "ok": true, "depth": 1300199, "itrs": 7600111, "secs": 3.9, "error": ""}
{"fold": "sat_sum_24", "n": 100000, "ok": true, "depth": 1500191, "itrs": 6400111, "secs": 3.3, "error": ""}
{"fold": "minmax_pair", "n": 100000, "ok": true, "depth": 1100192, "itrs": 8200111, "secs": 4.1, "error": ""}
{"fold": "mean_floor", "n": 100000, "ok": true, "depth": 300211, "itrs": 5300131, "secs": 2.8, "error": ""}
{"fold": "hash_affine", "n": 100000, "ok": true, "depth": 600197, "itrs": 5700115, "secs": 3.7, "error": ""}
{"fold": "adjacent_equal", "n": 100000, "ok": true, "depth": 1100196, "itrs": 12400119, "secs": 9.4, "error": ""}
{"fold": "category_counts", "n": 100000, "ok": true, "depth": 300205, "itrs": 9800111, "secs": 7.4, "error": ""}
{"fold": "max_priority_guest", "n": 100000, "ok": true, "depth": 1700193, "itrs": 9600239, "secs": 7.1, "error": ""}
{"fold": "first_violation", "n": 100000, "ok": true, "depth": 1000202, "itrs": 9500115, "secs": 6.1, "error": ""}
{"fold": "section_fill_cap6", "n": 100000, "ok": true, "depth": 1300191, "itrs": 6300111, "secs": 3.9, "error": ""}
