{"fold": "sum", "n": 1000, "ok": true, "depth": 151, "itrs": 36982, "secs": 0.3, "error": ""}
{"fold": "product", "n": 1000, "ok": true, "depth": 151, "itrs": 36982, "secs": 0.3, "error": ""}
{"fold": "length", "n": 1000, "ok": true, "depth": 151, "itrs": 37982, "secs": 0.2, "error": ""}
{"fold": "max", "n": 1000, "ok": true, "depth": 231, "itrs": 50968, "secs": 0.2, "error": ""}
{"fold": "min", "n": 1000, "ok": true, "depth": 231, "itrs": 50968, "secs": 0.2, "error": ""}
{"fold": "count_even", "n": 1000, "ok": true, "depth": 155, "itrs": 40982, "secs": 0.1, "error": ""}
{"fold": "argmax_first", "n": 1000, "ok": true, "depth": 245, "itrs": 74950, "secs": 0.1, "error": ""}
{"fold": "argmin_first", "n": 1000, "ok": true, "depth": 245, "itrs": 74950, "secs": 0.1, "error": ""}
{"fold": "second_largest", "n": 1000, "ok": true, "depth": 326, "itrs": 105917, "secs": 0.2, "error": ""}
{"fold": "longest_run", "n": 1000, "ok": true, "depth": 396, "itrs": 266765, "secs": 0.3, "error": ""}
{"fold": "is_sorted", "n": 1000, "ok": true, "depth": 234, "itrs": 110917, "secs": 0.1, "error": ""}
{"fold": "last", "n": 1000, "ok": true, "depth": 168, "itrs": 51971, "secs": 0.1, "error": ""}
{"fold": "xor_all", "n": 1000, "ok": true, "depth": 151, "itrs": 36982, "secs": 0.2, "error": ""}
{"fold": "category_set", "n": 1000, "ok": true, "depth": 153, "itrs": 39982, "secs": 0.2, "error": ""}
{"fold": "all_positive", "n": 1000, "ok": true, "depth": 153, "itrs": 38982, "secs": 0.1, "error": ""}
{"fold": "any_zero", "n": 1000, "ok": true, "depth": 153, "itrs": 38982, "secs": 0.1, "error": ""}
{"fold": "count_gt500", "n": 1000, "ok": true, "depth": 153, "itrs": 38982, "secs": 0.2, "error": ""}
{"fold": "sum_squares", "n": 1000, "ok": true, "depth": 155, "itrs": 40982, "secs": 0.1, "error": ""}
{"fold": "gcd", "n": 1000, "ok": true, "depth": 439, "itrs": 87289, "secs": 0.2, "error": ""}
{"fold": "lexmin_pair", "n": 1000, "ok": true, "depth": 293, "itrs": 84935, "secs": 0.1, "error": ""}
{"fold": "top3_merge", "n": 1000, "ok": true, "depth": 355, "itrs": 196822, "secs": 0.2, "error": ""}
{"fold": "sat_sum_cap", "n": 1000, "ok": true, "depth": 261, "itrs": 64968, "secs": 0.1, "error": ""}
{"fold": "sat_sum_24", "n": 1000, "ok": true, "depth": 270, "itrs": 52966, "secs": 0.1, "error": ""}
{"fold": "minmax_pair", "n": 1000, "ok": true, "depth": 232, "itrs": 70949, "secs": 0.2, "error": ""}
{"fold": "mean_floor", "n": 1000, "ok": true, "depth": 163, "itrs": 41997, "secs": 0.2, "error": ""}
{"fold": "hash_affine", "n": 1000, "ok": true, "depth": 180, "itrs": 45977, "secs": 0.1, "error": ""}
{"fold": "adjacent_equal", "n": 1000, "ok": true, "depth": 235, "itrs": 112915, "secs": 0.2, "error": ""}
{"fold": "category_counts", "n": 1000, "ok": true, "depth": 159, "itrs": 86952, "secs": 0.2, "error": ""}
{"fold": "max_priority_guest", "n": 1000, "ok": true, "depth": 293, "itrs": 84935, "secs": 0.2, "error": ""}
{"fold": "first_violation", "n": 1000, "ok": true, "depth": 251, "itrs": 83951, "secs": 0.1, "error": ""}
{"fold": "section_fill_cap6", "n": 1000, "ok": true, "depth": 251, "itrs": 51968, "secs": 0.1, "error": ""}
{"fold": "sum", "n": 10000, "ok": true, "depth": 203, "itrs": 369996, "secs": 0.3, "error": ""}
{"fold": "product", "n": 10000, "ok": true, "depth": 203, "itrs": 369996, "secs": 0.4, "error": ""}
{"fold": "length", "n": 10000, "ok": true, "depth": 203, "itrs": 379996, "secs": 0.3, "error": ""}
{"fold": "max", "n": 10000, "ok": true, "depth": 315, "itrs": 509982, "secs": 0.5, "error": ""}
{"fold": "min", "n": 10000, "ok": true, "depth": 315, "itrs": 509982, "secs": 0.4, "error": ""}
{"fold": "count_even", "n": 10000, "ok": true, "depth": 207, "itrs": 409996, "secs": 0.5, "error": ""}
{"fold": "argmax_first", "n": 10000, "ok": true, "depth": 337, "itrs": 749964, "secs": 0.6, "error": ""}
{"fold": "argmin_first", "n": 10000, "ok": true, "depth": 337, "itrs": 749964, "secs": 0.6, "error": ""}
{"fold": "second_largest", "n": 10000, "ok": true, "depth": 446, "itrs": 1059931, "secs": 0.7, "error": ""}
{"fold": "longest_run", "n": 10000, "ok": true, "depth": 544, "itrs": 2669779, "secs": 2.1, "error": ""}
{"fold": "is_sorted", "n": 10000, "ok": true, "depth": 318, "itrs": 1109931, "secs": 0.8, "error": ""}
{"fold": "last", "n": 10000, "ok": true, "depth": 228, "itrs": 519985, "secs": 0.5, "error": ""}
{"fold": "xor_all", "n": 10000, "ok": true, "depth": 203, "itrs": 369996, "secs": 0.2, "error": ""}
{"fold": "category_set", "n": 10000, "ok": true, "depth": 205, "itrs": 399996, "secs": 0.4, "error": ""}
{"fold": "all_positive", "n": 10000, "ok": true, "depth": 205, "itrs": 389996, "secs": 0.5, "error": ""}
{"fold": "any_zero", "n": 10000, "ok": true, "depth": 205, "itrs": 389996, "secs": 0.5, "error": ""}
{"fold": "count_gt500", "n": 10000, "ok": true, "depth": 205, "itrs": 389996, "secs": 0.4, "error": ""}
{"fold": "sum_squares", "n": 10000, "ok": true, "depth": 207, "itrs": 409996, "secs": 0.6, "error": ""}
{"fold": "gcd", "n": 10000, "ok": true, "depth": 552, "itrs": 829815, "secs": 0.6, "error": ""}
{"fold": "lexmin_pair", "n": 10000, "ok": true, "depth": 401, "itrs": 849965, "secs": 0.9, "error": ""}
{"fold": "top3_merge", "n": 10000, "ok": true, "depth": 483, "itrs": 1969836, "secs": 1.5, "error": ""}
{"fold": "sat_sum_cap", "n": 10000, "ok": true, "depth": 353, "itrs": 649982, "secs": 0.6, "error": ""}
{"fold": "sat_sum_24", "n": 10000, "ok": true, "depth": 368, "itrs": 529980, "secs": 0.4, "error": ""}
{"fold": "minmax_pair", "n": 10000, "ok": true, "depth": 316, "itrs": 709963, "secs": 0.5, "error": ""}
{"fold": "mean_floor", "n": 10000, "ok": true, "depth": 215, "itrs": 420011, "secs": 0.5, "error": ""}
{"fold": "hash_affine", "n": 10000, "ok": true, "depth": 240, "itrs": 459991, "secs": 0.4, "error": ""}
{"fold": "adjacent_equal", "n": 10000, "ok": true, "depth": 319, "itrs": 1129929, "secs": 0.7, "error": ""}
{"fold": "category_counts", "n": 10000, "ok": true, "depth": 211, "itrs": 869966, "secs": 0.5, "error": ""}
{"fold": "max_priority_guest", "n": 10000, "ok": true, "depth": 401, "itrs": 849965, "secs": 0.7, "error": ""}
{"fold": "first_violation", "n": 10000, "ok": true, "depth": 343, "itrs": 839965, "secs": 0.7, "error": ""}
{"fold": "section_fill_cap6", "n": 10000, "ok": true, "depth": 343, "itrs": 519982, "secs": 0.4, "error": ""}
{"fold": "sum", "n": 100000, "ok": true, "depth": 249, "itrs": 3700108, "secs": 1.7, "error": ""}
{"fold": "product", "n": 100000, "ok": true, "depth": 249, "itrs": 3700108, "secs": 1.7, "error": ""}
{"fold": "length", "n": 100000, "ok": true, "depth": 249, "itrs": 3800108, "secs": 1.8, "error": ""}
{"fold": "max", "n": 100000, "ok": true, "depth": 385, "itrs": 5100094, "secs": 2.3, "error": ""}
{"fold": "min", "n": 100000, "ok": true, "depth": 385, "itrs": 5100094, "secs": 2.9, "error": ""}
{"fold": "count_even", "n": 100000, "ok": true, "depth": 253, "itrs": 4100108, "secs": 2.3, "error": ""}
{"fold": "argmax_first", "n": 100000, "ok": true, "depth": 406, "itrs": 7500076, "secs": 4.3, "error": ""}
{"fold": "argmin_first", "n": 100000, "ok": true, "depth": 406, "itrs": 7500076, "secs": 4.6, "error": ""}
{"fold": "second_largest", "n": 100000, "ok": true, "depth": 543, "itrs": 10600043, "secs": 5.5, "error": ""}
{"fold": "longest_run", "n": 100000, "ok": true, "depth": 662, "itrs": 26699891, "secs": 15.7, "error": ""}
{"fold": "is_sorted", "n": 100000, "ok": true, "depth": 388, "itrs": 11100043, "secs": 5.4, "error": ""}
{"fold": "last", "n": 100000, "ok": true, "depth": 273, "itrs": 5200097, "secs": 2.8, "error": ""}
{"fold": "xor_all", "n": 100000, "ok": true, "depth": 249, "itrs": 3700108, "secs": 2.2, "error": ""}
{"fold": "category_set", "n": 100000, "ok": true, "depth": 251, "itrs": 4000108, "secs": 2.3, "error": ""}
{"fold": "all_positive", "n": 100000, "ok": true, "depth": 251, "itrs": 3900108, "secs": 2.2, "error": ""}
{"fold": "any_zero", "n": 100000, "ok": true, "depth": 251, "itrs": 3900108, "secs": 2.1, "error": ""}
{"fold": "count_gt500", "n": 100000, "ok": true, "depth": 251, "itrs": 3900108, "secs": 2.6, "error": ""}
{"fold": "sum_squares", "n": 100000, "ok": true, "depth": 253, "itrs": 4100108, "secs": 2.6, "error": ""}
{"fold": "gcd", "n": 100000, "ok": true, "depth": 618, "itrs": 8129719, "secs": 5.4, "error": ""}
{"fold": "lexmin_pair", "n": 100000, "ok": true, "depth": 489, "itrs": 8500189, "secs": 5.9, "error": ""}
{"fold": "top3_merge", "n": 100000, "ok": true, "depth": 586, "itrs": 19699948, "secs": 16.8, "error": ""}
{"fold": "sat_sum_cap", "n": 100000, "ok": true, "depth": 429, "itrs": 6500094, "secs": 4.3, "error": ""}
{"fold": "sat_sum_24", "n": 100000, "ok": true, "depth": 452, "itrs": 5300092, "secs": 4.2, "error": ""}
{"fold": "minmax_pair", "n": 100000, "ok": true, "depth": 386, "itrs": 7100075, "secs": 5.8, "error": ""}
{"fold": "mean_floor", "n": 100000, "ok": true, "depth": 261, "itrs": 4200123, "secs": 3.1, "error": ""}
{"fold": "hash_affine", "n": 100000, "ok": true, "depth": 299, "itrs": 4600103, "secs": 3.6, "error": ""}
{"fold": "adjacent_equal", "n": 100000, "ok": true, "depth": 389, "itrs": 11300041, "secs": 8.5, "error": ""}
{"fold": "category_counts", "n": 100000, "ok": true, "depth": 257, "itrs": 8700078, "secs": 5.8, "error": ""}
{"fold": "max_priority_guest", "n": 100000, "ok": true, "depth": 489, "itrs": 8500189, "secs": 6.1, "error": ""}
{"fold": "first_violation", "n": 100000, "ok": true, "depth": 412, "itrs": 8400077, "secs": 5.8, "error": ""}
{"fold": "section_fill_cap6", "n": 100000, "ok": true, "depth": 419, "itrs": 5200094, "secs": 4.0, "error": ""}
