{"fold": "sum", "n": 1000, "ok": true, "depth": 2628, "itrs": 70861, "secs": 0.1, "error": ""}
{"fold": "product", "n": 1000, "ok": true, "depth": 2628, "itrs": 70861, "secs": 0.2, "error": ""}
{"fold": "length", "n": 1000, "ok": true, "depth": 2628, "itrs": 71861, "secs": 0.2, "error": ""}
{"fold": "max", "n": 1000, "ok": true, "depth": 2708, "itrs": 84847, "secs": 0.2, "error": ""}
{"fold": "min", "n": 1000, "ok": true, "depth": 2708, "itrs": 84847, "secs": 0.2, "error": ""}
{"fold": "count_even", "n": 1000, "ok": true, "depth": 2632, "itrs": 74861, "secs": 0.2, "error": ""}
{"fold": "argmax_first", "n": 1000, "ok": true, "depth": 2718, "itrs": 108829, "secs": 0.1, "error": ""}
{"fold": "argmin_first", "n": 1000, "ok": true, "depth": 2718, "itrs": 108829, "secs": 0.2, "error": ""}
{"fold": "second_largest", "n": 1000, "ok": true, "depth": 2803, "itrs": 139796, "secs": 0.2, "error": ""}
{"fold": "longest_run", "n": 1000, "ok": true, "depth": 2873, "itrs": 300644, "secs": 0.2, "error": ""}
{"fold": "is_sorted", "n": 1000, "ok": true, "depth": 2711, "itrs": 144796, "secs": 0.1, "error": ""}
{"fold": "last", "n": 1000, "ok": true, "depth": 2641, "itrs": 85850, "secs": 0.1, "error": ""}
{"fold": "xor_all", "n": 1000, "ok": true, "depth": 2628, "itrs": 70861, "secs": 0.1, "error": ""}
{"fold": "category_set", "n": 1000, "ok": true, "depth": 2630, "itrs": 73861, "secs": 0.1, "error": ""}
{"fold": "all_positive", "n": 1000, "ok": true, "depth": 2630, "itrs": 72861, "secs": 0.1, "error": ""}
{"fold": "any_zero", "n": 1000, "ok": true, "depth": 2630, "itrs": 72861, "secs": 0.1, "error": ""}
{"fold": "count_gt500", "n": 1000, "ok": true, "depth": 2630, "itrs": 72861, "secs": 0.2, "error": ""}
{"fold": "sum_squares", "n": 1000, "ok": true, "depth": 2632, "itrs": 74861, "secs": 0.2, "error": ""}
{"fold": "gcd", "n": 1000, "ok": true, "depth": 2917, "itrs": 123424, "secs": 0.2, "error": ""}
{"fold": "lexmin_pair", "n": 1000, "ok": true, "depth": 2770, "itrs": 118814, "secs": 0.2, "error": ""}
{"fold": "top3_merge", "n": 1000, "ok": true, "depth": 2832, "itrs": 230701, "secs": 0.2, "error": ""}
{"fold": "sat_sum_cap", "n": 1000, "ok": true, "depth": 2738, "itrs": 98847, "secs": 0.2, "error": ""}
{"fold": "sat_sum_24", "n": 1000, "ok": true, "depth": 2748, "itrs": 86845, "secs": 0.2, "error": ""}
{"fold": "minmax_pair", "n": 1000, "ok": true, "depth": 2709, "itrs": 104828, "secs": 0.2, "error": ""}
{"fold": "mean_floor", "n": 1000, "ok": true, "depth": 2640, "itrs": 75876, "secs": 0.2, "error": ""}
{"fold": "hash_affine", "n": 1000, "ok": true, "depth": 2659, "itrs": 79856, "secs": 0.2, "error": ""}
{"fold": "adjacent_equal", "n": 1000, "ok": true, "depth": 2712, "itrs": 146794, "secs": 0.3, "error": ""}
{"fold": "category_counts", "n": 1000, "ok": true, "depth": 2636, "itrs": 120831, "secs": 0.3, "error": ""}
{"fold": "max_priority_guest", "n": 1000, "ok": true, "depth": 2770, "itrs": 118814, "secs": 0.2, "error": ""}
{"fold": "first_violation", "n": 1000, "ok": true, "depth": 2724, "itrs": 117830, "secs": 0.2, "error": ""}
{"fold": "section_fill_cap6", "n": 1000, "ok": true, "depth": 2728, "itrs": 85847, "secs": 0.2, "error": ""}
{"fold": "sum", "n": 10000, "ok": true, "depth": 24088, "itrs": 695989, "secs": 0.5, "error": ""}
{"fold": "product", "n": 10000, "ok": true, "depth": 24088, "itrs": 695989, "secs": 0.5, "error": ""}
{"fold": "length", "n": 10000, "ok": true, "depth": 24088, "itrs": 705989, "secs": 0.4, "error": ""}
{"fold": "max", "n": 10000, "ok": true, "depth": 24200, "itrs": 835975, "secs": 0.4, "error": ""}
{"fold": "min", "n": 10000, "ok": true, "depth": 24200, "itrs": 835975, "secs": 0.7, "error": ""}
{"fold": "count_even", "n": 10000, "ok": true, "depth": 24092, "itrs": 735989, "secs": 0.6, "error": ""}
{"fold": "argmax_first", "n": 10000, "ok": true, "depth": 24214, "itrs": 1075957, "secs": 0.8, "error": ""}
{"fold": "argmin_first", "n": 10000, "ok": true, "depth": 24214, "itrs": 1075957, "secs": 0.8, "error": ""}
{"fold": "second_largest", "n": 10000, "ok": true, "depth": 24331, "itrs": 1385924, "secs": 1.0, "error": ""}
{"fold": "longest_run", "n": 10000, "ok": true, "depth": 24429, "itrs": 2995772, "secs": 2.5, "error": ""}
{"fold": "is_sorted", "n": 10000, "ok": true, "depth": 24203, "itrs": 1435924, "secs": 1.0, "error": ""}
{"fold": "last", "n": 10000, "ok": true, "depth": 24105, "itrs": 845978, "secs": 0.7, "error": ""}
{"fold": "xor_all", "n": 10000, "ok": true, "depth": 24088, "itrs": 695989, "secs": 0.6, "error": ""}
{"fold": "category_set", "n": 10000, "ok": true, "depth": 24090, "itrs": 725989, "secs": 0.7, "error": ""}
{"fold": "all_positive", "n": 10000, "ok": true, "depth": 24090, "itrs": 715989, "secs": 0.6, "error": ""}
{"fold": "any_zero", "n": 10000, "ok": true, "depth": 24090, "itrs": 715989, "secs": 0.4, "error": ""}
{"fold": "count_gt500", "n": 10000, "ok": true, "depth": 24090, "itrs": 715989, "secs": 0.6, "error": ""}
{"fold": "sum_squares", "n": 10000, "ok": true, "depth": 24092, "itrs": 735989, "secs": 0.6, "error": ""}
{"fold": "gcd", "n": 10000, "ok": true, "depth": 24419, "itrs": 1199328, "secs": 0.7, "error": ""}
{"fold": "lexmin_pair", "n": 10000, "ok": true, "depth": 24286, "itrs": 1175945, "secs": 0.8, "error": ""}
{"fold": "top3_merge", "n": 10000, "ok": true, "depth": 24368, "itrs": 2295829, "secs": 1.3, "error": ""}
{"fold": "sat_sum_cap", "n": 10000, "ok": true, "depth": 24238, "itrs": 975975, "secs": 0.5, "error": ""}
{"fold": "sat_sum_24", "n": 10000, "ok": true, "depth": 24256, "itrs": 855973, "secs": 0.5, "error": ""}
{"fold": "minmax_pair", "n": 10000, "ok": true, "depth": 24201, "itrs": 1035956, "secs": 0.6, "error": ""}
{"fold": "mean_floor", "n": 10000, "ok": true, "depth": 24100, "itrs": 746004, "secs": 0.5, "error": ""}
{"fold": "hash_affine", "n": 10000, "ok": true, "depth": 24131, "itrs": 785984, "secs": 0.4, "error": ""}
{"fold": "adjacent_equal", "n": 10000, "ok": true, "depth": 24204, "itrs": 1455922, "secs": 0.8, "error": ""}
{"fold": "category_counts", "n": 10000, "ok": true, "depth": 24096, "itrs": 1195959, "secs": 0.7, "error": ""}
{"fold": "max_priority_guest", "n": 10000, "ok": true, "depth": 24286, "itrs": 1175945, "secs": 0.7, "error": ""}
{"fold": "first_violation", "n": 10000, "ok": true, "depth": 24220, "itrs": 1165958, "secs": 0.6, "error": ""}
{"fold": "section_fill_cap6", "n": 10000, "ok": true, "depth": 24228, "itrs": 845975, "secs": 0.7, "error": ""}
{"fold": "sum", "n": 100000, "ok": true, "depth": 237902, "itrs": 6940254, "secs": 4.0, "error": ""}
{"fold": "product", "n": 100000, "ok": true, "depth": 237902, "itrs": 6940254, "secs": 3.8, "error": ""}
{"fold": "length", "n": 100000, "ok": true, "depth": 237902, "itrs": 7040254, "secs": 3.5, "error": ""}
{"fold": "max", "n": 100000, "ok": true, "depth": 238038, "itrs": 8340240, "secs": 4.0, "error": ""}
{"fold": "min", "n": 100000, "ok": true, "depth": 238038, "itrs": 8340240, "secs": 4.4, "error": ""}
{"fold": "count_even", "n": 100000, "ok": true, "depth": 237906, "itrs": 7340254, "secs": 4.0, "error": ""}
{"fold": "argmax_first", "n": 100000, "ok": true, "depth": 238055, "itrs": 10740222, "secs": 5.1, "error": ""}
{"fold": "argmin_first", "n": 100000, "ok": true, "depth": 238055, "itrs": 10740222, "secs": 5.2, "error": ""}
{"fold": "second_largest", "n": 100000, "ok": true, "depth": 238196, "itrs": 13840189, "secs": 6.2, "error": ""}
{"fold": "longest_run", "n": 100000, "ok": true, "depth": 238315, "itrs": 29940037, "secs": 16.4, "error": ""}
{"fold": "is_sorted", "n": 100000, "ok": true, "depth": 238041, "itrs": 14340189, "secs": 7.0, "error": ""}
{"fold": "last", "n": 100000, "ok": true, "depth": 237922, "itrs": 8440243, "secs": 5.3, "error": ""}
{"fold": "xor_all", "n": 100000, "ok": true, "depth": 237902, "itrs": 6940254, "secs": 4.1, "error": ""}
{"fold": "category_set", "n": 100000, "ok": true, "depth": 237904, "itrs": 7240254, "secs": 4.3, "error": ""}
{"fold": "all_positive", "n": 100000, "ok": true, "depth": 237904, "itrs": 7140254, "secs": 3.7, "error": ""}
{"fold": "any_zero", "n": 100000, "ok": true, "depth": 237904, "itrs": 7140254, "secs": 4.3, "error": ""}
{"fold": "count_gt500", "n": 100000, "ok": true, "depth": 237904, "itrs": 7140254, "secs": 4.8, "error": ""}
{"fold": "sum_squares", "n": 100000, "ok": true, "depth": 237906, "itrs": 7340254, "secs": 4.8, "error": ""}
{"fold": "gcd", "n": 100000, "ok": true, "depth": 238293, "itrs": 12002073, "secs": 6.6, "error": ""}
{"fold": "lexmin_pair", "n": 100000, "ok": true, "depth": 238142, "itrs": 11740240, "secs": 6.9, "error": ""}
{"fold": "top3_merge", "n": 100000, "ok": true, "depth": 238239, "itrs": 22940094, "secs": 14.0, "error": ""}
{"fold": "sat_sum_cap", "n": 100000, "ok": true, "depth": 238082, "itrs": 9740240, "secs": 5.6, "error": ""}
{"fold": "sat_sum_24", "n": 100000, "ok": true, "depth": 238106, "itrs": 8540238, "secs": 4.4, "error": ""}
{"fold": "minmax_pair", "n": 100000, "ok": true, "depth": 238039, "itrs": 10340221, "secs": 5.6, "error": ""}
{"fold": "mean_floor", "n": 100000, "ok": true, "depth": 237914, "itrs": 7440269, "secs": 4.2, "error": ""}
{"fold": "hash_affine", "n": 100000, "ok": true, "depth": 237954, "itrs": 7840249, "secs": 4.5, "error": ""}
{"fold": "adjacent_equal", "n": 100000, "ok": true, "depth": 238042, "itrs": 14540187, "secs": 8.1, "error": ""}
{"fold": "category_counts", "n": 100000, "ok": true, "depth": 237910, "itrs": 11940224, "secs": 6.8, "error": ""}
{"fold": "max_priority_guest", "n": 100000, "ok": true, "depth": 238142, "itrs": 11740240, "secs": 6.8, "error": ""}
{"fold": "first_violation", "n": 100000, "ok": true, "depth": 238061, "itrs": 11640223, "secs": 6.6, "error": ""}
{"fold": "section_fill_cap6", "n": 100000, "ok": true, "depth": 238072, "itrs": 8440240, "secs": 4.5, "error": ""}
