{"fold": "sum", "n": 1000, "ok": true, "depth": 7772, "itrs": 72345, "secs": 0.2, "error": ""}
{"fold": "product", "n": 1000, "ok": true, "depth": 7772, "itrs": 72345, "secs": 0.2, "error": ""}
{"fold": "length", "n": 1000, "ok": true, "depth": 7772, "itrs": 73345, "secs": 0.2, "error": ""}
{"fold": "max", "n": 1000, "ok": true, "depth": 7852, "itrs": 86331, "secs": 0.3, "error": ""}
{"fold": "min", "n": 1000, "ok": true, "depth": 7852, "itrs": 86331, "secs": 0.2, "error": ""}
{"fold": "count_even", "n": 1000, "ok": true, "depth": 7776, "itrs": 76345, "secs": 0.2, "error": ""}
{"fold": "argmax_first", "n": 1000, "ok": true, "depth": 7862, "itrs": 110313, "secs": 0.2, "error": ""}
{"fold": "argmin_first", "n": 1000, "ok": true, "depth": 7862, "itrs": 110313, "secs": 0.2, "error": ""}
{"fold": "second_largest", "n": 1000, "ok": true, "depth": 7947, "itrs": 141280, "secs": 0.2, "error": ""}
{"fold": "longest_run", "n": 1000, "ok": true, "depth": 8017, "itrs": 302128, "secs": 0.3, "error": ""}
{"fold": "is_sorted", "n": 1000, "ok": true, "depth": 7855, "itrs": 146280, "secs": 0.2, "error": ""}
{"fold": "last", "n": 1000, "ok": true, "depth": 7785, "itrs": 87334, "secs": 0.1, "error": ""}
{"fold": "xor_all", "n": 1000, "ok": true, "depth": 7772, "itrs": 72345, "secs": 0.1, "error": ""}
{"fold": "category_set", "n": 1000, "ok": true, "depth": 7774, "itrs": 75345, "secs": 0.1, "error": ""}
{"fold": "all_positive", "n": 1000, "ok": true, "depth": 7774, "itrs": 74345, "secs": 0.1, "error": ""}
{"fold": "any_zero", "n": 1000, "ok": true, "depth": 7774, "itrs": 74345, "secs": 0.1, "error": ""}
{"fold": "count_gt500", "n": 1000, "ok": true, "depth": 7774, "itrs": 74345, "secs": 0.2, "error": ""}
{"fold": "sum_squares", "n": 1000, "ok": true, "depth": 7776, "itrs": 76345, "secs": 0.2, "error": ""}
{"fold": "gcd", "n": 1000, "ok": true, "depth": 8061, "itrs": 124908, "secs": 0.1, "error": ""}
{"fold": "lexmin_pair", "n": 1000, "ok": true, "depth": 7914, "itrs": 120298, "secs": 0.2, "error": ""}
{"fold": "top3_merge", "n": 1000, "ok": true, "depth": 7976, "itrs": 232185, "secs": 0.2, "error": ""}
{"fold": "sat_sum_cap", "n": 1000, "ok": true, "depth": 7882, "itrs": 100331, "secs": 0.1, "error": ""}
{"fold": "sat_sum_24", "n": 1000, "ok": true, "depth": 7892, "itrs": 88329, "secs": 0.2, "error": ""}
{"fold": "minmax_pair", "n": 1000, "ok": true, "depth": 7853, "itrs": 106312, "secs": 0.2, "error": ""}
{"fold": "mean_floor", "n": 1000, "ok": true, "depth": 7784, "itrs": 77360, "secs": 0.1, "error": ""}
{"fold": "hash_affine", "n": 1000, "ok": true, "depth": 7803, "itrs": 81340, "secs": 0.1, "error": ""}
{"fold": "adjacent_equal", "n": 1000, "ok": true, "depth": 7856, "itrs": 148278, "secs": 0.2, "error": ""}
{"fold": "category_counts", "n": 1000, "ok": true, "depth": 7780, "itrs": 122315, "secs": 0.1, "error": ""}
{"fold": "max_priority_guest", "n": 1000, "ok": true, "depth": 7914, "itrs": 120298, "secs": 0.1, "error": ""}
{"fold": "first_violation", "n": 1000, "ok": true, "depth": 7868, "itrs": 119314, "secs": 0.2, "error": ""}
{"fold": "section_fill_cap6", "n": 1000, "ok": true, "depth": 7872, "itrs": 87331, "secs": 0.2, "error": ""}
{"fold": "sum", "n": 10000, "ok": true, "depth": 75380, "itrs": 720535, "secs": 0.6, "error": ""}
{"fold": "product", "n": 10000, "ok": true, "depth": 75380, "itrs": 720535, "secs": 0.6, "error": ""}
{"fold": "length", "n": 10000, "ok": true, "depth": 75380, "itrs": 730535, "secs": 0.6, "error": ""}
{"fold": "max", "n": 10000, "ok": true, "depth": 75492, "itrs": 860521, "secs": 0.6, "error": ""}
{"fold": "min", "n": 10000, "ok": true, "depth": 75492, "itrs": 860521, "secs": 1.0, "error": ""}
{"fold": "count_even", "n": 10000, "ok": true, "depth": 75384, "itrs": 760535, "secs": 0.8, "error": ""}
{"fold": "argmax_first", "n": 10000, "ok": true, "depth": 75506, "itrs": 1100503, "secs": 0.9, "error": ""}
{"fold": "argmin_first", "n": 10000, "ok": true, "depth": 75506, "itrs": 1100503, "secs": 0.9, "error": ""}
{"fold": "second_largest", "n": 10000, "ok": true, "depth": 75623, "itrs": 1410470, "secs": 1.1, "error": ""}
{"fold": "longest_run", "n": 10000, "ok": true, "depth": 75721, "itrs": 3020318, "secs": 2.1, "error": ""}
{"fold": "is_sorted", "n": 10000, "ok": true, "depth": 75495, "itrs": 1460470, "secs": 1.1, "error": ""}
{"fold": "last", "n": 10000, "ok": true, "depth": 75397, "itrs": 870524, "secs": 0.8, "error": ""}
{"fold": "xor_all", "n": 10000, "ok": true, "depth": 75380, "itrs": 720535, "secs": 0.7, "error": ""}
{"fold": "category_set", "n": 10000, "ok": true, "depth": 75382, "itrs": 750535, "secs": 0.7, "error": ""}
{"fold": "all_positive", "n": 10000, "ok": true, "depth": 75382, "itrs": 740535, "secs": 0.7, "error": ""}
{"fold": "any_zero", "n": 10000, "ok": true, "depth": 75382, "itrs": 740535, "secs": 0.6, "error": ""}
{"fold": "count_gt500", "n": 10000, "ok": true, "depth": 75382, "itrs": 740535, "secs": 0.6, "error": ""}
{"fold": "sum_squares", "n": 10000, "ok": true, "depth": 75384, "itrs": 760535, "secs": 0.5, "error": ""}
{"fold": "gcd", "n": 10000, "ok": true, "depth": 75711, "itrs": 1223874, "secs": 0.7, "error": ""}
{"fold": "lexmin_pair", "n": 10000, "ok": true, "depth": 75578, "itrs": 1200491, "secs": 0.9, "error": ""}
{"fold": "top3_merge", "n": 10000, "ok": true, "depth": 75660, "itrs": 2320375, "secs": 2.2, "error": ""}
{"fold": "sat_sum_cap", "n": 10000, "ok": true, "depth": 75530, "itrs": 1000521, "secs": 0.6, "error": ""}
{"fold": "sat_sum_24", "n": 10000, "ok": true, "depth": 75548, "itrs": 880519, "secs": 0.8, "error": ""}
{"fold": "minmax_pair", "n": 10000, "ok": true, "depth": 75493, "itrs": 1060502, "secs": 0.9, "error": ""}
{"fold": "mean_floor", "n": 10000, "ok": true, "depth": 75392, "itrs": 770550, "secs": 0.7, "error": ""}
{"fold": "hash_affine", "n": 10000, "ok": true, "depth": 75423, "itrs": 810530, "secs": 0.9, "error": ""}
{"fold": "adjacent_equal", "n": 10000, "ok": true, "depth": 75496, "itrs": 1480468, "secs": 1.2, "error": ""}
{"fold": "category_counts", "n": 10000, "ok": true, "depth": 75388, "itrs": 1220505, "secs": 1.0, "error": ""}
{"fold": "max_priority_guest", "n": 10000, "ok": true, "depth": 75578, "itrs": 1200491, "secs": 0.8, "error": ""}
{"fold": "first_violation", "n": 10000, "ok": true, "depth": 75512, "itrs": 1190504, "secs": 1.1, "error": ""}
{"fold": "section_fill_cap6", "n": 10000, "ok": true, "depth": 75520, "itrs": 870521, "secs": 0.9, "error": ""}
{"fold": "sum", "n": 100000, "ok": true, "depth": 750449, "itrs": 7200707, "secs": 5.1, "error": ""}
{"fold": "product", "n": 100000, "ok": true, "depth": 750449, "itrs": 7200707, "secs": 4.9, "error": ""}
{"fold": "length", "n": 100000, "ok": true, "depth": 750449, "itrs": 7300707, "secs": 4.1, "error": ""}
{"fold": "max", "n": 100000, "ok": true, "depth": 750585, "itrs": 8600693, "secs": 5.0, "error": ""}
{"fold": "min", "n": 100000, "ok": true, "depth": 750585, "itrs": 8600693, "secs": 5.4, "error": ""}
{"fold": "count_even", "n": 100000, "ok": true, "depth": 750453, "itrs": 7600707, "secs": 4.5, "error": ""}
{"fold": "argmax_first", "n": 100000, "ok": true, "depth": 750602, "itrs": 11000675, "secs": 7.3, "error": ""}
{"fold": "argmin_first", "n": 100000, "ok": true, "depth": 750602, "itrs": 11000675, "secs": 7.1, "error": ""}
{"fold": "second_largest", "n": 100000, "ok": true, "depth": 750743, "itrs": 14100642, "secs": 8.2, "error": ""}
{"fold": "longest_run", "n": 100000, "ok": true, "depth": 750862, "itrs": 30200490, "secs": 21.3, "error": ""}
{"fold": "is_sorted", "n": 100000, "ok": true, "depth": 750588, "itrs": 14600642, "secs": 9.3, "error": ""}
{"fold": "last", "n": 100000, "ok": true, "depth": 750469, "itrs": 8700696, "secs": 5.9, "error": ""}
{"fold": "xor_all", "n": 100000, "ok": true, "depth": 750449, "itrs": 7200707, "secs": 4.9, "error": ""}
{"fold": "category_set", "n": 100000, "ok": true, "depth": 750451, "itrs": 7500707, "secs": 4.7, "error": ""}
{"fold": "all_positive", "n": 100000, "ok": true, "depth": 750451, "itrs": 7400707, "secs": 5.0, "error": ""}
{"fold": "any_zero", "n": 100000, "ok": true, "depth": 750451, "itrs": 7400707, "secs": 5.2, "error": ""}
{"fold": "count_gt500", "n": 100000, "ok": true, "depth": 750451, "itrs": 7400707, "secs": 6.1, "error": ""}
{"fold": "sum_squares", "n": 100000, "ok": true, "depth": 750453, "itrs": 7600707, "secs": 6.8, "error": ""}
{"fold": "gcd", "n": 100000, "ok": true, "depth": 750840, "itrs": 12262526, "secs": 8.8, "error": ""}
{"fold": "lexmin_pair", "n": 100000, "ok": true, "depth": 750689, "itrs": 12000693, "secs": 7.9, "error": ""}
{"fold": "top3_merge", "n": 100000, "ok": true, "depth": 750786, "itrs": 23200547, "secs": 13.1, "error": ""}
{"fold": "sat_sum_cap", "n": 100000, "ok": true, "depth": 750629, "itrs": 10000693, "secs": 5.2, "error": ""}
{"fold": "sat_sum_24", "n": 100000, "ok": true, "depth": 750653, "itrs": 8800691, "secs": 4.7, "error": ""}
{"fold": "minmax_pair", "n": 100000, "ok": true, "depth": 750586, "itrs": 10600674, "secs": 6.0, "error": ""}
{"fold": "mean_floor", "n": 100000, "ok": true, "depth": 750461, "itrs": 7700722, "secs": 4.6, "error": ""}
{"fold": "hash_affine", "n": 100000, "ok": true, "depth": 750501, "itrs": 8100702, "secs": 4.4, "error": ""}
{"fold": "adjacent_equal", "n": 100000, "ok": true, "depth": 750589, "itrs": 14800640, "secs": 7.5, "error": ""}
{"fold": "category_counts", "n": 100000, "ok": true, "depth": 750457, "itrs": 12200677, "secs": 5.4, "error": ""}
{"fold": "max_priority_guest", "n": 100000, "ok": true, "depth": 750689, "itrs": 12000693, "secs": 4.5, "error": ""}
{"fold": "first_violation", "n": 100000, "ok": true, "depth": 750608, "itrs": 11900676, "secs": 4.2, "error": ""}
{"fold": "section_fill_cap6", "n": 100000, "ok": true, "depth": 750619, "itrs": 8700693, "secs": 2.9, "error": ""}
