sum                      assoc       accepted=True seeds0-2=['pass', 'pass', 'pass'] audit100-102=['pass', 'pass', 'pass']
product                  assoc       accepted=True seeds0-2=['pass', 'pass', 'pass'] audit100-102=['pass', 'pass', 'pass']
length                   assoc       accepted=True seeds0-2=['pass', 'pass', 'pass'] audit100-102=['pass', 'pass', 'pass']
max                      assoc       accepted=True seeds0-2=['pass', 'pass', 'pass'] audit100-102=['pass', 'pass', 'pass']
min                      assoc       accepted=True seeds0-2=['pass', 'pass', 'pass'] audit100-102=['pass', 'pass', 'pass']
count_even               assoc       accepted=True seeds0-2=['pass', 'pass', 'pass'] audit100-102=['pass', 'pass', 'pass']
argmax_first             assoc       accepted=True seeds0-2=['pass', 'pass', 'pass'] audit100-102=['pass', 'pass', 'pass']
argmin_first             assoc       accepted=True seeds0-2=['pass', 'pass', 'pass'] audit100-102=['pass', 'pass', 'pass']
second_largest           assoc       accepted=True seeds0-2=['pass', 'pass', 'pass'] audit100-102=['pass', 'pass', 'pass']
longest_run              assoc       accepted=True seeds0-2=['pass', 'pass', 'pass'] audit100-102=['pass', 'pass', 'pass']
is_sorted                assoc       accepted=True seeds0-2=['pass', 'pass', 'pass'] audit100-102=['pass', 'pass', 'pass']
last                     assoc       accepted=True seeds0-2=['pass', 'pass', 'pass'] audit100-102=['pass', 'pass', 'pass']
xor_all                  assoc       accepted=True seeds0-2=['pass', 'pass', 'pass'] audit100-102=['pass', 'pass', 'pass']
category_set             assoc       accepted=True seeds0-2=['pass', 'pass', 'pass'] audit100-102=['pass', 'pass', 'pass']
all_positive             assoc       accepted=True seeds0-2=['pass', 'pass', 'pass'] audit100-102=['pass', 'pass', 'pass']
any_zero                 assoc       accepted=True seeds0-2=['pass', 'pass', 'pass'] audit100-102=['pass', 'pass', 'pass']
count_gt500              assoc       accepted=True seeds0-2=['pass', 'pass', 'pass'] audit100-102=['pass', 'pass', 'pass']
sum_squares              assoc       accepted=True seeds0-2=['pass', 'pass', 'pass'] audit100-102=['pass', 'pass', 'pass']
gcd                      assoc       accepted=True seeds0-2=['pass', 'pass', 'pass'] audit100-102=['pass', 'pass', 'pass']
lexmin_pair              assoc       accepted=True seeds0-2=['pass', 'pass', 'pass'] audit100-102=['pass', 'pass', 'pass']
top3_merge               assoc       accepted=True seeds0-2=['pass', 'pass', 'pass'] audit100-102=['pass', 'pass', 'pass']
sat_sum_cap              assoc       accepted=True seeds0-2=['pass', 'pass', 'pass'] audit100-102=['pass', 'pass', 'pass']
sat_sum_24               assoc       accepted=True seeds0-2=['pass', 'pass', 'pass'] audit100-102=['pass', 'pass', 'pass']
minmax_pair              assoc       accepted=True seeds0-2=['pass', 'pass', 'pass'] audit100-102=['pass', 'pass', 'pass']
mean_floor               assoc       accepted=True seeds0-2=['pass', 'pass', 'pass'] audit100-102=['pass', 'pass', 'pass']
hash_affine              assoc       accepted=True seeds0-2=['pass', 'pass', 'pass'] audit100-102=['pass', 'pass', 'pass']
adjacent_equal           assoc       accepted=True seeds0-2=['pass', 'pass', 'pass'] audit100-102=['pass', 'pass', 'pass']
category_counts          assoc       accepted=True seeds0-2=['pass', 'pass', 'pass'] audit100-102=['pass', 'pass', 'pass']
max_priority_guest       assoc       accepted=True seeds0-2=['pass', 'pass', 'pass'] audit100-102=['pass', 'pass', 'pass']
first_violation          assoc       accepted=True seeds0-2=['pass', 'pass', 'pass'] audit100-102=['pass', 'pass', 'pass']
section_fill_cap6        assoc       accepted=True seeds0-2=['pass', 'pass', 'pass'] audit100-102=['pass', 'pass', 'pass']
sub_fold                 nonassoc    accepted=False seeds0-2=['fail', 'fail', 'fail'] audit100-102=[]
hash31                   nonassoc    accepted=False seeds0-2=['fail', 'fail', 'fail'] audit100-102=[]
abs_diff                 nonassoc    accepted=False seeds0-2=['fail', 'fail', 'fail'] audit100-102=[]
alternating              nonassoc    accepted=False seeds0-2=['fail', 'fail', 'fail'] audit100-102=[]
sat_sub                  nonassoc    accepted=False seeds0-2=['fail', 'fail', 'fail'] audit100-102=[]
horner_square            nonassoc    accepted=False seeds0-2=['fail', 'fail', 'fail'] audit100-102=[]
xorshift_hash            nonassoc    accepted=False seeds0-2=['fail', 'fail', 'fail'] audit100-102=[]
midpoint                 nonassoc    accepted=False seeds0-2=['fail', 'fail', 'fail'] audit100-102=[]
sat_sum_unclamped        nonassoc    accepted=False seeds0-2=['fail', 'fail', 'fail'] audit100-102=[]
glitch_1e3               nonassoc    accepted=False seeds0-2=['fail', 'fail', 'fail'] audit100-102=[]
planted_point            adversarial accepted=True seeds0-2=['pass', 'pass', 'pass'] audit100-102=['pass', 'pass', 'pass']
avg_wrong_merge          nonassoc    accepted=False seeds0-2=['fail', 'fail', 'fail'] audit100-102=[]
adjacent_equal_wrong     nonassoc    accepted=False seeds0-2=['fail', 'fail', 'fail'] audit100-102=[]
