[0, "DD", true, 16, 0, 1.1]
[0, "DDc", true, 32, 0, 2.0]
[1, "DD", true, 10, 0, 0.7]
[1, "DDc", true, 9, 0, 0.6]
[2, "DD", true, 58, 0, 3.4]
[2, "DDc", true, 35, 0, 2.2]
[3, "DD", true, 17, 0, 0.9]
[3, "DDc", true, 28, 0, 1.7]
[4, "DD", true, 9, 0, 0.6]
[4, "DDc", true, 9, 0, 0.6]
[5, "DD", true, 50, 0, 3.3]
[5, "DDc", true, 45, 0, 3.2]
[6, "DD", true, 10, 0, 0.7]
[6, "DDc", true, 9, 0, 0.6]
[7, "DD", true, 10, 0, 0.6]
[7, "DDc", true, 20, 0, 1.6]
[8, "DD", true, 8, 0, 0.5]
[8, "DDc", true, 8, 0, 0.6]
[9, "DD", true, 9, 0, 0.7]
[9, "DDc", true, 9, 0, 0.6]
[10, "DD", true, 17, 0, 1.1]
[10, "DDc", true, 26, 0, 1.8]
[11, "DD", true, 12, 0, 0.8]
[11, "DDc", true, 8, 0, 0.6]
[12, "DD", true, 8, 0, 0.5]
[12, "DDc", true, 8, 0, 0.5]
[13, "DD", true, 14, 0, 0.7]
[13, "DDc", true, 23, 0, 1.8]
[14, "DD", true, 9, 0, 0.5]
[14, "DDc", true, 9, 0, 0.6]
[15, "DD", true, 12, 0, 0.7]
[15, "DDc", true, 12, 0, 1.1]
[16, "DD", true, 11, 0, 1.2]
[16, "DDc", true, 11, 0, 0.7]
[17, "DD", true, 12, 0, 0.9]
[17, "DDc", true, 12, 0, 0.9]
[18, "DD", true, 12, 0, 0.9]
[18, "DDc", true, 12, 0, 0.9]
[19, "DD", true, 13, 0, 0.9]
[19, "DDc", true, 13, 0, 0.8]
[20, "DD", true, 9, 0, 0.6]
[20, "DDc", true, 9, 0, 0.6]
[21, "DD", true, 11, 0, 0.7]
[21, "DDc", true, 11, 0, 0.9]
[22, "DD", true, 13, 0, 1.1]
[22, "DDc", true, 13, 0, 1.0]
[23, "DD", true, 14, 0, 1.2]
[23, "DDc", true, 14, 0, 0.9]
[24, "DD", true, 13, 0, 1.0]
[24, "DDc", true, 13, 0, 0.9]
[25, "DD", true, 13, 0, 0.9]
[25, "DDc", true, 13, 0, 0.9]
[26, "DD", true, 125, 0, 8.2]
[26, "DDc", true, 125, 0, 8.4]
[27, "DD", true, 80, 0, 5.3]
[27, "DDc", true, 80, 0, 5.0]
[28, "DD", true, 54, 0, 3.6]
[28, "DDc", true, 54, 0, 3.4]
[29, "DD", true, 81, 0, 5.4]
[29, "DDc", true, 81, 0, 5.2]
[30, "DD", true, 174, 0, 12.7]
[30, "DDc", true, 174, 0, 11.0]
[31, "DD", true, 59, 0, 4.0]
[31, "DDc", true, 59, 0, 3.9]
[32, "DD", true, 69, 0, 5.0]
[32, "DDc", true, 69, 0, 4.0]
[33, "DD", true, 79, 0, 4.4]
[33, "DDc", true, 79, 0, 4.8]
[34, "DD", true, 133, 0, 8.3]
[34, "DDc", true, 133, 0, 8.0]
[35, "DD", true, 85, 0, 5.0]
[35, "DDc", true, 85, 0, 5.2]
[36, "DD", true, 66, 0, 3.8]
[36, "DDc", true, 66, 0, 4.0]
[37, "DD", true, 39, 0, 2.4]
[37, "DDc", true, 39, 0, 2.3]
[38, "DD", true, 43, 0, 2.7]
[38, "DDc", true, 43, 0, 2.6]
[39, "DD", true, 25, 0, 1.4]
[39, "DDc", true, 25, 0, 1.4]
[40, "DD", true, 35, 0, 2.0]
[40, "DDc", true, 35, 0, 2.1]
[41, "DD", true, 25, 0, 1.5]
[41, "DDc", true, 25, 0, 1.3]
[42, "DD", true, 34, 0, 2.2]
[42, "DDc", true, 34, 0, 2.0]
[43, "DD", true, 20, 0, 1.1]
[43, "DDc", true, 20, 0, 1.2]
[44, "DD", true, 39, 0, 2.1]
[44, "DDc", true, 39, 0, 2.4]
[45, "DD", true, 24, 0, 1.1]
[45, "DDc", true, 24, 0, 1.4]
[46, "DD", true, 52, 0, 3.4]
[46, "DDc", true, 52, 0, 3.8]
[47, "DD", true, 20, 0, 1.3]
[47, "DDc", true, 20, 0, 1.0]
[48, "DD", true, 42, 0, 2.5]
[48, "DDc", true, 42, 0, 3.4]
[49, "DD", true, 25, 0, 1.4]
[49, "DDc", true, 25, 0, 2.3]
[50, "DD", true, 64, 0, 11.6]
[50, "DDc", true, 64, 0, 10.5]
[55, "DD", true, 72, 0, 22.4]
[55, "DDc", true, 72, 0, 20.0]
[60, "DD", true, 70, 0, 19.1]
[60, "DDc", true, 70, 0, 16.9]
[65, "DD", true, 41, 0, 9.1]
[65, "DDc", true, 57, 0, 14.9]
[70, "DD", true, 296, 0, 75.5]
[70, "DDc", true, 296, 0, 70.1]
[75, "DD", true, 76, 0, 21.2]
[75, "DDc", true, 76, 0, 21.6]
[80, "DD", true, 63, 0, 9.6]
[80, "DDc", true, 60, 0, 12.8]
[85, "DD", true, 176, 0, 29.8]
[85, "DDc", true, 176, 0, 29.6]
[90, "DD", true, 42, 0, 7.4]
[90, "DDc", true, 42, 0, 7.4]
[95, "DD", true, 67, 0, 13.8]
[95, "DDc", true, 67, 0, 13.8]
