/Users/tedsandtads/Genome/genome/exp4/wire.py:94: UserWarning: enable_nested_tensor is True, but self.use_nested_tensor is False because encoder_layer.norm_first was True
  self.enc = nn.TransformerEncoder(el, layers); self.norm = nn.LayerNorm(d)
{
 "file": "runs/exp4/skel_iid.model.scored.json",
 "tasks": 120,
 "n": 4,
 "samples": 480,
 "outcomes": {
  "badskel": 327,
  "fail": 104,
  "pass": 42,
  "static": 6,
  "noblock": 1
 },
 "static_classes": {
  "undef_ref": 6
 },
 "pass@1": 0.0875,
 "pass@1_task_boot95": [
  0.054,
  0.127
 ],
 "pass@1_wilson95_samples(naive)": [
  0.065,
  0.116
 ],
 "pass@2": 0.1347,
 "pass@4": 0.1833,
 "static_filter_best_of_4": 0.15,
 "static_filter_best_of_n_wilson95": [
  0.097,
  0.225
 ],
 "pass_given_static_clean": 0.2877,
 "static_clean_rate": 0.3042,
 "per_family_pass@1": {
  "pipeline": 0.062,
  "reduce": 0.113
 }
}
Counter({'badskel': 327, 'fail': 104, 'pass': 42, 'static': 6, 'noblock': 1})
