<home>/Genome/genome/exp4/wire.py:94: UserWarning: enable_nested_tensor is True, but self.use_nested_tensor is False because encoder_layer.norm_first was True
  self.enc = nn.TransformerEncoder(el, layers); self.norm = nn.LayerNorm(d)
train books 1124 dev 80 vocab 203 params 1.19M dev=cpu
ep 0 loss 1.6318 dev def-exact 0.4282 188s
ep 1 loss 1.1293 dev def-exact 0.4975 309s
ep 2 loss 0.9839 dev def-exact 0.5136 538s
ep 3 loss 0.8760 dev def-exact 0.5619 707s
ep 4 loss 0.7991 dev def-exact 0.5804 841s
ep 5 loss 0.7431 dev def-exact 0.5804 892s
ep 6 loss 0.6866 dev def-exact 0.5891 1047s
ep 7 loss 0.6349 dev def-exact 0.5916 1137s
ep 8 loss 0.5869 dev def-exact 0.5953 1214s
ep 9 loss 0.5507 dev def-exact 0.5965 1300s
ep 10 loss 0.5127 dev def-exact 0.6139 1375s
ep 11 loss 0.4736 dev def-exact 0.6089 1441s
ep 12 loss 0.4456 dev def-exact 0.6139 1507s
ep 13 loss 0.4156 dev def-exact 0.6126 1575s
ep 14 loss 0.3871 dev def-exact 0.6213 1632s
ep 15 loss 0.3660 dev def-exact 0.6176 1686s
ep 16 loss 0.3444 dev def-exact 0.6275 1741s
ep 17 loss 0.3338 dev def-exact 0.6250 1802s
ep 18 loss 0.3162 dev def-exact 0.6250 1860s
ep 19 loss 0.3036 dev def-exact 0.6349 1921s
ep 20 loss 0.2980 dev def-exact 0.6324 1981s
ep 21 loss 0.2845 dev def-exact 0.6361 2041s
ep 22 loss 0.2837 dev def-exact 0.6386 2098s
ep 23 loss 0.2848 dev def-exact 0.6349 2154s
time cap
best dev (0.6386138613861386, 22)
