t1_sum 0 {'orig': (14, 9, True), 'K2': (33, 12, True), 'K4': (59, 15, True), 'K8': (111, 23, True), 'K16': (215, 39, True)}
t1_sum 1 {'orig': (30, 16, True), 'K2': (35, 14, True), 'K4': (61, 15, True), 'K8': (113, 23, True), 'K16': (217, 39, True)}
t1_sum 2 {'orig': (46, 23, True), 'K2': (65, 21, True), 'K4': (63, 16, True), 'K8': (115, 23, True), 'K16': (219, 39, True)}
t1_sum 3 {'orig': (62, 30, True), 'K2': (67, 23, True), 'K4': (65, 18, True), 'K8': (117, 23, True), 'K16': (221, 39, True)}
t1_sum 4 {'orig': (78, 37, True), 'K2': (97, 30, True), 'K4': (121, 28, True), 'K8': (119, 23, True), 'K16': (223, 39, True)}
t1_sum 5 {'orig': (94, 44, True), 'K2': (99, 32, True), 'K4': (123, 28, True), 'K8': (121, 23, True), 'K16': (225, 39, True)}
t1_sum 6 {'orig': (110, 51, True), 'K2': (129, 39, True), 'K4': (125, 29, True), 'K8': (123, 24, True), 'K16': (227, 39, True)}
t1_sum 7 {'orig': (126, 58, True), 'K2': (131, 41, True), 'K4': (127, 31, True), 'K8': (125, 26, True), 'K16': (229, 39, True)}
t1_sum 8 {'orig': (142, 65, True), 'K2': (161, 48, True), 'K4': (183, 41, True), 'K8': (233, 44, True), 'K16': (231, 39, True)}
t1_sum 9 {'orig': (158, 72, True), 'K2': (163, 50, True), 'K4': (185, 41, True), 'K8': (235, 44, True), 'K16': (233, 39, True)}
t1_sum 10 {'orig': (174, 79, True), 'K2': (193, 57, True), 'K4': (187, 42, True), 'K8': (237, 44, True), 'K16': (235, 39, True)}
t1_sum 11 {'orig': (190, 86, True), 'K2': (195, 59, True), 'K4': (189, 44, True), 'K8': (239, 44, True), 'K16': (237, 39, True)}
t1_sum 12 {'orig': (206, 93, True), 'K2': (225, 66, True), 'K4': (245, 54, True), 'K8': (241, 44, True), 'K16': (239, 39, True)}
t1_sum 13 {'orig': (222, 100, True), 'K2': (227, 68, True), 'K4': (247, 54, True), 'K8': (243, 44, True), 'K16': (241, 39, True)}
t1_sum 14 {'orig': (238, 107, True), 'K2': (257, 75, True), 'K4': (249, 55, True), 'K8': (245, 45, True), 'K16': (243, 40, True)}
t1_sum 15 {'orig': (254, 114, True), 'K2': (259, 77, True), 'K4': (251, 57, True), 'K8': (247, 47, True), 'K16': (245, 42, True)}
t1_sum 16 {'orig': (270, 121, True), 'K2': (289, 84, True), 'K4': (307, 67, True), 'K8': (355, 65, True), 'K16': (457, 76, True)}
t1_sum 17 {'orig': (286, 128, True), 'K2': (291, 86, True), 'K4': (309, 67, True), 'K8': (357, 65, True), 'K16': (459, 76, True)}
t1_sum 31 {'orig': (510, 226, True), 'K2': (515, 149, True), 'K4': (499, 109, True), 'K8': (491, 89, True), 'K16': (487, 79, True)}
t1_sum 32 {'orig': (526, 233, True), 'K2': (545, 156, True), 'K4': (555, 119, True), 'K8': (599, 107, True), 'K16': (699, 113, True)}
t1_sum 33 {'orig': (542, 240, True), 'K2': (547, 158, True), 'K4': (557, 119, True), 'K8': (601, 107, True), 'K16': (701, 113, True)}
t1_sum 63 {'orig': (1022, 450, True), 'K2': (1027, 293, True), 'K4': (995, 213, True), 'K8': (979, 173, True), 'K16': (971, 153, True)}
t1_sum 64 {'orig': (1038, 457, True), 'K2': (1057, 300, True), 'K4': (1051, 223, True), 'K8': (1087, 191, True), 'K16': (1183, 187, True)}
t1_sum 65 {'orig': (1054, 464, True), 'K2': (1059, 302, True), 'K4': (1053, 223, True), 'K8': (1089, 191, True), 'K16': (1185, 187, True)}
t1_sum 128 {'orig': (2062, 905, True), 'K2': (2081, 588, True), 'K4': (2043, 431, True), 'K8': (2063, 359, True), 'K16': (2151, 335, True)}
t1_sum 256 {'orig': (4110, 1801, True), 'K2': (4129, 1164, True), 'K4': (4027, 847, True), 'K8': (4015, 695, True), 'K16': (4087, 631, True)}
t1_sum 512 {'orig': (8206, 3593, True), 'K2': (8225, 2316, True), 'K4': (7995, 1679, True), 'K8': (7919, 1367, True), 'K16': (7959, 1223, True)}
t1_map_inc 0 {'orig': (12, 9, True), 'K2': (27, 11, True), 'K4': (47, 15, True), 'K8': (87, 23, True), 'K16': (167, 39, True)}
t1_map_inc 1 {'orig': (22, 16, True), 'K2': (28, 13, True), 'K4': (48, 15, True), 'K8': (88, 23, True), 'K16': (168, 39, True)}
t1_map_inc 2 {'orig': (32, 23, True), 'K2': (51, 20, True), 'K4': (49, 15, True), 'K8': (89, 23, True), 'K16': (169, 39, True)}
t1_map_inc 3 {'orig': (42, 30, True), 'K2': (52, 22, True), 'K4': (50, 17, True), 'K8': (90, 23, True), 'K16': (170, 39, True)}
t1_map_inc 4 {'orig': (52, 37, True), 'K2': (75, 29, True), 'K4': (93, 28, True), 'K8': (91, 23, True), 'K16': (171, 39, True)}
t1_map_inc 5 {'orig': (62, 44, True), 'K2': (76, 31, True), 'K4': (94, 28, True), 'K8': (92, 23, True), 'K16': (172, 39, True)}
t1_map_inc 6 {'orig': (72, 51, True), 'K2': (99, 38, True), 'K4': (95, 28, True), 'K8': (93, 23, True), 'K16': (173, 39, True)}
t1_map_inc 7 {'orig': (82, 58, True), 'K2': (100, 40, True), 'K4': (96, 30, True), 'K8': (94, 25, True), 'K16': (174, 39, True)}
t1_map_inc 8 {'orig': (92, 65, True), 'K2': (123, 47, True), 'K4': (139, 41, True), 'K8': (177, 44, True), 'K16': (175, 39, True)}
t1_map_inc 9 {'orig': (102, 72, True), 'K2': (124, 49, True), 'K4': (140, 41, True), 'K8': (178, 44, True), 'K16': (176, 39, True)}
t1_map_inc 10 {'orig': (112, 79, True), 'K2': (147, 56, True), 'K4': (141, 41, True), 'K8': (179, 44, True), 'K16': (177, 39, True)}
t1_map_inc 11 {'orig': (122, 86, True), 'K2': (148, 58, True), 'K4': (142, 43, True), 'K8': (180, 44, True), 'K16': (178, 39, True)}
t1_map_inc 12 {'orig': (132, 93, True), 'K2': (171, 65, True), 'K4': (185, 54, True), 'K8': (181, 44, True), 'K16': (179, 39, True)}
t1_map_inc 13 {'orig': (142, 100, True), 'K2': (172, 67, True), 'K4': (186, 54, True), 'K8': (182, 44, True), 'K16': (180, 39, True)}
t1_map_inc 14 {'orig': (152, 107, True), 'K2': (195, 74, True), 'K4': (187, 54, True), 'K8': (183, 44, True), 'K16': (181, 39, True)}
t1_map_inc 15 {'orig': (162, 114, True), 'K2': (196, 76, True), 'K4': (188, 56, True), 'K8': (184, 46, True), 'K16': (182, 41, True)}
t1_map_inc 16 {'orig': (172, 121, True), 'K2': (219, 83, True), 'K4': (231, 67, True), 'K8': (267, 65, True), 'K16': (345, 76, True)}
t1_map_inc 17 {'orig': (182, 128, True), 'K2': (220, 85, True), 'K4': (232, 67, True), 'K8': (268, 65, True), 'K16': (346, 76, True)}
t1_map_inc 31 {'orig': (322, 226, True), 'K2': (388, 148, True), 'K4': (372, 108, True), 'K8': (364, 88, True), 'K16': (360, 78, True)}
t1_map_inc 32 {'orig': (332, 233, True), 'K2': (411, 155, True), 'K4': (415, 119, True), 'K8': (447, 107, True), 'K16': (523, 113, True)}
t1_map_inc 33 {'orig': (342, 240, True), 'K2': (412, 157, True), 'K4': (416, 119, True), 'K8': (448, 107, True), 'K16': (524, 113, True)}
t1_map_inc 63 {'orig': (642, 450, True), 'K2': (772, 292, True), 'K4': (740, 212, True), 'K8': (724, 172, True), 'K16': (716, 152, True)}
t1_map_inc 64 {'orig': (652, 457, True), 'K2': (795, 299, True), 'K4': (783, 223, True), 'K8': (807, 191, True), 'K16': (879, 187, True)}
t1_map_inc 65 {'orig': (662, 464, True), 'K2': (796, 301, True), 'K4': (784, 223, True), 'K8': (808, 191, True), 'K16': (880, 187, True)}
t1_map_inc 128 {'orig': (1292, 905, True), 'K2': (1563, 587, True), 'K4': (1519, 431, True), 'K8': (1527, 359, True), 'K16': (1591, 335, True)}
t1_map_inc 256 {'orig': (2572, 1801, True), 'K2': (3099, 1163, True), 'K4': (2991, 847, True), 'K8': (2967, 695, True), 'K16': (3015, 631, True)}
t1_map_inc 512 {'orig': (5132, 3593, True), 'K2': (6171, 2315, True), 'K4': (5935, 1679, True), 'K8': (5847, 1367, True), 'K16': (5863, 1223, True)}
t1_filter_even 0 {'orig': (12, 9, True), 'K2': (27, 11, True), 'K4': (47, 15, True), 'K8': (87, 23, True), 'K16': (167, 39, True)}
t1_filter_even 1 {'orig': (32, 18, True), 'K2': (36, 19, True), 'K4': (56, 19, True), 'K8': (96, 23, True), 'K16': (176, 39, True)}
t1_filter_even 2 {'orig': (55, 26, True), 'K2': (70, 22, True), 'K4': (68, 22, True), 'K8': (108, 23, True), 'K16': (188, 39, True)}
t1_filter_even 3 {'orig': (78, 32, True), 'K2': (82, 28, True), 'K4': (80, 23, True), 'K8': (120, 23, True), 'K16': (200, 39, True)}
t1_filter_even 4 {'orig': (98, 39, True), 'K2': (113, 30, True), 'K4': (131, 28, True), 'K8': (129, 25, True), 'K16': (209, 39, True)}
t1_filter_even 5 {'orig': (118, 46, True), 'K2': (122, 37, True), 'K4': (140, 32, True), 'K8': (138, 27, True), 'K16': (218, 39, True)}
t1_filter_even 6 {'orig': (144, 54, True), 'K2': (159, 40, True), 'K4': (155, 35, True), 'K8': (153, 30, True), 'K16': (233, 39, True)}
t1_filter_even 7 {'orig': (161, 60, True), 'K2': (165, 46, True), 'K4': (161, 36, True), 'K8': (159, 31, True), 'K16': (239, 39, True)}
t1_filter_even 8 {'orig': (178, 67, True), 'K2': (193, 48, True), 'K4': (209, 41, True), 'K8': (247, 44, True), 'K16': (245, 39, True)}
t1_filter_even 9 {'orig': (207, 75, True), 'K2': (211, 56, True), 'K4': (227, 46, True), 'K8': (265, 44, True), 'K16': (263, 39, True)}
t1_filter_even 10 {'orig': (224, 82, True), 'K2': (239, 58, True), 'K4': (233, 48, True), 'K8': (271, 44, True), 'K16': (269, 39, True)}
t1_filter_even 11 {'orig': (250, 88, True), 'K2': (254, 64, True), 'K4': (248, 49, True), 'K8': (286, 44, True), 'K16': (284, 39, True)}
t1_filter_even 12 {'orig': (267, 95, True), 'K2': (282, 66, True), 'K4': (296, 54, True), 'K8': (292, 46, True), 'K16': (290, 41, True)}
t1_filter_even 13 {'orig': (299, 103, True), 'K2': (303, 74, True), 'K4': (317, 59, True), 'K8': (313, 49, True), 'K16': (311, 44, True)}
t1_filter_even 14 {'orig': (310, 109, True), 'K2': (325, 75, True), 'K4': (317, 60, True), 'K8': (313, 50, True), 'K16': (311, 45, True)}
t1_filter_even 15 {'orig': (339, 117, True), 'K2': (343, 83, True), 'K4': (335, 63, True), 'K8': (331, 53, True), 'K16': (329, 48, True)}
t1_filter_even 16 {'orig': (362, 123, True), 'K2': (377, 84, True), 'K4': (389, 67, True), 'K8': (425, 65, True), 'K16': (503, 76, True)}
t1_filter_even 17 {'orig': (370, 130, True), 'K2': (374, 91, True), 'K4': (386, 71, True), 'K8': (422, 65, True), 'K16': (500, 76, True)}
t1_filter_even 31 {'orig': (677, 228, True), 'K2': (681, 154, True), 'K4': (665, 114, True), 'K8': (657, 94, True), 'K16': (653, 84, True)}
t1_filter_even 32 {'orig': (688, 236, True), 'K2': (703, 157, True), 'K4': (707, 119, True), 'K8': (739, 107, True), 'K16': (815, 113, True)}
t1_filter_even 33 {'orig': (720, 242, True), 'K2': (724, 163, True), 'K4': (728, 123, True), 'K8': (760, 107, True), 'K16': (836, 113, True)}
t1_filter_even 63 {'orig': (1359, 452, True), 'K2': (1363, 298, True), 'K4': (1331, 218, True), 'K8': (1315, 178, True), 'K16': (1307, 158, True)}
t1_filter_even 64 {'orig': (1388, 460, True), 'K2': (1403, 301, True), 'K4': (1391, 223, True), 'K8': (1415, 191, True), 'K16': (1487, 187, True)}
t1_filter_even 65 {'orig': (1411, 466, True), 'K2': (1415, 307, True), 'K4': (1403, 227, True), 'K8': (1427, 191, True), 'K16': (1499, 187, True)}
t1_filter_even 128 {'orig': (2761, 907, True), 'K2': (2776, 588, True), 'K4': (2732, 431, True), 'K8': (2740, 359, True), 'K16': (2804, 335, True)}
t1_filter_even 256 {'orig': (5540, 1804, True), 'K2': (5555, 1165, True), 'K4': (5447, 847, True), 'K8': (5423, 695, True), 'K16': (5471, 631, True)}
t1_filter_even 512 {'orig': (10975, 3596, True), 'K2': (10990, 2317, True), 'K4': (10754, 1679, True), 'K8': (10666, 1367, True), 'K16': (10682, 1223, True)}
t1_prefix_sums 0 {'orig': (12, 9, True), 'K2': (30, 12, True), 'K4': (56, 15, True), 'K8': (108, 23, True), 'K16': (212, 39, True)}
t1_prefix_sums 1 {'orig': (27, 17, True), 'K2': (31, 13, True), 'K4': (57, 15, True), 'K8': (109, 23, True), 'K16': (213, 39, True)}
t1_prefix_sums 2 {'orig': (44, 24, True), 'K2': (62, 21, True), 'K4': (60, 18, True), 'K8': (112, 23, True), 'K16': (216, 39, True)}
t1_prefix_sums 3 {'orig': (61, 31, True), 'K2': (65, 25, True), 'K4': (63, 22, True), 'K8': (115, 23, True), 'K16': (219, 39, True)}
t1_prefix_sums 4 {'orig': (78, 38, True), 'K2': (96, 30, True), 'K4': (120, 28, True), 'K8': (118, 26, True), 'K16': (222, 39, True)}
t1_prefix_sums 5 {'orig': (95, 45, True), 'K2': (99, 34, True), 'K4': (123, 30, True), 'K8': (121, 30, True), 'K16': (225, 39, True)}
t1_prefix_sums 6 {'orig': (112, 52, True), 'K2': (130, 39, True), 'K4': (126, 34, True), 'K8': (124, 34, True), 'K16': (228, 39, True)}
t1_prefix_sums 7 {'orig': (129, 59, True), 'K2': (133, 43, True), 'K4': (129, 38, True), 'K8': (127, 38, True), 'K16': (231, 39, True)}
t1_prefix_sums 8 {'orig': (146, 66, True), 'K2': (164, 48, True), 'K4': (186, 42, True), 'K8': (236, 44, True), 'K16': (234, 42, True)}
t1_prefix_sums 9 {'orig': (163, 73, True), 'K2': (167, 52, True), 'K4': (189, 46, True), 'K8': (239, 46, True), 'K16': (237, 46, True)}
t1_prefix_sums 10 {'orig': (180, 80, True), 'K2': (198, 57, True), 'K4': (192, 50, True), 'K8': (242, 50, True), 'K16': (240, 50, True)}
t1_prefix_sums 11 {'orig': (197, 87, True), 'K2': (201, 61, True), 'K4': (195, 54, True), 'K8': (245, 54, True), 'K16': (243, 54, True)}
t1_prefix_sums 12 {'orig': (214, 94, True), 'K2': (232, 66, True), 'K4': (252, 58, True), 'K8': (248, 58, True), 'K16': (246, 58, True)}
t1_prefix_sums 13 {'orig': (231, 101, True), 'K2': (235, 70, True), 'K4': (255, 62, True), 'K8': (251, 62, True), 'K16': (249, 62, True)}
t1_prefix_sums 14 {'orig': (248, 108, True), 'K2': (266, 75, True), 'K4': (258, 66, True), 'K8': (254, 66, True), 'K16': (252, 66, True)}
t1_prefix_sums 15 {'orig': (265, 115, True), 'K2': (269, 79, True), 'K4': (261, 70, True), 'K8': (257, 70, True), 'K16': (255, 70, True)}
t1_prefix_sums 16 {'orig': (282, 122, True), 'K2': (300, 84, True), 'K4': (318, 74, True), 'K8': (366, 74, True), 'K16': (468, 76, True)}
t1_prefix_sums 17 {'orig': (299, 129, True), 'K2': (303, 88, True), 'K4': (321, 78, True), 'K8': (369, 78, True), 'K16': (471, 78, True)}
t1_prefix_sums 31 {'orig': (537, 227, True), 'K2': (541, 151, True), 'K4': (525, 134, True), 'K8': (517, 134, True), 'K16': (513, 134, True)}
t1_prefix_sums 32 {'orig': (554, 234, True), 'K2': (572, 156, True), 'K4': (582, 138, True), 'K8': (626, 138, True), 'K16': (726, 138, True)}
t1_prefix_sums 33 {'orig': (571, 241, True), 'K2': (575, 160, True), 'K4': (585, 142, True), 'K8': (629, 142, True), 'K16': (729, 142, True)}
t1_prefix_sums 63 {'orig': (1081, 451, True), 'K2': (1085, 295, True), 'K4': (1053, 262, True), 'K8': (1037, 262, True), 'K16': (1029, 262, True)}
t1_prefix_sums 64 {'orig': (1098, 458, True), 'K2': (1116, 300, True), 'K4': (1110, 266, True), 'K8': (1146, 266, True), 'K16': (1242, 266, True)}
t1_prefix_sums 65 {'orig': (1115, 465, True), 'K2': (1119, 304, True), 'K4': (1113, 270, True), 'K8': (1149, 270, True), 'K16': (1245, 270, True)}
t1_prefix_sums 128 {'orig': (2186, 906, True), 'K2': (2204, 588, True), 'K4': (2166, 522, True), 'K8': (2186, 522, True), 'K16': (2274, 522, True)}
t1_prefix_sums 256 {'orig': (4362, 1802, True), 'K2': (4380, 1164, True), 'K4': (4278, 1034, True), 'K8': (4266, 1034, True), 'K16': (4338, 1034, True)}
t1_prefix_sums 512 {'orig': (8714, 3594, True), 'K2': (8732, 2316, True), 'K4': (8502, 2058, True), 'K8': (8426, 2058, True), 'K16': (8466, 2058, True)}
t1_max 0 {'orig': (10, 8, True), 'K2': (28, 11, True), 'K4': (54, 14, True), 'K8': (106, 22, True), 'K16': (210, 38, True)}
t1_max 1 {'orig': (23, 15, True), 'K2': (27, 12, True), 'K4': (53, 14, True), 'K8': (105, 22, True), 'K16': (209, 38, True)}
t1_max 2 {'orig': (49, 31, True), 'K2': (67, 22, True), 'K4': (65, 22, True), 'K8': (117, 22, True), 'K16': (221, 38, True)}
t1_max 3 {'orig': (75, 47, True), 'K2': (79, 30, True), 'K4': (77, 30, True), 'K8': (129, 30, True), 'K16': (233, 38, True)}
t1_max 4 {'orig': (105, 65, True), 'K2': (123, 41, True), 'K4': (147, 41, True), 'K8': (145, 41, True), 'K16': (249, 41, True)}
t1_max 5 {'orig': (129, 80, True), 'K2': (133, 47, True), 'K4': (157, 47, True), 'K8': (155, 47, True), 'K16': (259, 47, True)}
t1_max 6 {'orig': (159, 98, True), 'K2': (177, 58, True), 'K4': (173, 58, True), 'K8': (171, 58, True), 'K16': (275, 58, True)}
t1_max 7 {'orig': (185, 114, True), 'K2': (189, 65, True), 'K4': (185, 65, True), 'K8': (183, 65, True), 'K16': (287, 65, True)}
t1_max 8 {'orig': (207, 128, True), 'K2': (225, 71, True), 'K4': (247, 71, True), 'K8': (297, 71, True), 'K16': (295, 71, True)}
t1_max 9 {'orig': (233, 144, True), 'K2': (237, 79, True), 'K4': (259, 79, True), 'K8': (309, 79, True), 'K16': (307, 79, True)}
t1_max 10 {'orig': (259, 160, True), 'K2': (277, 87, True), 'K4': (271, 87, True), 'K8': (321, 87, True), 'K16': (319, 87, True)}
t1_max 11 {'orig': (287, 177, True), 'K2': (291, 96, True), 'K4': (285, 96, True), 'K8': (335, 96, True), 'K16': (333, 96, True)}
t1_max 12 {'orig': (315, 194, True), 'K2': (333, 105, True), 'K4': (353, 105, True), 'K8': (349, 105, True), 'K16': (347, 105, True)}
t1_max 13 {'orig': (339, 209, True), 'K2': (343, 112, True), 'K4': (363, 112, True), 'K8': (359, 112, True), 'K16': (357, 112, True)}
t1_max 14 {'orig': (367, 226, True), 'K2': (385, 121, True), 'K4': (377, 121, True), 'K8': (373, 121, True), 'K16': (371, 121, True)}
t1_max 15 {'orig': (393, 242, True), 'K2': (397, 129, True), 'K4': (389, 129, True), 'K8': (385, 129, True), 'K16': (383, 129, True)}
t1_max 16 {'orig': (415, 256, True), 'K2': (433, 135, True), 'K4': (451, 135, True), 'K8': (499, 135, True), 'K16': (601, 135, True)}
t1_max 17 {'orig': (443, 273, True), 'K2': (447, 144, True), 'K4': (465, 144, True), 'K8': (513, 144, True), 'K16': (615, 144, True)}
t1_max 31 {'orig': (813, 500, True), 'K2': (817, 259, True), 'K4': (801, 259, True), 'K8': (793, 259, True), 'K16': (789, 259, True)}
t1_max 32 {'orig': (831, 512, True), 'K2': (849, 263, True), 'K4': (859, 263, True), 'K8': (903, 263, True), 'K16': (1003, 263, True)}
t1_max 33 {'orig': (861, 530, True), 'K2': (865, 273, True), 'K4': (875, 273, True), 'K8': (919, 273, True), 'K16': (1019, 273, True)}
t1_max 63 {'orig': (1645, 1012, True), 'K2': (1649, 515, True), 'K4': (1617, 515, True), 'K8': (1601, 515, True), 'K16': (1593, 515, True)}
t1_max 64 {'orig': (1667, 1026, True), 'K2': (1685, 521, True), 'K4': (1679, 521, True), 'K8': (1715, 521, True), 'K16': (1811, 521, True)}
t1_max 65 {'orig': (1693, 1042, True), 'K2': (1697, 529, True), 'K4': (1691, 529, True), 'K8': (1727, 529, True), 'K16': (1823, 529, True)}
t1_max 128 {'orig': (3335, 2052, True), 'K2': (3353, 1035, True), 'K4': (3315, 1035, True), 'K8': (3335, 1035, True), 'K16': (3423, 1035, True)}
t1_max 256 {'orig': (6667, 4102, True), 'K2': (6685, 2061, True), 'K4': (6583, 2061, True), 'K8': (6571, 2061, True), 'K16': (6643, 2061, True)}
t1_max 512 {'orig': (13325, 8199, True), 'K2': (13343, 4110, True), 'K4': (13113, 4110, True), 'K8': (13037, 4110, True), 'K16': (13077, 4110, True)}
