Fetching 9 files:   0%|          | 0/9 [00:00<?, ?it/s]Fetching 9 files: 100%|██████████| 9/9 [00:00<00:00, 18595.44it/s]
generated 48/1800  14s
generated 96/1800  26s
generated 144/1800  39s
generated 192/1800  51s
generated 240/1800  64s
generated 288/1800  73s
generated 336/1800  83s
generated 384/1800  94s
generated 432/1800  107s
generated 480/1800  117s
generated 528/1800  125s
generated 576/1800  135s
generated 624/1800  143s
generated 672/1800  153s
generated 720/1800  162s
generated 768/1800  173s
generated 816/1800  181s
generated 864/1800  189s
generated 912/1800  197s
generated 960/1800  206s
generated 1008/1800  217s
generated 1056/1800  228s
generated 1104/1800  236s
generated 1152/1800  244s
generated 1200/1800  251s
generated 1248/1800  260s
generated 1296/1800  270s
generated 1344/1800  279s
generated 1392/1800  287s
generated 1440/1800  296s
generated 1488/1800  306s
generated 1536/1800  314s
generated 1584/1800  323s
generated 1632/1800  331s
generated 1680/1800  338s
generated 1728/1800  343s
generated 1776/1800  349s
generated 1800/1800  352s
Fetching 9 files:   0%|          | 0/9 [00:00<?, ?it/s]Fetching 9 files: 100%|██████████| 9/9 [00:00<00:00, 35444.82it/s]
generated 48/1200  14s
generated 96/1200  28s
generated 144/1200  45s
generated 192/1200  57s
generated 240/1200  71s
generated 288/1200  85s
generated 336/1200  99s
generated 384/1200  112s
generated 432/1200  125s
generated 480/1200  139s
generated 528/1200  151s
generated 576/1200  165s
generated 624/1200  179s
generated 672/1200  191s
generated 720/1200  204s
generated 768/1200  217s
generated 816/1200  231s
generated 864/1200  243s
generated 912/1200  256s
generated 960/1200  266s
generated 1008/1200  279s
generated 1056/1200  289s
generated 1104/1200  297s
generated 1152/1200  309s
generated 1200/1200  318s
Fetching 9 files:   0%|          | 0/9 [00:00<?, ?it/s]Fetching 9 files: 100%|██████████| 9/9 [00:00<00:00, 4968.90it/s]
libc++abi: terminating due to uncaught exception of type std::runtime_error: [METAL] Command buffer execution failed: Insufficient Memory (00000008:kIOGPUCommandBufferCallbackErrorOutOfMemory)
/Users/tedsandtads/.local/share/uv/python/cpython-3.11.15-macos-aarch64-none/lib/python3.11/multiprocessing/resource_tracker.py:254: UserWarning: resource_tracker: There appear to be 1 leaked semaphore objects to clean up at shutdown
  warnings.warn('resource_tracker: There appear to be %d '
Fetching 9 files:   0%|          | 0/9 [00:00<?, ?it/s]Fetching 9 files: 100%|██████████| 9/9 [00:00<00:00, 24737.05it/s]
generated 48/600  10s
generated 96/600  20s
generated 144/600  30s
generated 192/600  41s
generated 240/600  50s
generated 288/600  63s
generated 336/600  74s
generated 384/600  83s
generated 432/600  91s
generated 480/600  99s
generated 528/600  109s
generated 576/600  119s
generated 600/600  123s
Fetching 9 files:   0%|          | 0/9 [00:00<?, ?it/s]Fetching 9 files: 100%|██████████| 9/9 [00:00<00:00, 21632.51it/s]
generated 48/600  20s
generated 96/600  36s
generated 144/600  55s
generated 192/600  76s
generated 240/600  94s
generated 288/600  117s
generated 336/600  139s
generated 384/600  155s
generated 432/600  171s
/Users/tedsandtads/.local/share/uv/python/cpython-3.11.15-macos-aarch64-none/lib/python3.11/multiprocessing/resource_tracker.py:254: UserWarning: resource_tracker: There appear to be 1 leaked semaphore objects to clean up at shutdown
  warnings.warn('resource_tracker: There appear to be %d '
