t3_articulation 0 {'status': 'pass', 'itrs_median_small': 6599, 'itrs_median_big': 3060226, 'itrs_max': 22720806, 'depth_median_big': 3855, 'depth_max': 27006}
t3_articulation 1 {'status': 'pass', 'itrs_median_small': 5612, 'itrs_median_big': 1820818, 'itrs_max': 4214759, 'depth_median_big': 3214, 'depth_max': 5197}
t3_articulation 2 {'status': 'pass', 'itrs_median_small': 14085, 'itrs_median_big': 869431, 'itrs_max': 3220246, 'depth_median_big': 2713, 'depth_max': 4156}
t3_khop 0 {'status': 'pass', 'itrs_median_small': 2801, 'itrs_median_big': 38511, 'itrs_max': 197932, 'depth_median_big': 585, 'depth_max': 1493}
t3_khop 1 {'status': 'pass', 'itrs_median_small': 3383, 'itrs_median_big': 120574, 'itrs_max': 263871, 'depth_median_big': 996, 'depth_max': 1548}
t3_khop 2 {'status': 'pass', 'itrs_median_small': 1641, 'itrs_median_big': 105864, 'itrs_max': 163829, 'depth_median_big': 797, 'depth_max': 1265}
t3_scc_count 0 {'status': 'pass', 'itrs_median_small': 13894, 'itrs_median_big': 1959435, 'itrs_max': 6740860, 'depth_median_big': 2977, 'depth_max': 3848}
t3_scc_count 1 {'status': 'pass', 'itrs_median_small': 10112, 'itrs_median_big': 4671065, 'itrs_max': 10220871, 'depth_median_big': 3480, 'depth_max': 6328}
t3_scc_count 2 {'status': 'pass', 'itrs_median_small': 7675, 'itrs_median_big': 3678398, 'itrs_max': 38307155, 'depth_median_big': 2878, 'depth_max': 25725}
t3_scc_label 0 {'status': 'pass', 'itrs_median_small': 9193, 'itrs_median_big': 3953343, 'itrs_max': 17639861, 'depth_median_big': 4449, 'depth_max': 10738}
t3_scc_label 1 {'status': 'pass', 'itrs_median_small': 10120, 'itrs_median_big': 1827385, 'itrs_max': 17606788, 'depth_median_big': 2850, 'depth_max': 12799}
t3_scc_label 2 {'status': 'pass', 'itrs_median_small': 11344, 'itrs_median_big': 1707285, 'itrs_max': 6846775, 'depth_median_big': 2722, 'depth_max': 3764}
t3_sp_len 0 {'status': 'pass', 'itrs_median_small': 2913, 'itrs_median_big': 136615, 'itrs_max': 332608, 'depth_median_big': 1145, 'depth_max': 1945}
t3_sp_len 1 {'status': 'pass', 'itrs_median_small': 2984, 'itrs_median_big': 85726, 'itrs_max': 971532, 'depth_median_big': 925, 'depth_max': 10370}
t3_sp_len 2 {'status': 'pass', 'itrs_median_small': 2984, 'itrs_median_big': 241692, 'itrs_max': 304186, 'depth_median_big': 1791, 'depth_max': 2549}
t3_tree_parents 0 {'status': 'pass', 'itrs_median_small': 17246, 'itrs_median_big': 951216, 'itrs_max': 951300, 'depth_median_big': 2070, 'depth_max': 2093}
t3_tree_parents 1 {'status': 'pass', 'itrs_median_small': 15057, 'itrs_median_big': 951088, 'itrs_max': 951278, 'depth_median_big': 2070, 'depth_max': 2113}
t3_tree_parents 2 {'status': 'pass', 'itrs_median_small': 17242, 'itrs_median_big': 951300, 'itrs_max': 951354, 'depth_median_big': 2080, 'depth_max': 2095}
t3_tree_parents__bfs 0 {'status': 'pass', 'itrs_median_small': 8522, 'itrs_median_big': 381499, 'itrs_max': 1985491, 'depth_median_big': 3238, 'depth_max': 22669}
t3_tree_parents__bfs 1 {'status': 'pass', 'itrs_median_small': 7302, 'itrs_median_big': 337894, 'itrs_max': 1708478, 'depth_median_big': 2701, 'depth_max': 19241}
t3_tree_parents__bfs 2 {'status': 'pass', 'itrs_median_small': 8857, 'itrs_median_big': 323405, 'itrs_max': 510550, 'depth_median_big': 2473, 'depth_max': 9846}
