{"arm": "native", "net": "fan", "tpc_l2": 3, "mode": "native", "N": 32000, "n": 32000, "m_edges": 41770, "accepted": 30702, "mnl": 11068, "gold": 27, "conflicts_ref": 27, "py_uf_secs": 0.017, "lp_rounds": 8, "max_deg": 33, "L": 15, "HE": 16, "HM": 14, "book_bytes": 1498479, "buf_bytes": 2061212, "serialise_secs": 4.6, "itrs": 167177150, "rt_secs": 1.08, "wall": 1.17, "max_rss_mb": 2060.4, "depth": null, "width": null, "correct": true}
{"arm": "bend", "var": "recon_cps", "k": 4, "rev": "e13297e5", "tpc_l2": 3, "mode": "native", "N": 32000, "n": 32000, "m_edges": 41770, "accepted": 30702, "mnl": 11068, "conflicts_ref": 27, "lp_rounds": 8, "max_deg": 33, "L": 15, "HE": 16, "HM": 14, "book_bytes": 1493789, "buf_bytes": 2057084, "serialise_secs": 6.2, "itrs": 189545045, "rt_secs": 2.7, "wall": 2.81, "max_rss_mb": 1737.6, "depth": null, "width": null, "correct": true}
{"arm": "native", "net": "full", "tpc_l2": 3, "mode": "native", "N": 32000, "n": 32000, "m_edges": 41770, "accepted": 30702, "mnl": 11068, "gold": 27, "conflicts_ref": 27, "py_uf_secs": 0.026, "lp_rounds": 8, "max_deg": 33, "skipped_ref": 14, "L": 15, "HE": 16, "HM": 14, "book_bytes": 1505495, "buf_bytes": 2083100, "serialise_secs": 6.9, "itrs": 248213318, "rt_secs": 3.08, "wall": 3.21, "max_rss_mb": 2604.3, "depth": null, "width": null, "correct": true}
{"arm": "bend", "var": "full", "k": 4, "rev": "0e7e1f66", "tpc_l2": 3, "mode": "native", "N": 32000, "n": 32000, "m_edges": 41770, "accepted": 30702, "mnl": 11068, "conflicts_ref": 27, "lp_rounds": 8, "max_deg": 33, "skipped_ref": 14, "L": 15, "HE": 16, "HM": 14, "book_bytes": 1503141, "buf_bytes": 2096012, "serialise_secs": 6.7, "itrs": 279424475, "rt_secs": 1.01, "wall": 1.16, "max_rss_mb": 3173.3, "depth": null, "width": null, "correct": true}
{"arm": "native", "net": "fan", "tpc_l2": 3, "mode": "native", "N": 100000, "n": 100000, "m_edges": 84603, "accepted": 71139, "mnl": 13464, "gold": 27, "conflicts_ref": 27, "py_uf_secs": 0.088, "lp_rounds": 17, "max_deg": 33, "L": 17, "HE": 17, "HM": 14, "book_bytes": 2790242, "buf_bytes": 3669916, "serialise_secs": 12.5, "itrs": 560839724, "rt_secs": 8.96, "wall": 9.16, "max_rss_mb": 4012.3, "depth": null, "width": null, "correct": true}
Traceback (most recent call last):
  File "<frozen runpy>", line 203, in _run_module_as_main
  File "<frozen runpy>", line 88, in _run_code
  File "/Users/tedsandtads/Genome/genome/exp21/run.py", line 108, in <module>
    **run(mode, N, book, full=(var == "full")))
      ~~~^^^^^^^^^^^^^^^^^^^^^^^^^^^^^^^^^^^^^
  File "/Users/tedsandtads/Genome/genome/exp21/run.py", line 79, in run
    out, err, wall, rss = _timed(["arch", "-arm64", exe, buf], timeout)
                          ~~~~~~^^^^^^^^^^^^^^^^^^^^^^^^^^^^^^^^^^^^^^^
  File "/Users/tedsandtads/Genome/genome/exp16/run.py", line 139, in _timed
    p = subprocess.run(["/bin/bash", "-c", sh], capture_output=True, text=True, timeout=timeout, env=ENV)
  File "/usr/local/Cellar/python@3.14/3.14.7/Frameworks/Python.framework/Versions/3.14/lib/python3.14/subprocess.py", line 557, in run
    stdout, stderr = process.communicate(input, timeout=timeout)
                     ~~~~~~~~~~~~~~~~~~~^^^^^^^^^^^^^^^^^^^^^^^^
  File "/usr/local/Cellar/python@3.14/3.14.7/Frameworks/Python.framework/Versions/3.14/lib/python3.14/subprocess.py", line 1221, in communicate
    stdout, stderr = self._communicate(input, endtime, timeout)
                     ~~~~~~~~~~~~~~~~~^^^^^^^^^^^^^^^^^^^^^^^^^
  File "/usr/local/Cellar/python@3.14/3.14.7/Frameworks/Python.framework/Versions/3.14/lib/python3.14/subprocess.py", line 2154, in _communicate
    self._check_timeout(endtime, orig_timeout, stdout, stderr)
    ~~~~~~~~~~~~~~~~~~~^^^^^^^^^^^^^^^^^^^^^^^^^^^^^^^^^^^^^^^
  File "/usr/local/Cellar/python@3.14/3.14.7/Frameworks/Python.framework/Versions/3.14/lib/python3.14/subprocess.py", line 1268, in _check_timeout
    raise TimeoutExpired(
    ...<2 lines>...
            stderr=b''.join(stderr_seq) if stderr_seq else None)
subprocess.TimeoutExpired: Command '['/bin/bash', '-c', 'ulimit -s hard; exec /usr/bin/time -l arch -arm64 /Users/tedsandtads/Genome/runs/exp16/hvmc_arm64_t3 /Users/tedsandtads/Genome/scratch/exp21_native_100000_89301.hvm.bin']' timed out after 7200 seconds
{"arm": "native", "net": "full", "tpc_l2": 3, "mode": "native", "N": 100000, "n": 100000, "m_edges": 84603, "accepted": 71139, "mnl": 13464, "gold": 27, "conflicts_ref": 27, "py_uf_secs": 0.038, "lp_rounds": 17, "max_deg": 33, "skipped_ref": 15, "L": 17, "HE": 17, "HM": 14, "book_bytes": 2797258, "buf_bytes": 3691804, "serialise_secs": 6.7, "itrs": 843820561, "rt_secs": 6.23, "wall": 6.33, "max_rss_mb": 4413.8, "depth": null, "width": null, "correct": true}
{"arm": "bend", "var": "full", "k": 4, "rev": "0e7e1f66", "tpc_l2": 3, "mode": "native", "N": 100000, "n": 100000, "m_edges": 84603, "accepted": 71139, "mnl": 13464, "conflicts_ref": 27, "lp_rounds": 17, "max_deg": 33, "skipped_ref": 15, "L": 17, "HE": 17, "HM": 14, "book_bytes": 2794904, "buf_bytes": 3704716, "serialise_secs": 7.2, "itrs": 837239495, "rt_secs": 2.32, "wall": 2.41, "max_rss_mb": 5769.7, "depth": null, "width": null, "correct": true}
{"arm": "native", "net": "fan", "tpc_l2": 3, "mode": "native", "N": 32000, "n": 32000, "m_edges": 41770, "accepted": 30702, "mnl": 11068, "gold": 27, "conflicts_ref": 27, "py_uf_secs": 0.016, "lp_rounds": 8, "max_deg": 33, "L": 15, "HE": 16, "HM": 14, "book_bytes": 1498479, "buf_bytes": 2061212, "serialise_secs": 3.9, "itrs": 167177150, "rt_secs": 0.54, "wall": 0.6, "max_rss_mb": 2170.8, "depth": null, "width": null, "correct": true}
{"arm": "bend", "var": "recon_cps", "k": 4, "rev": "e13297e5", "tpc_l2": 3, "mode": "native", "N": 32000, "n": 32000, "m_edges": 41770, "accepted": 30702, "mnl": 11068, "conflicts_ref": 27, "lp_rounds": 8, "max_deg": 33, "L": 15, "HE": 16, "HM": 14, "book_bytes": 1493789, "buf_bytes": 2057084, "serialise_secs": 3.9, "itrs": 189545045, "rt_secs": 1.47, "wall": 1.52, "max_rss_mb": 1737.9, "depth": null, "width": null, "correct": true}
{"arm": "native", "net": "full", "tpc_l2": 3, "mode": "native", "N": 32000, "n": 32000, "m_edges": 41770, "accepted": 30702, "mnl": 11068, "gold": 27, "conflicts_ref": 27, "py_uf_secs": 0.014, "lp_rounds": 8, "max_deg": 33, "skipped_ref": 14, "L": 15, "HE": 16, "HM": 14, "book_bytes": 1505495, "buf_bytes": 2083100, "serialise_secs": 3.8, "itrs": 247463881, "rt_secs": 1.59, "wall": 1.65, "max_rss_mb": 2193.4, "depth": null, "width": null, "correct": false, "err": "got undecodable: expected tuple constructor, got x1fffffff want (16650396, 15861495) :: put operations\n                   0  block output operations\n                   0  messages sent\n                   0  messages received\n                   0  signals received\n                   0  voluntary context switches\n               30661  involuntary context switches\n         90894988995  instructions retired\n         52649026976  cycles elapsed\n          2300971456  peak memory footprint\n"}
{"arm": "bend", "var": "full", "k": 4, "rev": "0e7e1f66", "tpc_l2": 3, "mode": "native", "N": 32000, "n": 32000, "m_edges": 41770, "accepted": 30702, "mnl": 11068, "conflicts_ref": 27, "lp_rounds": 8, "max_deg": 33, "skipped_ref": 14, "L": 15, "HE": 16, "HM": 14, "book_bytes": 1503141, "buf_bytes": 2096012, "serialise_secs": 3.8, "itrs": 279424475, "rt_secs": 0.78, "wall": 0.84, "max_rss_mb": 3173.6, "depth": null, "width": null, "correct": true}
{"arm": "native", "net": "fan", "tpc_l2": 3, "mode": "native", "N": 100000, "n": 100000, "m_edges": 84603, "accepted": 71139, "mnl": 13464, "gold": 27, "conflicts_ref": 27, "py_uf_secs": 0.04, "lp_rounds": 17, "max_deg": 33, "L": 17, "HE": 17, "HM": 14, "book_bytes": 2790242, "buf_bytes": 3669916, "serialise_secs": 6.9, "itrs": 560839724, "rt_secs": 3.66, "wall": 3.74, "max_rss_mb": 4161.7, "depth": null, "width": null, "correct": true}
{"arm": "bend", "var": "recon_cps", "k": 4, "rev": "e13297e5", "tpc_l2": 3, "mode": "native", "N": 100000, "n": 100000, "m_edges": 84603, "accepted": 71139, "mnl": 13464, "conflicts_ref": 27, "lp_rounds": 17, "max_deg": 33, "L": 17, "HE": 17, "HM": 14, "book_bytes": 2785552, "buf_bytes": 3665788, "serialise_secs": 6.8, "itrs": 574142597, "rt_secs": 1.13, "wall": 1.22, "max_rss_mb": 5318.7, "depth": null, "width": null, "correct": true}
{"arm": "native", "net": "full", "tpc_l2": 3, "mode": "native", "N": 100000, "n": 100000, "m_edges": 84603, "accepted": 71139, "mnl": 13464, "gold": 27, "conflicts_ref": 27, "py_uf_secs": 0.039, "lp_rounds": 17, "max_deg": 33, "skipped_ref": 15, "L": 17, "HE": 17, "HM": 14, "book_bytes": 2797258, "buf_bytes": 3691804, "serialise_secs": 7.3, "itrs": 843820561, "rt_secs": 6.38, "wall": 6.46, "max_rss_mb": 4414.5, "depth": null, "width": null, "correct": true}
{"arm": "bend", "var": "full", "k": 4, "rev": "0e7e1f66", "tpc_l2": 3, "mode": "native", "N": 100000, "n": 100000, "m_edges": 84603, "accepted": 71139, "mnl": 13464, "conflicts_ref": 27, "lp_rounds": 17, "max_deg": 33, "skipped_ref": 15, "L": 17, "HE": 17, "HM": 14, "book_bytes": 2794904, "buf_bytes": 3704716, "serialise_secs": 8.5, "itrs": 837239495, "rt_secs": 5.02, "wall": 5.11, "max_rss_mb": 5263.4, "depth": null, "width": null, "correct": true}
{"arm": "native", "net": "fan", "tpc_l2": 3, "mode": "native", "N": 32000, "n": 32000, "m_edges": 41770, "accepted": 30702, "mnl": 11068, "gold": 27, "conflicts_ref": 27, "py_uf_secs": 0.015, "lp_rounds": 8, "max_deg": 33, "L": 15, "HE": 16, "HM": 14, "book_bytes": 1498479, "buf_bytes": 2061212, "serialise_secs": 3.7, "itrs": 167177150, "rt_secs": 0.77, "wall": 0.83, "max_rss_mb": 2068.8, "depth": null, "width": null, "correct": true}
{"arm": "bend", "var": "recon_cps", "k": 4, "rev": "e13297e5", "tpc_l2": 3, "mode": "native", "N": 32000, "n": 32000, "m_edges": 41770, "accepted": 30702, "mnl": 11068, "conflicts_ref": 27, "lp_rounds": 8, "max_deg": 33, "L": 15, "HE": 16, "HM": 14, "book_bytes": 1493789, "buf_bytes": 2057084, "serialise_secs": 3.8, "itrs": 189545045, "rt_secs": 1.2, "wall": 1.26, "max_rss_mb": 1930.0, "depth": null, "width": null, "correct": true}
{"arm": "native", "net": "full", "tpc_l2": 3, "mode": "native", "N": 32000, "n": 32000, "m_edges": 41770, "accepted": 30702, "mnl": 11068, "gold": 27, "conflicts_ref": 27, "py_uf_secs": 0.016, "lp_rounds": 8, "max_deg": 33, "skipped_ref": 14, "L": 15, "HE": 16, "HM": 14, "book_bytes": 1505495, "buf_bytes": 2083100, "serialise_secs": 3.8, "itrs": 248213318, "rt_secs": 1.48, "wall": 1.54, "max_rss_mb": 2261.6, "depth": null, "width": null, "correct": true}
{"arm": "bend", "var": "full", "k": 4, "rev": "0e7e1f66", "tpc_l2": 3, "mode": "native", "N": 32000, "n": 32000, "m_edges": 41770, "accepted": 30702, "mnl": 11068, "conflicts_ref": 27, "lp_rounds": 8, "max_deg": 33, "skipped_ref": 14, "L": 15, "HE": 16, "HM": 14, "book_bytes": 1503141, "buf_bytes": 2096012, "serialise_secs": 4.3, "itrs": 279424475, "rt_secs": 1.7, "wall": 1.76, "max_rss_mb": 2350.8, "depth": null, "width": null, "correct": true}
{"arm": "native", "net": "fan", "tpc_l2": 3, "mode": "native", "N": 100000, "n": 100000, "m_edges": 84603, "accepted": 71139, "mnl": 13464, "gold": 27, "conflicts_ref": 27, "py_uf_secs": 0.04, "lp_rounds": 17, "max_deg": 33, "L": 17, "HE": 17, "HM": 14, "book_bytes": 2790242, "buf_bytes": 3669916, "serialise_secs": 7.0, "itrs": 560839724, "rt_secs": 3.63, "wall": 3.71, "max_rss_mb": 4139.8, "depth": null, "width": null, "correct": true}
{"arm": "bend", "var": "recon_cps", "k": 4, "rev": "e13297e5", "tpc_l2": 3, "mode": "native", "N": 100000, "n": 100000, "m_edges": 84603, "accepted": 71139, "mnl": 13464, "conflicts_ref": 27, "lp_rounds": 17, "max_deg": 33, "L": 17, "HE": 17, "HM": 14, "book_bytes": 2785552, "buf_bytes": 3665788, "serialise_secs": 6.9, "itrs": 574142597, "rt_secs": 1.03, "wall": 1.12, "max_rss_mb": 5318.3, "depth": null, "width": null, "correct": true}
{"arm": "native", "net": "full", "tpc_l2": 3, "mode": "native", "N": 100000, "n": 100000, "m_edges": 84603, "accepted": 71139, "mnl": 13464, "gold": 27, "conflicts_ref": 27, "py_uf_secs": 0.038, "lp_rounds": 17, "max_deg": 33, "skipped_ref": 15, "L": 17, "HE": 17, "HM": 14, "book_bytes": 2797258, "buf_bytes": 3691804, "serialise_secs": 6.9, "itrs": 843820561, "rt_secs": 5.78, "wall": 5.87, "max_rss_mb": 4694.0, "depth": null, "width": null, "correct": true}
{"arm": "bend", "var": "full", "k": 4, "rev": "0e7e1f66", "tpc_l2": 3, "mode": "native", "N": 100000, "n": 100000, "m_edges": 84603, "accepted": 71139, "mnl": 13464, "conflicts_ref": 27, "lp_rounds": 17, "max_deg": 33, "skipped_ref": 15, "L": 17, "HE": 17, "HM": 14, "book_bytes": 2794904, "buf_bytes": 3704716, "serialise_secs": 6.9, "itrs": 837239495, "rt_secs": 1.52, "wall": 1.61, "max_rss_mb": 5795.0, "depth": null, "width": null, "correct": true}
