native seed0 t5_cluster_list: PASS attempts=4 tokens=260114 usd=0.0636
native seed0 t5_conflict_skipped: FAIL attempts=5 tokens=221675 usd=0.0543
native seed0 t5_decide_normalise: PASS attempts=4 tokens=281817 usd=0.0718
native seed0 t5_decide_singleton: PASS attempts=5 tokens=272426 usd=0.0696
native seed0 t5_cluster_same: PASS attempts=4 tokens=279492 usd=0.0760
native seed0 t5_metric_pairwise: PASS attempts=5 tokens=275617 usd=0.0688
native seed0 t5_conflict_greedy_cap: FAIL attempts=8 tokens=385524 usd=0.0877
native seed0 t5_prop_majority: PASS attempts=4 tokens=290544 usd=0.0734
native seed0 t3_scc_label: PASS attempts=9 tokens=674413 usd=0.1397
native seed0 t5_reconcile_full: FAIL attempts=5 tokens=286989 usd=0.0746
native seed0 t5_cluster_sizes: FAIL attempts=9 tokens=697752 usd=0.1485
native seed0 t5_prop_merged: FAIL attempts=9 tokens=628974 usd=0.1073
native seed0 t5_conflict_greedy: FAIL attempts=9 tokens=691756 usd=0.1610
native seed0 t5_conflict_pairs: PASS attempts=11 tokens=752904 usd=0.1709
native seed0 t5_reconcile_full_props: FAIL attempts=6 tokens=268605 usd=0.0617
native seed0 t5_metric_purity: PASS attempts=11 tokens=889732 usd=0.1917
native seed0 t5_prop_conflict_keys: PASS attempts=9 tokens=678204 usd=0.1425
native seed0 t5_rewrite_sameas_roots: PASS attempts=3 tokens=207802 usd=0.0559
native seed0 t5_rewrite_neighbours: PASS attempts=4 tokens=293880 usd=0.0771
native seed0 t5_rewrite_degrees: FAIL attempts=9 tokens=707733 usd=0.1557
native seed0 t5_reconcile_canon_mnl: FAIL attempts=9 tokens=959839 usd=0.1880
tokens used: 10005792 / cap 400000000; usd spent: 2.24 / cap 4.0
