b1 seed0 t1_popcount: PASS attempts=3 tokens=5456 usd=0.0011
b1 seed0 t1_nth: PASS attempts=3 tokens=5810 usd=0.0013
b1 seed0 t1_powmod: PASS attempts=3 tokens=7521 usd=0.0020
b1 seed0 t1_max: PASS attempts=3 tokens=7445 usd=0.0021
b1 seed0 t1_prefix_sums: PASS attempts=3 tokens=8112 usd=0.0024
b1 seed0 t2_argmax: PASS attempts=3 tokens=6643 usd=0.0017
b1 seed0 t1_zip_add: PASS attempts=3 tokens=8150 usd=0.0023
b1 seed0 t2_dedup_sorted: PASS attempts=3 tokens=5840 usd=0.0013
b1 seed0 t1_range: PASS attempts=3 tokens=8439 usd=0.0026
b1 seed0 t2_distinct_count: PASS attempts=3 tokens=6584 usd=0.0015
b1 seed0 t1_bignum_mul: PASS attempts=4 tokens=19208 usd=0.0057
b1 seed0 t2_inversions: PASS attempts=3 tokens=8456 usd=0.0024
b1 seed0 t2_partition: PASS attempts=3 tokens=6342 usd=0.0014
b1 seed0 t2_lower_bound: PASS attempts=3 tokens=8087 usd=0.0024
b1 seed0 t2_mode: PASS attempts=3 tokens=8479 usd=0.0024
b1 seed0 t2_merge: PASS attempts=3 tokens=9529 usd=0.0031
b1 seed0 t2_lis: PASS attempts=3 tokens=10913 usd=0.0036
b1 seed0 t2_search: PASS attempts=3 tokens=8076 usd=0.0023
b1 seed0 t2_second_largest: PASS attempts=3 tokens=8122 usd=0.0024
b1 seed0 t2_top_k: PASS attempts=3 tokens=8471 usd=0.0023
tokens used: 165683 / cap 20000000; usd spent: 0.05 / cap 3.0
