native seed0 t1_popcount: PASS attempts=3 tokens=16238 usd=0.0043
native seed0 t1_prefix_sums: PASS attempts=3 tokens=16877 usd=0.0046
native seed0 t1_nth: PASS attempts=3 tokens=18129 usd=0.0052
native seed0 t1_max: FAIL attempts=5 tokens=25327 usd=0.0055
native seed0 t1_zip_add: PASS attempts=3 tokens=21442 usd=0.0068
native seed0 t1_range: PASS attempts=3 tokens=20766 usd=0.0065
native seed0 t1_powmod: PASS attempts=6 tokens=37974 usd=0.0086
native seed0 t2_argmax: PASS attempts=6 tokens=45457 usd=0.0124
native seed0 t2_distinct_count: FAIL attempts=5 tokens=42694 usd=0.0135
native seed0 t2_inversions: PASS attempts=5 tokens=37604 usd=0.0111
native seed0 t1_bignum_mul: FAIL attempts=5 tokens=58265 usd=0.0177
native seed0 t2_lis: PASS attempts=4 tokens=36586 usd=0.0117
native seed0 t2_lower_bound: PASS attempts=3 tokens=18476 usd=0.0054
native seed0 t2_dedup_sorted: PASS attempts=6 tokens=52491 usd=0.0164
native seed0 t2_second_largest: PASS attempts=4 tokens=27398 usd=0.0079
native seed0 t2_partition: PASS attempts=3 tokens=26637 usd=0.0094
native seed0 t2_search: PASS attempts=6 tokens=43492 usd=0.0117
native seed0 t2_mode: FAIL attempts=5 tokens=49110 usd=0.0144
native seed0 t2_merge: PASS attempts=7 tokens=54834 usd=0.0147
native seed0 t2_top_k: FAIL attempts=5 tokens=59059 usd=0.0214
tokens used: 708856 / cap 20000000; usd spent: 0.21 / cap 3.0
