t3_apsp_matrix.bend {"status": "pass", "failed": 0, "seed": 0, "suite": "v2", "arm": "B1", "metrics": {"itrs_median_small": 10117, "itrs_median_big": 11122916, "itrs_max": 68078787, "depth_median_big": 1731, "depth_max": 3110}, "s
t3_apsp_matrix.bend {"status": "pass", "failed": 0, "seed": 1, "suite": "v2", "arm": "B1", "metrics": {"itrs_median_small": 10812, "itrs_median_big": 12569314, "itrs_max": 54249582, "depth_median_big": 1828, "depth_max": 2780}, "s
t3_bridges.bend {"status": "pass", "failed": 0, "seed": 0, "suite": "v2", "arm": "B1", "metrics": {"itrs_median_small": 6980, "itrs_median_big": 441434, "itrs_max": 770200, "depth_median_big": 1328, "depth_max": 1897}, "secs": 2.4
t3_bridges.bend {"status": "pass", "failed": 0, "seed": 1, "suite": "v2", "arm": "B1", "metrics": {"itrs_median_small": 9661, "itrs_median_big": 1169733, "itrs_max": 2447172, "depth_median_big": 2505, "depth_max": 4168}, "secs": 3
t3_cc_largest.bend {"status": "pass", "failed": 0, "seed": 0, "suite": "v2", "arm": "B1", "metrics": {"itrs_median_small": 6582, "itrs_median_big": 690091, "itrs_max": 1039154, "depth_median_big": 2581, "depth_max": 4340}, "secs":
t3_cc_largest.bend {"status": "pass", "failed": 0, "seed": 1, "suite": "v2", "arm": "B1", "metrics": {"itrs_median_small": 5811, "itrs_median_big": 921334, "itrs_max": 4280777, "depth_median_big": 3887, "depth_max": 7135}, "secs":
t3_count_shortest_paths.bend {"status": "pass", "failed": 0, "seed": 0, "suite": "v2", "arm": "B1", "metrics": {"itrs_median_small": 10046, "itrs_median_big": 407209, "itrs_max": 878934, "depth_median_big": 1895, "depth_max": 3483
t3_count_shortest_paths.bend {"status": "pass", "failed": 0, "seed": 1, "suite": "v2", "arm": "B1", "metrics": {"itrs_median_small": 4841, "itrs_median_big": 996821, "itrs_max": 1428569, "depth_median_big": 3396, "depth_max": 3710
t3_degrees.bend {"status": "pass", "failed": 0, "seed": 0, "suite": "v2", "arm": "B1", "metrics": {"itrs_median_small": 803, "itrs_median_big": 66713, "itrs_max": 81173, "depth_median_big": 1285, "depth_max": 1844}, "secs": 1.8}
t3_degrees.bend {"status": "pass", "failed": 0, "seed": 1, "suite": "v2", "arm": "B1", "metrics": {"itrs_median_small": 803, "itrs_median_big": 36795, "itrs_max": 81155, "depth_median_big": 700, "depth_max": 1844}, "secs": 1.5}
t3_euler_start.bend {"status": "pass", "failed": 0, "seed": 0, "suite": "v2", "arm": "B1", "metrics": {"itrs_median_small": 14342, "itrs_median_big": 901725, "itrs_max": 973013, "depth_median_big": 2489, "depth_max": 2807}, "secs"
t3_euler_start.bend {"status": "pass", "failed": 0, "seed": 1, "suite": "v2", "arm": "B1", "metrics": {"itrs_median_small": 7498, "itrs_median_big": 902456, "itrs_max": 998011, "depth_median_big": 2706, "depth_max": 3089}, "secs":
t3_forest_mis.bend {"status": "pass", "failed": 0, "seed": 0, "suite": "v2", "arm": "B1", "metrics": {"itrs_median_small": 822, "itrs_median_big": 69636, "itrs_max": 135175, "depth_median_big": 1184, "depth_max": 1825}, "secs": 1.
t3_forest_mis.bend {"status": "pass", "failed": 0, "seed": 1, "suite": "v2", "arm": "B1", "metrics": {"itrs_median_small": 1779, "itrs_median_big": 76507, "itrs_max": 115356, "depth_median_big": 1136, "depth_max": 1464}, "secs": 1
t3_line_graph_edges.bend {"status": "pass", "failed": 0, "seed": 0, "suite": "v2", "arm": "B1", "metrics": {"itrs_median_small": 408, "itrs_median_big": 88156, "itrs_max": 167350, "depth_median_big": 1778, "depth_max": 3320}, "sec
t3_line_graph_edges.bend {"status": "pass", "failed": 0, "seed": 1, "suite": "v2", "arm": "B1", "metrics": {"itrs_median_small": 408, "itrs_median_big": 59436, "itrs_max": 166836, "depth_median_big": 1400, "depth_max": 3308}, "sec
t3_sp_count.bend {"status": "pass", "failed": 0, "seed": 0, "suite": "v2", "arm": "B1", "metrics": {"itrs_median_small": 12180, "itrs_median_big": 726329, "itrs_max": 2488525, "depth_median_big": 3125, "depth_max": 6453}, "secs": 
t3_sp_count.bend {"status": "pass", "failed": 0, "seed": 1, "suite": "v2", "arm": "B1", "metrics": {"itrs_median_small": 7855, "itrs_median_big": 914789, "itrs_max": 2552156, "depth_median_big": 4344, "depth_max": 6357}, "secs": 3
t3_walk_count.bend {"status": "pass", "failed": 0, "seed": 0, "suite": "v2", "arm": "B1", "metrics": {"itrs_median_small": 3977, "itrs_median_big": 782505, "itrs_max": 870423, "depth_median_big": 1355, "depth_max": 1687}, "secs": 
t3_walk_count.bend {"status": "pass", "failed": 0, "seed": 1, "suite": "v2", "arm": "B1", "metrics": {"itrs_median_small": 1707, "itrs_median_big": 964977, "itrs_max": 3457257, "depth_median_big": 1714, "depth_max": 3531}, "secs":
t3_wiener_index.bend {"status": "pass", "failed": 0, "seed": 0, "suite": "v2", "arm": "B1", "metrics": {"itrs_median_small": 16947, "itrs_median_big": 4835864, "itrs_max": 5037277, "depth_median_big": 2658, "depth_max": 3009}, "se
t3_wiener_index.bend {"status": "pass", "failed": 0, "seed": 1, "suite": "v2", "arm": "B1", "metrics": {"itrs_median_small": 13779, "itrs_median_big": 4935533, "itrs_max": 5335017, "depth_median_big": 2371, "depth_max": 2822}, "se
t3_wsp_all_from.bend {"status": "pass", "failed": 0, "seed": 0, "suite": "v2", "arm": "B1", "metrics": {"itrs_median_small": 1680, "itrs_median_big": 63262, "itrs_max": 422232, "depth_median_big": 891, "depth_max": 4550}, "secs": 
t3_wsp_all_from.bend {"status": "pass", "failed": 0, "seed": 1, "suite": "v2", "arm": "B1", "metrics": {"itrs_median_small": 2330, "itrs_median_big": 197471, "itrs_max": 513604, "depth_median_big": 2872, "depth_max": 5265}, "secs"
t5_cluster_closure_pairs.bend {"status": "pass", "failed": 0, "seed": 0, "suite": "v2", "arm": "B1", "metrics": {"itrs_median_small": 7852, "itrs_median_big": 394852, "itrs_max": 989722, "depth_median_big": 1587, "depth_max": 2514
t5_cluster_closure_pairs.bend {"status": "pass", "failed": 0, "seed": 1, "suite": "v2", "arm": "B1", "metrics": {"itrs_median_small": 5262, "itrs_median_big": 367329, "itrs_max": 787209, "depth_median_big": 1469, "depth_max": 2154
t5_cluster_count.bend {"status": "pass", "failed": 0, "seed": 0, "suite": "v2", "arm": "B1", "metrics": {"itrs_median_small": 3769, "itrs_median_big": 348772, "itrs_max": 1267973, "depth_median_big": 1252, "depth_max": 3217}, "sec
t5_cluster_count.bend {"status": "pass", "failed": 0, "seed": 1, "suite": "v2", "arm": "B1", "metrics": {"itrs_median_small": 10702, "itrs_median_big": 214500, "itrs_max": 973192, "depth_median_big": 770, "depth_max": 2964}, "secs
t5_cluster_emit.bend {"status": "pass", "failed": 0, "seed": 0, "suite": "v2", "arm": "B1", "metrics": {"itrs_median_small": 5028, "itrs_median_big": 480078, "itrs_max": 1305019, "depth_median_big": 1846, "depth_max": 3197}, "secs
t5_cluster_emit.bend {"status": "pass", "failed": 0, "seed": 1, "suite": "v2", "arm": "B1", "metrics": {"itrs_median_small": 8294, "itrs_median_big": 249687, "itrs_max": 1011474, "depth_median_big": 1173, "depth_max": 2749}, "secs
t5_cluster_largest.bend {"status": "pass", "failed": 0, "seed": 0, "suite": "v2", "arm": "B1", "metrics": {"itrs_median_small": 8631, "itrs_median_big": 528261, "itrs_max": 852786, "depth_median_big": 1960, "depth_max": 2308}, "se
t5_cluster_largest.bend {"status": "pass", "failed": 0, "seed": 1, "suite": "v2", "arm": "B1", "metrics": {"itrs_median_small": 7956, "itrs_median_big": 346051, "itrs_max": 893521, "depth_median_big": 1208, "depth_max": 2591}, "se
t5_cluster_list.bend {"status": "pass", "failed": 0, "seed": 0, "suite": "v2", "arm": "B1", "metrics": {"itrs_median_small": 7994, "itrs_median_big": 455405, "itrs_max": 990070, "depth_median_big": 1630, "depth_max": 2562}, "secs"
t5_cluster_list.bend {"status": "pass", "failed": 0, "seed": 1, "suite": "v2", "arm": "B1", "metrics": {"itrs_median_small": 8747, "itrs_median_big": 321032, "itrs_max": 562579, "depth_median_big": 1371, "depth_max": 1878}, "secs"
t5_conflict_flags.bend {"status": "pass", "failed": 0, "seed": 0, "suite": "v2", "arm": "B1", "metrics": {"itrs_median_small": 1073, "itrs_median_big": 134415, "itrs_max": 177747, "depth_median_big": 1647, "depth_max": 1678}, "sec
t5_conflict_flags.bend {"status": "pass", "failed": 0, "seed": 1, "suite": "v2", "arm": "B1", "metrics": {"itrs_median_small": 1699, "itrs_median_big": 154599, "itrs_max": 241133, "depth_median_big": 1661, "depth_max": 1772}, "sec
t5_decide_filter.bend {"status": "pass", "failed": 0, "seed": 0, "suite": "v2", "arm": "B1", "metrics": {"itrs_median_small": 241, "itrs_median_big": 7799, "itrs_max": 13335, "depth_median_big": 1898, "depth_max": 3123}, "secs": 0
t5_decide_filter.bend {"status": "pass", "failed": 0, "seed": 1, "suite": "v2", "arm": "B1", "metrics": {"itrs_median_small": 179, "itrs_median_big": 3051, "itrs_max": 9175, "depth_median_big": 657, "depth_max": 1863}, "secs": 1.3
t5_decide_order.bend {"status": "pass", "failed": 0, "seed": 0, "suite": "v2", "arm": "B1", "metrics": {"itrs_median_small": 69155, "itrs_median_big": 125713, "itrs_max": 218138, "depth_median_big": 1664, "depth_max": 4046}, "secs
t5_decide_order.bend {"status": "pass", "failed": 0, "seed": 1, "suite": "v2", "arm": "B1", "metrics": {"itrs_median_small": 68833, "itrs_median_big": 136633, "itrs_max": 218063, "depth_median_big": 1866, "depth_max": 4203}, "secs
t5_metric_purity.bend {"status": "pass", "failed": 0, "seed": 0, "suite": "v2", "arm": "B1", "metrics": {"itrs_median_small": 9541, "itrs_median_big": 7718821, "itrs_max": 7718821, "depth_median_big": 1562, "depth_max": 1562}, "se
t5_metric_purity.bend {"status": "pass", "failed": 0, "seed": 1, "suite": "v2", "arm": "B1", "metrics": {"itrs_median_small": 3157, "itrs_median_big": 7718821, "itrs_max": 7718821, "depth_median_big": 1562, "depth_max": 1562}, "se
t5_reconcile_canon.bend {"status": "pass", "failed": 0, "seed": 0, "suite": "v2", "arm": "B1", "metrics": {"itrs_median_small": 6617, "itrs_median_big": 588319, "itrs_max": 1531988, "depth_median_big": 2311, "depth_max": 5082}, "s
t5_reconcile_canon.bend {"status": "pass", "failed": 0, "seed": 1, "suite": "v2", "arm": "B1", "metrics": {"itrs_median_small": 10296, "itrs_median_big": 1197719, "itrs_max": 1391065, "depth_median_big": 4213, "depth_max": 5057}, 
