Fetching 9 files:   0%|          | 0/9 [00:00<?, ?it/s]Fetching 9 files: 100%|██████████| 9/9 [00:00<00:00, 49734.83it/s]
generated 64/450  6s
generated 128/450  15s
generated 192/450  24s
generated 256/450  32s
generated 320/450  41s
generated 384/450  49s
generated 448/450  53s
generated 450/450  54s
Fetching 9 files:   0%|          | 0/9 [00:00<?, ?it/s]Fetching 9 files: 100%|██████████| 9/9 [00:00<00:00, 31668.40it/s]
generated 64/90  10s
generated 90/90  13s
Fetching 9 files:   0%|          | 0/9 [00:00<?, ?it/s]Fetching 9 files: 100%|██████████| 9/9 [00:00<00:00, 23816.24it/s]
generated 64/1440  5s
generated 128/1440  11s
generated 192/1440  15s
generated 256/1440  22s
generated 320/1440  28s
generated 384/1440  34s
generated 448/1440  40s
generated 512/1440  47s
generated 576/1440  53s
generated 640/1440  61s
generated 704/1440  67s
generated 768/1440  75s
generated 832/1440  81s
generated 896/1440  88s
generated 960/1440  97s
generated 1024/1440  102s
generated 1088/1440  108s
generated 1152/1440  116s
generated 1216/1440  121s
generated 1280/1440  127s
generated 1344/1440  134s
generated 1408/1440  140s
generated 1440/1440  144s
extras2 done
Fetching 11 files:   0%|          | 0/11 [00:00<?, ?it/s]Fetching 11 files: 100%|██████████| 11/11 [00:00<00:00, 29901.07it/s]
ter01 172s
ter02 335s
ter03 492s
ter11 689s
for01 791s
for02 887s
for03 1124s
for11 1402s
cha01 1412s
cha02 1622s
/Users/tedsandtads/.local/share/uv/python/cpython-3.11.15-macos-aarch64-none/lib/python3.11/multiprocessing/resource_tracker.py:254: UserWarning: resource_tracker: There appear to be 1 leaked semaphore objects to clean up at shutdown
  warnings.warn('resource_tracker: There appear to be %d '
