Fetching 11 files:   0%|          | 0/11 [00:00<?, ?it/s]Fetching 11 files: 100%|██████████| 11/11 [00:00<00:00, 44880.68it/s]
generated 64/360  35s
generated 128/360  70s
generated 192/360  103s
generated 256/360  143s
generated 320/360  181s
generated 360/360  201s
Fetching 9 files:   0%|          | 0/9 [00:00<?, ?it/s]Fetching 9 files: 100%|██████████| 9/9 [00:00<00:00, 47127.01it/s]
generated 64/360  13s
generated 128/360  24s
generated 192/360  35s
generated 256/360  49s
generated 320/360  59s
generated 360/360  65s
Fetching 14 files:   0%|          | 0/14 [00:00<?, ?it/s]Fetching 14 files: 100%|██████████| 14/14 [00:00<00:00, 25686.90it/s]
ter01 86s
ter02 164s
ter03 244s
ter11 321s
for01 396s
for02 471s
for03 547s
for11 624s
cha01 699s
cha02 774s
cha03 849s
neg01 921s
neg02 1064s
neg03 1140s
lis01 1217s
lis02 1302s
lis03 1374s
wed01 1395s
wed02 1427s
wed03 1459s
