--- 05:34:45
step of stream `wc` (@wc_step): 2 value(s) never used:
    `L1` (depth, copy 1 of `L`, made at build.py:17)
    `L3` (depth, copy 3 of `L`, made at build.py:17)
  Every value must be used exactly once: pass it where it is needed, or drop it with d.erase(x) (or d.erase_unused() to drop all of them).
--- 05:35:16
fin of stream `wc` (@wc_fin): 1 value(s) never used:
    `i` (num, argument `i` of fin of stream `wc`, made at build.py:27)
  Every value must be used exactly once: pass it where it is needed, or drop it with d.erase(x) (or d.erase_unused() to drop all of them).
--- 05:35:22
wrong arity: step of stream `wa` is called as f(d, L:depth, c_adj:adj (trie[list[(num num)]]), k:num, key:num, freq_trie:trie[num], e0:num, e1:num, e2:num), i.e. d plus 8 value(s); your function `step_attrs` takes 7 parameter(s) (d, L, c_adj, k, key_target, freq_trie, node_key_value).
--- 05:35:28
build.py:33: fanout(w, n) needs n >= 2 (got 1); a single use needs no fanout
--- 05:35:35
build.py:36: kind mismatch at update `pk` (act peek) port `t`: expected trie[num], got adj (trie[list[(num num)]]) `c_adj` from argument `c_adj` of step of stream `wa` (made at build.py:67).
--- 05:36:35
build.py:36: kind mismatch at update `peek_adj` (act peek) port `t`: expected trie[num], got adj (trie[list[(num num)]]) `c_adj` from argument `c_adj` of step of stream `wa` (made at build.py:67).
--- 05:37:28
build.py:15: unknown operator '=='; use one of ! % & * + - / < << = > >> ^ |
--- 05:37:47
build.py:15: wire `count` (num, argument `x` of leaf of fold `fold_freq`, made at build.py:26) is used a second time (left operand of `=`); it was already used at build.py:14 (left operand of `>`). A wire has exactly two ends. It is needed at least twice: write  a, b = d.fanout(count, 2)  and use each once.
--- 05:38:02
wrong arity: branch zero case of leaf of fold `fold_freq` is called as f(d, passed[0]:num, passed[1]:num, passed[2]:num, passed[3]:num, passed[4]:num), i.e. d plus 5 value(s); your function `<lambda>` takes 1 parameter(s) (b).
--- 05:38:09
branch zero case of leaf of fold `fold_freq` (@fold_freq_leaf_b1z): 3 value(s) never used:
    `bv` (num, argument `passed[1]` of branch zero case of leaf of fold `fold_freq`, made at build.py:25)
    `c` (num, argument `passed[2]` of branch zero case of leaf of fold `fold_freq`, made at build.py:25)
    `v` (num, argument `passed[3]` of branch zero case of leaf of fold `fold_freq`, made at build.py:25)
  Every value must be used exactly once: pass it where it is needed, or drop it with d.erase(x) (or d.erase_unused() to drop all of them).
--- 05:38:15
branch nonzero case of leaf of fold `fold_freq` (@fold_freq_leaf_b1s): 4 value(s) never used:
    `_` (num, argument `cm1` of branch nonzero case of leaf of fold `fold_freq`, made at build.py:25)
    `mc` (num, argument `passed[0]` of branch nonzero case of leaf of fold `fold_freq`, made at build.py:25)
    `bv` (num, argument `passed[1]` of branch nonzero case of leaf of fold `fold_freq`, made at build.py:25)
    `b2` (num, argument `passed[4]` of branch nonzero case of leaf of fold `fold_freq`, made at build.py:25)
  Every value must be used exactly once: pass it where it is needed, or drop it with d.erase(x) (or d.erase_unused() to drop all of them).
--- 05:38:22
build.py:33: wire `acc_0` (num, field 0 of `acc`, made at build.py:13) is used a second time (branch passed[0]); it was already used at build.py:16 (fanout into 2). A wire has exactly two ends. It is needed at least twice: write  a, b = d.fanout(acc_0, 2)  and use each once.
--- 05:38:46
build.py:33: wire `acc_02` (num, copy 2 of `acc_0`, made at build.py:16) is used a second time (branch passed[0]); it was already used at build.py:20 (right operand of `=`). A wire has exactly two ends. It is needed at least twice: write  a, b = d.fanout(acc_02, 2)  and use each once.
--- 05:38:57
leaf of fold `fold_freq` (@fold_freq_leaf): 3 value(s) never used:
    `acc_121` (num, copy 1 of `acc_12`, made at build.py:20)
    `count31` (num, copy 1 of `count3`, made at build.py:21)
    `value21` (num, copy 1 of `value2`, made at build.py:22)
  Every value must be used exactly once: pass it where it is needed, or drop it with d.erase(x) (or d.erase_unused() to drop all of them).
--- 05:39:20
leaf of fold `fold_freq` (@fold_freq_leaf): 3 value(s) never used:
    `acc_122` (num, copy 2 of `acc_12`, made at build.py:20)
    `count32` (num, copy 2 of `count3`, made at build.py:21)
    `value22` (num, copy 2 of `value2`, made at build.py:22)
  Every value must be used exactly once: pass it where it is needed, or drop it with d.erase(x) (or d.erase_unused() to drop all of them).
--- 05:39:32
build.py:33: wire `acc_02` (num, copy 2 of `acc_0`, made at build.py:16) is used a second time (branch passed[0]); it was already used at build.py:20 (right operand of `=`). A wire has exactly two ends. It is needed at least twice: write  a, b = d.fanout(acc_02, 2)  and use each once.
--- 05:39:44
leaf of fold `fold_freq` (@fold_freq_leaf): 1 value(s) never used:
    `acc_12` (num, copy 2 of `acc_1`, made at build.py:17)
  Every value must be used exactly once: pass it where it is needed, or drop it with d.erase(x) (or d.erase_unused() to drop all of them).
--- 05:39:53
wrong arity: branch zero case of step of stream `wa` is called as f(d, passed[0]:trie[num]), i.e. d plus 1 value(s); your function `<lambda>` takes 1 parameter(s) (b).
--- 05:39:59
build.py:48: wire `value_attr` (num, argument `e2` of step of stream `wa`, made at build.py:58) belongs to step of stream `wa` (@wa_step), but is used in branch nonzero case of step of stream `wa` (@wa_step_b2s) (update `hadd` (act add) port `k`). Each definition has its own wires (no Python closures over wires): pass the value in through the state / environment / branch arguments.
--- 05:40:06
branch zero case of step of stream `wa` (@wa_step_b2z): 2 value(s) never used:
    `va` (num, argument `passed[1]` of branch zero case of step of stream `wa`, made at build.py:46)
    `l` (depth, argument `passed[2]` of branch zero case of step of stream `wa`, made at build.py:46)
  Every value must be used exactly once: pass it where it is needed, or drop it with d.erase(x) (or d.erase_unused() to drop all of them).
--- 05:40:13
branch nonzero case of step of stream `wa` (@wa_step_b2s): 1 value(s) never used:
    `_` (num, argument `cm1` of branch nonzero case of step of stream `wa`, made at build.py:46)
  Every value must be used exactly once: pass it where it is needed, or drop it with d.erase(x) (or d.erase_unused() to drop all of them).
--- 05:40:21
wrong arity: step of stream `wa` must return 4 value(s) (L, k, key_target, freq_trie); `step_attrs` returned 2.
--- 05:40:29
build.py:58: wire `key_target` (num, argument `key_target` of step of stream `wa`, made at build.py:58) is used a second time (returned as `key_target`); it was already used at build.py:44 (right operand of `=`). A wire has exactly two ends. It is needed at least twice: write  a, b = d.fanout(key_target, 2)  and use each once.
--- 05:40:39
step of stream `wa` (@wa_step): 2 value(s) never used:
    `node` (num, argument `e0` of step of stream `wa`, made at build.py:59)
    `k1` (num, copy 1 of `k`, made at build.py:42)
  Every value must be used exactly once: pass it where it is needed, or drop it with d.erase(x) (or d.erase_unused() to drop all of them).
--- 05:40:49
build.py:59: wire `k` (num, argument `k` of step of stream `wa`, made at build.py:59) is used a second time (returned as `k`); it was already used at build.py:43 (erased). A wire has exactly two ends. It is needed at least twice: write  a, b = d.fanout(k, 2)  and use each once.
--- 05:40:58
build.py:65: split needs a tuple wire or an explicit n; `c` is list[num]
--- 05:41:23
build.py:75: input port `acc` is not connected in this call of fold `fold_freq` (@fold_freq); d.call returns o:
    in  t: trie[num]  [exactly once]
    in  L: depth  [exactly once]
    in  base: num  [0..1, default 0]
    in  acc: (num num)  [exactly once]
    out o: (num num)  [exactly once]
--- 05:41:31
build.py:75: wire `L2` (depth, copy 2 of `L`, made at build.py:70) is used a second time (fold `fold_freq` port `L`); it was already used at build.py:73 (stream `wa` port `init`). A wire has exactly two ends. It is needed at least twice: write  a, b = d.fanout(L2, 2)  and use each once.
--- 05:41:44
build.py:75: cannot unpack wire `o` ((num num)) with Python; use d.split(w) for a tuple wire, or check the primitive's outputs with prim.help().
--- 05:41:51
wrong arity: branch zero case of @prog (t5_prop_majority) is called as f(d, passed[0]:num), i.e. d plus 1 value(s); your function `<lambda>` takes 1 parameter(s) (b).
--- 05:41:57
branch zero case of @prog (t5_prop_majority) (@prog_b3z): 1 value(s) never used:
    `bv` (num, argument `passed[0]` of branch zero case of @prog (t5_prop_majority), made at build.py:80)
  Every value must be used exactly once: pass it where it is needed, or drop it with d.erase(x) (or d.erase_unused() to drop all of them).
--- 05:42:04
branch nonzero case of @prog (t5_prop_majority) (@prog_b3s): 1 value(s) never used:
    `_` (num, argument `cm1` of branch nonzero case of @prog (t5_prop_majority), made at build.py:80)
  Every value must be used exactly once: pass it where it is needed, or drop it with d.erase(x) (or d.erase_unused() to drop all of them).
--- 05:53:07
build.py:80: port `base` does not exist on reduce `sum_freq` (+) (@sum_freq); d.call returns o:
    in  t: trie[num]  [exactly once]
    in  L: depth  [exactly once]
    out o: num  [exactly once]
--- 05:53:13
build.py:88: wire `out` (trie[num], output `out` of stream `wa`, made at build.py:77) belongs to @prog (t5_prop_majority) (@prog), but is used in branch nonzero case of @prog (t5_prop_majority) (@prog_b3s) (fold `fold_freq` port `t`). Each definition has its own wires (no Python closures over wires): pass the value in through the state / environment / branch arguments.
