--- 05:19:02
build.py:37: wire `value` (num, argument `elem` of step of stream `init_stream`, made at build.py:48) is used a second time (left operand of `=`); it was already used at build.py:34 (adjacency `gl_adj` port `u`). A wire has exactly two ends. It is needed at least twice: write  a, b = d.fanout(value, 2)  and use each once.
--- 05:19:35
build.py:40: wire `index2` (num, copy 2 of `index`, made at build.py:33) is used a second time (update `set_state` (act set) port `k`); it was already used at build.py:39 (right operand of `=`). A wire has exactly two ends. It is needed at least twice: write  a, b = d.fanout(index2, 2)  and use each once.
--- 05:20:04
fin of stream `init_stream` must return exactly one value (the result); returned 2
--- 05:21:02
wrong arity: leaf of fold `fold_process` is called as f(d, x:num, i:num, acc:(depth num adj (trie[list[(num num)]]) trie[num])), i.e. d plus 3 value(s); your function `fold_step` takes 7 parameter(s) (d, L, g, d_state, index, ptr_val, acc).
--- 05:21:30
wrong arity: @prog (t5_rewrite_sameas_cycle) is called as f(d, input:list[num]), i.e. d plus 1 value(s); your function `prog` takes 3 parameter(s) (d, n, es).
--- 05:23:54
build.py:48: wire `index` (num, argument `index` of step of stream `process_stream`, made at build.py:56) is used a second time (left operand of `+`); it was already used at build.py:38 (fanout into 3). A wire has exactly two ends. It is needed at least twice: write  a, b = d.fanout(index, 2)  and use each once.
--- 05:24:21
fin of stream `process_stream` must return exactly one value (the result); returned 2
--- 05:24:50
build.py:56: wire `d_state` (trie[num], argument `d_state` of fin of stream `process_stream`, made at build.py:64) is used a second time (relax `relax_max` (max) port `C`); it was already used at build.py:56 (relax `relax_max` (max) port `D`). A wire has exactly two ends. A trie[num] cannot be duplicated safely (HVM2 DUPs are unlabelled): restructure so it is used once, or get a second copy from a primitive (mc_deliver_keep returns a copy of a numeric trie; mapreduce rebuilds the trie it reduces).
--- 05:25:19
build.py:62: wire `d_state` (trie[num], argument `d_state` of fin of stream `process_stream`, made at build.py:70) is used a second time (relax `relax_max` (max) port `D`); it was already used at build.py:59 (mc_deliver_keep `mc_deliver` port `v`). A wire has exactly two ends. A trie[num] cannot be duplicated safely (HVM2 DUPs are unlabelled): restructure so it is used once, or get a second copy from a primitive (mc_deliver_keep returns a copy of a numeric trie; mapreduce rebuilds the trie it reduces).
--- 05:25:44
build.py:67: wire `v2` (trie[num], output `v2` of mc_deliver_keep `mc_deliver`, made at build.py:60) is used a second time (relax `relax_max` (max) port `D`); it was already used at build.py:64 (mc_deliver_keep `mc_deliver` port `v`). A wire has exactly two ends. A trie[num] cannot be duplicated safely (HVM2 DUPs are unlabelled): restructure so it is used once, or get a second copy from a primitive (mc_deliver_keep returns a copy of a numeric trie; mapreduce rebuilds the trie it reduces).
--- 05:26:25
build.py:66: port `base` does not exist on reduce `reduce_check` (|) (@reduce_check); d.call returns o:
    in  t: trie[num]  [exactly once]
    in  L: depth  [exactly once]
    out o: num  [exactly once]
--- 05:34:14
step of stream `process_stream` (@process_stream_step): 1 value(s) never used:
    `count2` (num, copy 2 of `count`, made at build.py:38)
  Every value must be used exactly once: pass it where it is needed, or drop it with d.erase(x) (or d.erase_unused() to drop all of them).
--- 05:44:11
predicate of filter_list `find_zero` (@find_zero_p): 2 value(s) never used:
    `i` (num, argument `i` of predicate of filter_list `find_zero`, made at build.py:31)
    `n` (num, argument `E` of predicate of filter_list `find_zero`, made at build.py:31)
  Every value must be used exactly once: pass it where it is needed, or drop it with d.erase(x) (or d.erase_unused() to drop all of them).
--- 05:44:20
build.py:80: kind mismatch at branch condition: expected num, got list[num] `o` from output `o` of filter_list `find_zero` (made at build.py:63).
--- 05:49:35
build.py:73: unknown operator '!='; use one of ! % & * + - / < << = > >> ^ |
--- 05:49:44
build.py:73: wire `r` (num, result of `+`, made at build.py:69) is used a second time (right operand of `=`); it was already used at build.py:70 (reduce `reduce_sum` (+) port `E`). A wire has exactly two ends. It is needed at least twice: write  a, b = d.fanout(r, 2)  and use each once.
