prim lg                     open: C branches on open data    | depth=3: C branches on open data    | +list spine 3: C branches on open data    (itrs 2/2/2)
prim const_trie             open: C branches on open data    | depth=3: A pure plumbing            | +list spine 3: A pure plumbing            (itrs 2/96/96)
prim iota_trie              open: C branches on open data    | depth=3: B branch-free symbolic ari | +list spine 3: B branch-free symbolic ari (itrs 3/155/155)
prim update                 open: C branches on open data    | depth=3: C branches on open data    | +list spine 3: C branches on open data    (itrs 5/14/14)
prim get                    open: C branches on open data    | depth=3: C branches on open data    | +list spine 3: C branches on open data    (itrs 4/12/12)
prim reduce                 open: C branches on open data    | depth=3: B branch-free symbolic ari | +list spine 3: B branch-free symbolic ari (itrs 3/134/134)
prim fold                   open: C branches on open data    | depth=3: B branch-free symbolic ari | +list spine 3: B branch-free symbolic ari (itrs 5/215/215)
prim to_list                open: C branches on open data    | depth=3: C branches on open data    | +list spine 3: C branches on open data    (itrs 6/285/285)
prim filter_list            open: C branches on open data    | depth=3: C branches on open data    | +list spine 3: C branches on open data    (itrs 6/317/317)
prim scatter                open: C branches on open data    | depth=3: C branches on open data    | +list spine 3: C branches on open data    (itrs 6/443/443)
prim zip2                   open: C branches on open data    | depth=3: B branch-free symbolic ari | +list spine 3: B branch-free symbolic ari (itrs 4/164/164)
prim zip2e                  open: C branches on open data    | depth=3: B branch-free symbolic ari | +list spine 3: B branch-free symbolic ari (itrs 5/194/194)
prim bcast                  open: C branches on open data    | depth=3: C branches on open data    | +list spine 3: C branches on open data    (itrs 4/313/313)
prim mapreduce              open: C branches on open data    | depth=3: B branch-free symbolic ari | +list spine 3: B branch-free symbolic ari (itrs 5/215/215)
prim iterate                open: C branches on open data    | depth=3: C branches on open data    | +list spine 3: C branches on open data    (itrs 6/6/6)
prim mc_empty               open: C branches on open data    | depth=3: A pure plumbing            | +list spine 3: A pure plumbing            (itrs 2/103/103)
prim mc_request             open: C branches on open data    | depth=3: C branches on open data    | +list spine 3: C branches on open data    (itrs 5/14/14)
prim mc_deliver             open: C branches on open data    | depth=3: A pure plumbing            | +list spine 3: A pure plumbing            (itrs 3/134/134)
prim mc_deliver_keep        open: C branches on open data    | depth=3: A pure plumbing            | +list spine 3: A pure plumbing            (itrs 4/164/164)
prim stream                 open: C branches on open data    | depth=3: C branches on open data    | +list spine 3: C branches on open data    (itrs 3/3/251)
prim frontier               open: C branches on open data    | depth=3: C branches on open data    | +list spine 3: C branches on open data    (itrs 22/547/547)
prim relax                  open: C branches on open data    | depth=3: C branches on open data    | +list spine 3: C branches on open data    (itrs 22/547/547)
prim sssp                   open: C branches on open data    | depth=3: C branches on open data    | +list spine 3: C branches on open data    (itrs 37/777/777)
prim adjacency              open: C branches on open data    | depth=3: C branches on open data    | +list spine 3: C branches on open data    (itrs 5/14/14)
reci list_length_and_copy   open: C branches on open data    | depth=3: C branches on open data    | +list spine 3: A pure plumbing            (itrs 7/7/232)
reci list_to_trie           open: C branches on open data    | depth=3: C branches on open data    | +list spine 3: A pure plumbing            (itrs 8/103/652)
reci filter_in_order        open: C branches on open data    | depth=3: C branches on open data    | +list spine 3: C branches on open data    (itrs 6/6/231)
reci count_where            open: C branches on open data    | depth=3: C branches on open data    | +list spine 3: B branch-free symbolic ari (itrs 5/5/221)
reci take_first             open: C branches on open data    | depth=3: C branches on open data    | +list spine 3: C branches on open data    (itrs 7/7/229)
reci argmax_first           open: C branches on open data    | depth=3: C branches on open data    | +list spine 3: C branches on open data    (itrs 6/6/240)
reci sort_by                open: C branches on open data    | depth=3: C branches on open data    | +list spine 3: C branches on open data    (itrs 9/9/2337)
reci lookup_many            open: C branches on open data    | depth=3: C branches on open data    | +list spine 3: C branches on open data    (itrs 9/111/517)
reci reduce_by_key          open: C branches on open data    | depth=3: C branches on open data    | +list spine 3: C branches on open data    (itrs 8/103/367)
reci select_sorted          open: C branches on open data    | depth=3: C branches on open data    | +list spine 3: C branches on open data    (itrs 10/289/289)
reci count_where_trie       open: C branches on open data    | depth=3: B branch-free symbolic ari | +list spine 3: B branch-free symbolic ari (itrs 9/251/251)
reci argmax_first_trie      open: C branches on open data    | depth=3: C branches on open data    | +list spine 3: C branches on open data    (itrs 16/545/545)
reci frontier_relax         open: C branches on open data    | depth=3: C branches on open data    | +list spine 3: C branches on open data    (itrs 32/580/580)
reci layered_bfs_count      open: C branches on open data    | depth=3: C branches on open data    | +list spine 3: C branches on open data    (itrs 15/335/2528)
reci pointer_jump           open: C branches on open data    | depth=3: C branches on open data    | +list spine 3: C branches on open data    (itrs 8/8/5677)
