{'pid': 't1_fibonacci', 'op': 'T:preset', 'proved': False, 'tier': None, 'n': 100, 'disagree': 0, 'secs': 0.3}
{'pid': 't1_fibonacci', 'op': 'T:inline_call', 'proved': True, 'tier': 'S', 'n': 250, 'disagree': 0, 'secs': 0.8}
{'pid': 't1_fibonacci', 'op': 'R:rewire#0', 'proved': False, 'tier': None, 'n': 100, 'disagree': 81, 'secs': 0.3}
{'pid': 't1_fibonacci', 'op': 'R:rewire#1', 'proved': False, 'tier': None, 'n': 100, 'disagree': 82, 'secs': 0.4}
{'pid': 't1_fibonacci', 'op': 'R:rewire#2', 'proved': False, 'tier': None, 'n': 100, 'disagree': 87, 'secs': 0.4}
{'pid': 't1_fibonacci', 'op': 'R:cutwire#0', 'proved': False, 'tier': None, 'n': 100, 'disagree': 82, 'secs': 0.4}
{'pid': 't1_fibonacci', 'op': 'R:cutwire#1', 'proved': False, 'tier': None, 'n': 100, 'disagree': 100, 'secs': 0.4}
{'pid': 't1_fibonacci', 'op': 'R:cutwire#2', 'proved': True, 'tier': 'S', 'n': 250, 'disagree': 0, 'secs': 0.8}
{'pid': 't1_fibonacci', 'op': 'R:opsym#0', 'proved': False, 'tier': None, 'n': 100, 'disagree': 82, 'secs': 0.4}
{'pid': 't1_fibonacci', 'op': 'R:opsym#1', 'proved': False, 'tier': None, 'n': 100, 'disagree': 83, 'secs': 0.4}
{'pid': 't1_fibonacci', 'op': 'R:opsym#2', 'proved': False, 'tier': None, 'n': 100, 'disagree': 93, 'secs': 0.3}
{'pid': 't1_fibonacci', 'op': 'R:lit#0', 'proved': False, 'tier': None, 'n': 100, 'disagree': 94, 'secs': 0.3}
{'pid': 't1_fibonacci', 'op': 'R:swapkids#0', 'proved': False, 'tier': None, 'n': 100, 'disagree': 100, 'secs': 10.9}
{'pid': 't1_fibonacci', 'op': 'R:swapkids#1', 'proved': False, 'tier': None, 'n': 100, 'disagree': 83, 'secs': 11.1}
{'pid': 't1_fibonacci', 'op': 'R:swapkids#2', 'proved': False, 'tier': None, 'n': 100, 'disagree': 83, 'secs': 0.4}
{'pid': 't1_fibonacci', 'op': 'R:erasub#0', 'proved': False, 'tier': None, 'n': 100, 'disagree': 94, 'secs': 0.3}
{'pid': 't1_fibonacci', 'op': 'R:erasub#1', 'proved': False, 'tier': None, 'n': 100, 'disagree': 76, 'secs': 0.4}
{'pid': 't1_fibonacci', 'op': 'R:erasub#2', 'proved': False, 'tier': None, 'n': 100, 'disagree': 92, 'secs': 0.4}
{'pid': 't1_sum', 'op': 'T:inline_call', 'proved': True, 'tier': 'S', 'n': 250, 'disagree': 0, 'secs': 0.8}
{'pid': 't1_sum', 'op': 'T:inline_leaf', 'proved': True, 'tier': 'U', 'n': 250, 'disagree': 0, 'secs': 0.7}
{'pid': 't1_sum', 'op': 'R:rewire#0', 'proved': False, 'tier': None, 'n': 100, 'disagree': 0, 'secs': 0.4}
{'pid': 't1_sum', 'op': 'R:rewire#1', 'proved': False, 'tier': None, 'n': 100, 'disagree': 94, 'secs': 11.1}
{'pid': 't1_sum', 'op': 'R:rewire#2', 'proved': False, 'tier': None, 'n': 100, 'disagree': 95, 'secs': 11.5}
{'pid': 't1_sum', 'op': 'R:cutwire#0', 'proved': False, 'tier': None, 'n': 100, 'disagree': 100, 'secs': 0.4}
{'pid': 't1_sum', 'op': 'R:cutwire#1', 'proved': False, 'tier': None, 'n': 100, 'disagree': 100, 'secs': 0.4}
{'pid': 't1_sum', 'op': 'R:cutwire#2', 'proved': False, 'tier': None, 'n': 100, 'disagree': 100, 'secs': 0.4}
{'pid': 't1_sum', 'op': 'R:opsym#0', 'proved': False, 'tier': None, 'n': 100, 'disagree': 87, 'secs': 0.4}
{'pid': 't1_sum', 'op': 'R:opsym#1', 'proved': False, 'tier': None, 'n': 100, 'disagree': 87, 'secs': 0.4}
{'pid': 't1_sum', 'op': 'R:lit#0', 'proved': False, 'tier': None, 'n': 100, 'disagree': 100, 'secs': 0.5}
{'pid': 't1_sum', 'op': 'R:lit#1', 'proved': False, 'tier': None, 'n': 100, 'disagree': 100, 'secs': 0.4}
{'pid': 't1_sum', 'op': 'R:lit#2', 'proved': False, 'tier': None, 'n': 100, 'disagree': 100, 'secs': 0.4}
{'pid': 't1_sum', 'op': 'R:swapkids#0', 'proved': False, 'tier': None, 'n': 100, 'disagree': 94, 'secs': 11.5}
{'pid': 't1_sum', 'op': 'R:swapkids#1', 'proved': False, 'tier': None, 'n': 100, 'disagree': 95, 'secs': 10.0}
{'pid': 't1_sum', 'op': 'R:swapkids#2', 'proved': False, 'tier': None, 'n': 100, 'disagree': 100, 'secs': 10.7}
{'pid': 't1_sum', 'op': 'R:erasub#0', 'proved': False, 'tier': None, 'n': 100, 'disagree': 100, 'secs': 0.4}
{'pid': 't1_sum', 'op': 'R:erasub#1', 'proved': False, 'tier': None, 'n': 100, 'disagree': 100, 'secs': 0.3}
{'pid': 't1_sum', 'op': 'R:erasub#2', 'proved': False, 'tier': None, 'n': 100, 'disagree': 100, 'secs': 0.4}
{'pid': 't2_merge', 'op': 'T:inline_call', 'proved': True, 'tier': 'S', 'n': 250, 'disagree': 0, 'secs': 0.8}
{'pid': 't2_merge', 'op': 'R:rewire#0', 'proved': False, 'tier': None, 'n': 100, 'disagree': 93, 'secs': 138.4}
{'pid': 't2_merge', 'op': 'R:rewire#1', 'proved': True, 'tier': 'S', 'n': 250, 'disagree': 0, 'secs': 0.8}
{'pid': 't2_merge', 'op': 'R:cutwire#0', 'proved': False, 'tier': None, 'n': 100, 'disagree': 83, 'secs': 0.4}
{'pid': 't2_merge', 'op': 'R:cutwire#1', 'proved': False, 'tier': None, 'n': 100, 'disagree': 56, 'secs': 0.5}
{'pid': 't2_merge', 'op': 'R:cutwire#2', 'proved': False, 'tier': None, 'n': 100, 'disagree': 55, 'secs': 0.5}
{'pid': 't2_merge', 'op': 'R:opsym#0', 'proved': False, 'tier': None, 'n': 100, 'disagree': 53, 'secs': 0.4}
{'pid': 't2_merge', 'op': 'R:opsym#2', 'proved': False, 'tier': None, 'n': 100, 'disagree': 18, 'secs': 11.2}
{'pid': 't2_merge', 'op': 'R:lit#0', 'proved': False, 'tier': None, 'n': 100, 'disagree': 58, 'secs': 0.4}
{'pid': 't2_merge', 'op': 'R:lit#1', 'proved': False, 'tier': None, 'n': 100, 'disagree': 59, 'secs': 0.3}
{'pid': 't2_merge', 'op': 'R:lit#2', 'proved': False, 'tier': None, 'n': 100, 'disagree': 31, 'secs': 0.4}
{'pid': 't2_merge', 'op': 'R:swapkids#0', 'proved': False, 'tier': None, 'n': 100, 'disagree': 90, 'secs': 168.0}
{'pid': 't2_merge', 'op': 'R:swapkids#1', 'proved': False, 'tier': None, 'n': 100, 'disagree': 83, 'secs': 10.1}
{'pid': 't2_merge', 'op': 'R:swapkids#2', 'proved': False, 'tier': None, 'n': 100, 'disagree': 30, 'secs': 0.4}
{'pid': 't2_merge', 'op': 'R:erasub#0', 'proved': False, 'tier': None, 'n': 100, 'disagree': 72, 'secs': 0.3}
{'pid': 't2_merge', 'op': 'R:erasub#1', 'proved': False, 'tier': None, 'n': 100, 'disagree': 92, 'secs': 0.3}
{'pid': 't2_merge', 'op': 'R:erasub#2', 'proved': False, 'tier': None, 'n': 100, 'disagree': 84, 'secs': 0.5}
{'pid': 't3_bipartite_comps', 'op': 'T:litfirst', 'proved': True, 'tier': 'S', 'n': 250, 'disagree': 0, 'secs': 0.9}
{'pid': 't3_bipartite_comps', 'op': 'T:inline_call', 'proved': True, 'tier': 'S~a', 'n': 250, 'disagree': 0, 'secs': 0.9}
{'pid': 't3_bipartite_comps', 'op': 'R:rewire#0', 'proved': False, 'tier': None, 'n': 100, 'disagree': 71, 'secs': 0.7}
{'pid': 't3_bipartite_comps', 'op': 'R:rewire#1', 'proved': False, 'tier': None, 'n': 100, 'disagree': 70, 'secs': 0.7}
{'pid': 't3_bipartite_comps', 'op': 'R:rewire#2', 'proved': False, 'tier': None, 'n': 100, 'disagree': 68, 'secs': 265.3}
{'pid': 't3_bipartite_comps', 'op': 'R:cutwire#0', 'proved': True, 'tier': 'S', 'n': 250, 'disagree': 0, 'secs': 0.6}
{'pid': 't3_bipartite_comps', 'op': 'R:cutwire#1', 'proved': False, 'tier': None, 'n': 100, 'disagree': 71, 'secs': 0.6}
{'pid': 't3_bipartite_comps', 'op': 'R:cutwire#2', 'proved': False, 'tier': None, 'n': 100, 'disagree': 67, 'secs': 0.6}
{'pid': 't3_bipartite_comps', 'op': 'R:opsym#0', 'proved': False, 'tier': None, 'n': 100, 'disagree': 29, 'secs': 0.5}
{'pid': 't3_bipartite_comps', 'op': 'R:opsym#1', 'proved': False, 'tier': None, 'n': 100, 'disagree': 100, 'secs': 8.5}
{'pid': 't3_bipartite_comps', 'op': 'R:opsym#2', 'proved': False, 'tier': None, 'n': 100, 'disagree': 41, 'secs': 83.4}
{'pid': 't3_bipartite_comps', 'op': 'R:lit#0', 'proved': False, 'tier': None, 'n': 100, 'disagree': 21, 'secs': 0.6}
{'pid': 't3_bipartite_comps', 'op': 'R:lit#1', 'proved': False, 'tier': None, 'n': 100, 'disagree': 54, 'secs': 0.6}
{'pid': 't3_bipartite_comps', 'op': 'R:swapkids#0', 'proved': False, 'tier': None, 'n': 100, 'disagree': 3, 'secs': 58.5}
{'pid': 't3_bipartite_comps', 'op': 'R:swapkids#1', 'proved': False, 'tier': None, 'n': 100, 'disagree': 79, 'secs': 0.6}
{'pid': 't3_bipartite_comps', 'op': 'R:swapkids#2', 'proved': False, 'tier': None, 'n': 100, 'disagree': 3, 'secs': 5.4}
{'pid': 't3_bipartite_comps', 'op': 'R:erasub#0', 'proved': False, 'tier': None, 'n': 100, 'disagree': 87, 'secs': 0.4}
{'pid': 't3_bipartite_comps', 'op': 'R:erasub#1', 'proved': False, 'tier': None, 'n': 100, 'disagree': 66, 'secs': 0.5}
{'pid': 't3_bipartite_comps', 'op': 'R:erasub#2', 'proved': False, 'tier': None, 'n': 100, 'disagree': 100, 'secs': 0.5}
{'pid': 't3_max_degree_vertex', 'op': 'T:inline_call', 'proved': True, 'tier': 'S', 'n': 250, 'disagree': 0, 'secs': 0.9}
{'pid': 't3_max_degree_vertex', 'op': 'T:inline_leaf', 'proved': True, 'tier': 'U', 'n': 250, 'disagree': 0, 'secs': 0.7}
{'pid': 't3_max_degree_vertex', 'op': 'R:rewire#0', 'proved': False, 'tier': None, 'n': 100, 'disagree': 3, 'secs': 1.2}
{'pid': 't3_max_degree_vertex', 'op': 'R:rewire#1', 'proved': True, 'tier': 'S', 'n': 250, 'disagree': 0, 'secs': 0.6}
{'pid': 't3_max_degree_vertex', 'op': 'R:cutwire#0', 'proved': False, 'tier': None, 'n': 100, 'disagree': 63, 'secs': 0.7}
{'pid': 't3_max_degree_vertex', 'op': 'R:cutwire#1', 'proved': False, 'tier': None, 'n': 100, 'disagree': 92, 'secs': 0.5}
{'pid': 't3_max_degree_vertex', 'op': 'R:cutwire#2', 'proved': False, 'tier': None, 'n': 100, 'disagree': 100, 'secs': 0.4}
{'pid': 't3_max_degree_vertex', 'op': 'R:opsym#0', 'proved': False, 'tier': None, 'n': 100, 'disagree': 39, 'secs': 0.4}
{'pid': 't3_max_degree_vertex', 'op': 'R:opsym#1', 'proved': False, 'tier': None, 'n': 100, 'disagree': 5, 'secs': 0.3}
{'pid': 't3_max_degree_vertex', 'op': 'R:opsym#2', 'proved': False, 'tier': None, 'n': 100, 'disagree': 3, 'secs': 0.7}
{'pid': 't3_max_degree_vertex', 'op': 'R:lit#0', 'proved': False, 'tier': None, 'n': 100, 'disagree': 28, 'secs': 0.5}
{'pid': 't3_max_degree_vertex', 'op': 'R:lit#2', 'proved': False, 'tier': None, 'n': 100, 'disagree': 0, 'secs': 0.3}
{'pid': 't3_max_degree_vertex', 'op': 'R:swapkids#0', 'proved': False, 'tier': None, 'n': 100, 'disagree': 0, 'secs': 0.3}
{'pid': 't3_max_degree_vertex', 'op': 'R:swapkids#1', 'proved': False, 'tier': None, 'n': 100, 'disagree': 92, 'secs': 0.3}
{'pid': 't3_max_degree_vertex', 'op': 'R:swapkids#2', 'proved': False, 'tier': None, 'n': 100, 'disagree': 93, 'secs': 0.4}
{'pid': 't3_max_degree_vertex', 'op': 'R:erasub#0', 'proved': False, 'tier': None, 'n': 100, 'disagree': 92, 'secs': 0.4}
{'pid': 't3_max_degree_vertex', 'op': 'R:erasub#1', 'proved': False, 'tier': None, 'n': 100, 'disagree': 92, 'secs': 0.3}
{'pid': 't3_max_degree_vertex', 'op': 'R:erasub#2', 'proved': False, 'tier': None, 'n': 100, 'disagree': 64, 'secs': 0.4}
{'pid': 't4_eval_rpn', 'op': 'T:preset', 'proved': False, 'tier': None, 'n': 100, 'disagree': 0, 'secs': 0.3}
{'pid': 't4_eval_rpn', 'op': 'T:inline_call', 'proved': True, 'tier': 'S', 'n': 250, 'disagree': 0, 'secs': 1.2}
{'pid': 't4_eval_rpn', 'op': 'T:inline_leaf', 'proved': False, 'tier': None, 'n': 100, 'disagree': 0, 'secs': 0.3}
{'pid': 't4_eval_rpn', 'op': 'R:rewire#1', 'proved': False, 'tier': None, 'n': 100, 'disagree': 100, 'secs': 0.3}
{'pid': 't4_eval_rpn', 'op': 'R:rewire#2', 'proved': False, 'tier': None, 'n': 100, 'disagree': 100, 'secs': 0.3}
{'pid': 't4_eval_rpn', 'op': 'R:cutwire#0', 'proved': False, 'tier': None, 'n': 100, 'disagree': 53, 'secs': 0.4}
{'pid': 't4_eval_rpn', 'op': 'R:cutwire#1', 'proved': False, 'tier': None, 'n': 100, 'disagree': 100, 'secs': 0.4}
{'pid': 't4_eval_rpn', 'op': 'R:cutwire#2', 'proved': False, 'tier': None, 'n': 100, 'disagree': 100, 'secs': 0.4}
{'pid': 't4_eval_rpn', 'op': 'R:opsym#0', 'proved': False, 'tier': None, 'n': 100, 'disagree': 44, 'secs': 0.4}
{'pid': 't4_eval_rpn', 'op': 'R:opsym#1', 'proved': False, 'tier': None, 'n': 100, 'disagree': 48, 'secs': 0.3}
{'pid': 't4_eval_rpn', 'op': 'R:opsym#2', 'proved': False, 'tier': None, 'n': 100, 'disagree': 40, 'secs': 0.6}
{'pid': 't4_eval_rpn', 'op': 'R:lit#0', 'proved': False, 'tier': None, 'n': 100, 'disagree': 0, 'secs': 0.5}
{'pid': 't4_eval_rpn', 'op': 'R:swapkids#0', 'proved': False, 'tier': None, 'n': 100, 'disagree': 47, 'secs': 0.5}
{'pid': 't4_eval_rpn', 'op': 'R:swapkids#1', 'proved': False, 'tier': None, 'n': 100, 'disagree': 3, 'secs': 0.6}
{'pid': 't4_eval_rpn', 'op': 'R:swapkids#2', 'proved': False, 'tier': None, 'n': 100, 'disagree': 3, 'secs': 0.9}
{'pid': 't4_eval_rpn', 'op': 'R:erasub#0', 'proved': False, 'tier': None, 'n': 100, 'disagree': 100, 'secs': 0.3}
{'pid': 't4_eval_rpn', 'op': 'R:erasub#1', 'proved': False, 'tier': None, 'n': 100, 'disagree': 48, 'secs': 0.3}
{'pid': 't4_eval_rpn', 'op': 'R:erasub#2', 'proved': False, 'tier': None, 'n': 100, 'disagree': 45, 'secs': 0.3}
{'pid': 't4_tree_height', 'op': 'T:inline_call', 'proved': True, 'tier': 'S', 'n': 250, 'disagree': 0, 'secs': 0.7}
{'pid': 't4_tree_height', 'op': 'T:inline_leaf', 'proved': True, 'tier': 'U', 'n': 250, 'disagree': 0, 'secs': 0.7}
{'pid': 't4_tree_height', 'op': 'R:rewire#0', 'proved': False, 'tier': None, 'n': 100, 'disagree': 100, 'secs': 0.3}
{'pid': 't4_tree_height', 'op': 'R:rewire#1', 'proved': False, 'tier': None, 'n': 100, 'disagree': 3, 'secs': 0.4}
{'pid': 't4_tree_height', 'op': 'R:cutwire#0', 'proved': False, 'tier': None, 'n': 100, 'disagree': 92, 'secs': 0.2}
{'pid': 't4_tree_height', 'op': 'R:cutwire#1', 'proved': False, 'tier': None, 'n': 100, 'disagree': 100, 'secs': 0.2}
{'pid': 't4_tree_height', 'op': 'R:cutwire#2', 'proved': False, 'tier': None, 'n': 100, 'disagree': 100, 'secs': 0.2}
{'pid': 't4_tree_height', 'op': 'R:opsym#0', 'proved': False, 'tier': None, 'n': 100, 'disagree': 93, 'secs': 0.3}
{'pid': 't4_tree_height', 'op': 'R:opsym#1', 'proved': False, 'tier': None, 'n': 100, 'disagree': 93, 'secs': 0.2}
{'pid': 't4_tree_height', 'op': 'R:opsym#2', 'proved': False, 'tier': None, 'n': 100, 'disagree': 3, 'secs': 0.5}
{'pid': 't4_tree_height', 'op': 'R:lit#1', 'proved': False, 'tier': None, 'n': 100, 'disagree': 100, 'secs': 0.2}
{'pid': 't4_tree_height', 'op': 'R:lit#2', 'proved': False, 'tier': None, 'n': 100, 'disagree': 22, 'secs': 0.2}
{'pid': 't4_tree_height', 'op': 'R:swapkids#0', 'proved': False, 'tier': None, 'n': 100, 'disagree': 3, 'secs': 0.5}
{'pid': 't4_tree_height', 'op': 'R:swapkids#1', 'proved': False, 'tier': None, 'n': 100, 'disagree': 3, 'secs': 0.5}
{'pid': 't4_tree_height', 'op': 'R:swapkids#2', 'proved': False, 'tier': None, 'n': 100, 'disagree': 3, 'secs': 0.5}
{'pid': 't4_tree_height', 'op': 'R:erasub#0', 'proved': False, 'tier': None, 'n': 100, 'disagree': 96, 'secs': 0.2}
{'pid': 't4_tree_height', 'op': 'R:erasub#1', 'proved': False, 'tier': None, 'n': 100, 'disagree': 24, 'secs': 0.2}
{'pid': 't4_tree_height', 'op': 'R:erasub#2', 'proved': False, 'tier': None, 'n': 100, 'disagree': 100, 'secs': 0.2}
{'pid': 't5_cluster_list', 'op': 'T:inline_call', 'proved': True, 'tier': 'S~a', 'n': 250, 'disagree': 0, 'secs': 0.7}
{'pid': 't5_cluster_list', 'op': 'R:rewire#0', 'proved': False, 'tier': None, 'n': 100, 'disagree': 3, 'secs': 0.6}
{'pid': 't5_cluster_list', 'op': 'R:rewire#1', 'proved': False, 'tier': None, 'n': 100, 'disagree': 93, 'secs': 0.4}
{'pid': 't5_cluster_list', 'op': 'R:rewire#2', 'proved': False, 'tier': None, 'n': 100, 'disagree': 64, 'secs': 0.7}
{'pid': 't5_cluster_list', 'op': 'R:cutwire#0', 'proved': False, 'tier': None, 'n': 100, 'disagree': 92, 'secs': 0.4}
{'pid': 't5_cluster_list', 'op': 'R:cutwire#1', 'proved': False, 'tier': None, 'n': 100, 'disagree': 60, 'secs': 0.5}
{'pid': 't5_cluster_list', 'op': 'R:cutwire#2', 'proved': False, 'tier': None, 'n': 100, 'disagree': 91, 'secs': 0.4}
{'pid': 't5_cluster_list', 'op': 'R:opsym#0', 'proved': False, 'tier': None, 'n': 100, 'disagree': 3, 'secs': 0.5}
{'pid': 't5_cluster_list', 'op': 'R:opsym#1', 'proved': False, 'tier': None, 'n': 100, 'disagree': 90, 'secs': 0.4}
{'pid': 't5_cluster_list', 'op': 'R:opsym#2', 'proved': False, 'tier': None, 'n': 100, 'disagree': 91, 'secs': 0.5}
{'pid': 't5_cluster_list', 'op': 'R:lit#0', 'proved': False, 'tier': None, 'n': 100, 'disagree': 48, 'secs': 0.5}
{'pid': 't5_cluster_list', 'op': 'R:lit#1', 'proved': False, 'tier': None, 'n': 100, 'disagree': 62, 'secs': 0.5}
{'pid': 't5_cluster_list', 'op': 'R:lit#2', 'proved': False, 'tier': None, 'n': 100, 'disagree': 3, 'secs': 58.5}
{'pid': 't5_cluster_list', 'op': 'R:swapkids#0', 'proved': False, 'tier': None, 'n': 100, 'disagree': 3, 'secs': 1.0}
{'pid': 't5_cluster_list', 'op': 'R:swapkids#1', 'proved': False, 'tier': None, 'n': 100, 'disagree': 49, 'secs': 0.9}
{'pid': 't5_cluster_list', 'op': 'R:swapkids#2', 'proved': False, 'tier': None, 'n': 100, 'disagree': 92, 'secs': 0.7}
{'pid': 't5_cluster_list', 'op': 'R:erasub#0', 'proved': False, 'tier': None, 'n': 100, 'disagree': 65, 'secs': 0.8}
{'pid': 't5_cluster_list', 'op': 'R:erasub#1', 'proved': False, 'tier': None, 'n': 100, 'disagree': 91, 'secs': 0.9}
{'pid': 't5_cluster_list', 'op': 'R:erasub#2', 'proved': False, 'tier': None, 'n': 100, 'disagree': 93, 'secs': 0.6}
{'pid': 't5_metric_purity', 'op': 'T:inline_call', 'proved': True, 'tier': 'S', 'n': 250, 'disagree': 0, 'secs': 1.5}
{'pid': 't5_metric_purity', 'op': 'R:rewire#0', 'proved': False, 'tier': None, 'n': 100, 'disagree': 71, 'secs': 0.8}
{'pid': 't5_metric_purity', 'op': 'R:rewire#1', 'proved': False, 'tier': None, 'n': 100, 'disagree': 68, 'secs': 1.0}
{'pid': 't5_metric_purity', 'op': 'R:rewire#2', 'proved': False, 'tier': None, 'n': 100, 'disagree': 100, 'secs': 0.6}
{'pid': 't5_metric_purity', 'op': 'R:cutwire#0', 'proved': False, 'tier': None, 'n': 100, 'disagree': 94, 'secs': 0.7}
{'pid': 't5_metric_purity', 'op': 'R:cutwire#1', 'proved': False, 'tier': None, 'n': 100, 'disagree': 42, 'secs': 1.0}
{'pid': 't5_metric_purity', 'op': 'R:cutwire#2', 'proved': False, 'tier': None, 'n': 100, 'disagree': 79, 'secs': 0.7}
{'pid': 't5_metric_purity', 'op': 'R:opsym#0', 'proved': False, 'tier': None, 'n': 100, 'disagree': 93, 'secs': 0.5}
{'pid': 't5_metric_purity', 'op': 'R:opsym#1', 'proved': False, 'tier': None, 'n': 100, 'disagree': 93, 'secs': 0.6}
{'pid': 't5_metric_purity', 'op': 'R:opsym#2', 'proved': False, 'tier': None, 'n': 100, 'disagree': 93, 'secs': 0.8}
{'pid': 't5_metric_purity', 'op': 'R:lit#0', 'proved': False, 'tier': None, 'n': 100, 'disagree': 100, 'secs': 0.6}
{'pid': 't5_metric_purity', 'op': 'R:lit#1', 'proved': False, 'tier': None, 'n': 100, 'disagree': 0, 'secs': 0.8}
{'pid': 't5_metric_purity', 'op': 'R:lit#2', 'proved': False, 'tier': None, 'n': 100, 'disagree': 100, 'secs': 0.7}
{'pid': 't5_metric_purity', 'op': 'R:swapkids#0', 'proved': False, 'tier': None, 'n': 100, 'disagree': 3, 'secs': 1.1}
{'pid': 't5_metric_purity', 'op': 'R:swapkids#1', 'proved': False, 'tier': None, 'n': 100, 'disagree': 3, 'secs': 0.9}
{'pid': 't5_metric_purity', 'op': 'R:swapkids#2', 'proved': False, 'tier': None, 'n': 100, 'disagree': 42, 'secs': 0.5}
{'pid': 't5_metric_purity', 'op': 'R:erasub#0', 'proved': False, 'tier': None, 'n': 100, 'disagree': 79, 'secs': 0.6}
{'pid': 't5_metric_purity', 'op': 'R:erasub#1', 'proved': False, 'tier': None, 'n': 100, 'disagree': 72, 'secs': 0.4}
{'pid': 't5_metric_purity', 'op': 'R:erasub#2', 'proved': False, 'tier': None, 'n': 100, 'disagree': 93, 'secs': 0.7}
