{'pid': 't1_map_double', 'op': 'T:inline_leaf', 'proved': True, 'tier': 'U', 'n': 250, 'disagree': 0, 'secs': 0.8}
{'pid': 't1_map_double', 'op': 'R:rewire#0', 'proved': False, 'tier': None, 'n': 100, 'disagree': 96, 'secs': 0.4}
{'pid': 't1_map_double', 'op': 'R:rewire#1', 'proved': False, 'tier': None, 'n': 100, 'disagree': 100, 'secs': 11.0}
{'pid': 't1_map_double', 'op': 'R:rewire#2', 'proved': False, 'tier': None, 'n': 100, 'disagree': 93, 'secs': 0.4}
{'pid': 't1_map_double', 'op': 'R:cutwire#0', 'proved': False, 'tier': None, 'n': 100, 'disagree': 94, 'secs': 0.3}
{'pid': 't1_map_double', 'op': 'R:cutwire#1', 'proved': False, 'tier': None, 'n': 100, 'disagree': 95, 'secs': 0.4}
{'pid': 't1_map_double', 'op': 'R:cutwire#2', 'proved': False, 'tier': None, 'n': 100, 'disagree': 100, 'secs': 0.5}
{'pid': 't1_map_double', 'op': 'R:opsym#0', 'proved': False, 'tier': None, 'n': 100, 'disagree': 100, 'secs': 11.1}
{'pid': 't1_map_double', 'op': 'R:opsym#1', 'proved': False, 'tier': None, 'n': 100, 'disagree': 100, 'secs': 11.3}
{'pid': 't1_map_double', 'op': 'R:opsym#2', 'proved': False, 'tier': None, 'n': 100, 'disagree': 100, 'secs': 11.5}
{'pid': 't1_map_double', 'op': 'R:lit#0', 'proved': False, 'tier': None, 'n': 100, 'disagree': 86, 'secs': 0.3}
{'pid': 't1_map_double', 'op': 'R:lit#2', 'proved': False, 'tier': None, 'n': 100, 'disagree': 91, 'secs': 0.4}
{'pid': 't1_map_double', 'op': 'R:swapkids#0', 'proved': False, 'tier': None, 'n': 100, 'disagree': 100, 'secs': 11.6}
{'pid': 't1_map_double', 'op': 'R:swapkids#1', 'proved': False, 'tier': None, 'n': 100, 'disagree': 94, 'secs': 0.5}
{'pid': 't1_map_double', 'op': 'R:swapkids#2', 'proved': False, 'tier': None, 'n': 100, 'disagree': 95, 'secs': 0.4}
{'pid': 't1_map_double', 'op': 'R:erasub#0', 'proved': False, 'tier': None, 'n': 100, 'disagree': 100, 'secs': 0.3}
{'pid': 't1_map_double', 'op': 'R:erasub#1', 'proved': False, 'tier': None, 'n': 100, 'disagree': 94, 'secs': 0.4}
{'pid': 't1_map_double', 'op': 'R:erasub#2', 'proved': False, 'tier': None, 'n': 100, 'disagree': 100, 'secs': 0.5}
{'pid': 't2_count_in_range', 'op': 'T:preset', 'proved': False, 'tier': None, 'n': 100, 'disagree': 0, 'secs': 0.4}
{'pid': 't2_count_in_range', 'op': 'T:inline_call', 'proved': True, 'tier': 'S', 'n': 250, 'disagree': 0, 'secs': 0.8}
{'pid': 't2_count_in_range', 'op': 'R:rewire#0', 'proved': False, 'tier': None, 'n': 100, 'disagree': 98, 'secs': 10.8}
{'pid': 't2_count_in_range', 'op': 'R:rewire#2', 'proved': False, 'tier': None, 'n': 100, 'disagree': 100, 'secs': 0.4}
{'pid': 't2_count_in_range', 'op': 'R:cutwire#0', 'proved': False, 'tier': None, 'n': 100, 'disagree': 96, 'secs': 0.3}
{'pid': 't2_count_in_range', 'op': 'R:cutwire#1', 'proved': False, 'tier': None, 'n': 100, 'disagree': 96, 'secs': 0.3}
{'pid': 't2_count_in_range', 'op': 'R:cutwire#2', 'proved': False, 'tier': None, 'n': 100, 'disagree': 100, 'secs': 0.3}
{'pid': 't2_count_in_range', 'op': 'R:opsym#0', 'proved': False, 'tier': None, 'n': 100, 'disagree': 79, 'secs': 10.9}
{'pid': 't2_count_in_range', 'op': 'R:opsym#2', 'proved': False, 'tier': None, 'n': 100, 'disagree': 98, 'secs': 10.5}
{'pid': 't2_count_in_range', 'op': 'R:lit#0', 'proved': False, 'tier': None, 'n': 100, 'disagree': 93, 'secs': 0.4}
{'pid': 't2_count_in_range', 'op': 'R:lit#1', 'proved': False, 'tier': None, 'n': 100, 'disagree': 90, 'secs': 0.5}
{'pid': 't2_count_in_range', 'op': 'R:swapkids#0', 'proved': False, 'tier': None, 'n': 100, 'disagree': 100, 'secs': 168.9}
{'pid': 't2_count_in_range', 'op': 'R:swapkids#1', 'proved': False, 'tier': None, 'n': 100, 'disagree': 100, 'secs': 10.9}
{'pid': 't2_count_in_range', 'op': 'R:swapkids#2', 'proved': False, 'tier': None, 'n': 100, 'disagree': 100, 'secs': 10.8}
{'pid': 't2_count_in_range', 'op': 'R:erasub#0', 'proved': False, 'tier': None, 'n': 100, 'disagree': 98, 'secs': 0.3}
{'pid': 't2_count_in_range', 'op': 'R:erasub#1', 'proved': False, 'tier': None, 'n': 100, 'disagree': 100, 'secs': 0.3}
{'pid': 't2_count_in_range', 'op': 'R:erasub#2', 'proved': False, 'tier': None, 'n': 100, 'disagree': 100, 'secs': 0.4}
{'pid': 't2_search', 'op': 'T:inline_call', 'proved': True, 'tier': 'S', 'n': 250, 'disagree': 0, 'secs': 0.6}
{'pid': 't2_search', 'op': 'R:rewire#0', 'proved': False, 'tier': None, 'n': 100, 'disagree': 50, 'secs': 0.4}
{'pid': 't2_search', 'op': 'R:rewire#1', 'proved': False, 'tier': None, 'n': 100, 'disagree': 94, 'secs': 0.4}
{'pid': 't2_search', 'op': 'R:rewire#2', 'proved': False, 'tier': None, 'n': 100, 'disagree': 91, 'secs': 0.3}
{'pid': 't2_search', 'op': 'R:cutwire#0', 'proved': False, 'tier': None, 'n': 100, 'disagree': 27, 'secs': 0.3}
{'pid': 't2_search', 'op': 'R:cutwire#1', 'proved': True, 'tier': 'S', 'n': 250, 'disagree': 0, 'secs': 0.7}
{'pid': 't2_search', 'op': 'R:cutwire#2', 'proved': True, 'tier': 'S', 'n': 250, 'disagree': 0, 'secs': 0.8}
{'pid': 't2_search', 'op': 'R:opsym#0', 'proved': False, 'tier': None, 'n': 100, 'disagree': 27, 'secs': 0.4}
{'pid': 't2_search', 'op': 'R:opsym#1', 'proved': False, 'tier': None, 'n': 100, 'disagree': 100, 'secs': 10.2}
{'pid': 't2_search', 'op': 'R:opsym#2', 'proved': False, 'tier': None, 'n': 100, 'disagree': 100, 'secs': 10.4}
{'pid': 't2_search', 'op': 'R:lit#0', 'proved': False, 'tier': None, 'n': 100, 'disagree': 51, 'secs': 0.3}
{'pid': 't2_search', 'op': 'R:lit#1', 'proved': False, 'tier': None, 'n': 100, 'disagree': 50, 'secs': 0.3}
{'pid': 't2_search', 'op': 'R:lit#2', 'proved': False, 'tier': None, 'n': 100, 'disagree': 25, 'secs': 0.4}
{'pid': 't2_search', 'op': 'R:swapkids#0', 'proved': False, 'tier': None, 'n': 100, 'disagree': 67, 'secs': 0.4}
{'pid': 't2_search', 'op': 'R:swapkids#1', 'proved': False, 'tier': None, 'n': 100, 'disagree': 60, 'secs': 7.4}
{'pid': 't2_search', 'op': 'R:swapkids#2', 'proved': False, 'tier': None, 'n': 100, 'disagree': 58, 'secs': 10.2}
{'pid': 't2_search', 'op': 'R:erasub#0', 'proved': False, 'tier': None, 'n': 100, 'disagree': 67, 'secs': 0.3}
{'pid': 't2_search', 'op': 'R:erasub#1', 'proved': False, 'tier': None, 'n': 100, 'disagree': 100, 'secs': 0.6}
{'pid': 't2_search', 'op': 'R:erasub#2', 'proved': False, 'tier': None, 'n': 100, 'disagree': 100, 'secs': 0.3}
{'pid': 't3_cc_largest', 'op': 'T:inline_call', 'proved': True, 'tier': 'S~a', 'n': 250, 'disagree': 0, 'secs': 0.9}
{'pid': 't3_cc_largest', 'op': 'R:rewire#0', 'proved': False, 'tier': None, 'n': 100, 'disagree': 79, 'secs': 0.5}
{'pid': 't3_cc_largest', 'op': 'R:rewire#1', 'proved': False, 'tier': None, 'n': 100, 'disagree': 90, 'secs': 193.9}
{'pid': 't3_cc_largest', 'op': 'R:rewire#2', 'proved': False, 'tier': None, 'n': 100, 'disagree': 73, 'secs': 0.5}
{'pid': 't3_cc_largest', 'op': 'R:cutwire#0', 'proved': False, 'tier': None, 'n': 100, 'disagree': 89, 'secs': 0.7}
{'pid': 't3_cc_largest', 'op': 'R:cutwire#1', 'proved': False, 'tier': None, 'n': 100, 'disagree': 69, 'secs': 0.5}
{'pid': 't3_cc_largest', 'op': 'R:cutwire#2', 'proved': False, 'tier': None, 'n': 100, 'disagree': 100, 'secs': 0.5}
{'pid': 't3_cc_largest', 'op': 'R:opsym#0', 'proved': False, 'tier': None, 'n': 100, 'disagree': 12, 'secs': 0.4}
{'pid': 't3_cc_largest', 'op': 'R:opsym#1', 'proved': False, 'tier': None, 'n': 100, 'disagree': 89, 'secs': 9.2}
{'pid': 't3_cc_largest', 'op': 'R:opsym#2', 'proved': False, 'tier': None, 'n': 100, 'disagree': 91, 'secs': 0.5}
{'pid': 't3_cc_largest', 'op': 'R:lit#0', 'proved': False, 'tier': None, 'n': 100, 'disagree': 0, 'secs': 0.4}
{'pid': 't3_cc_largest', 'op': 'R:swapkids#0', 'proved': False, 'tier': None, 'n': 100, 'disagree': 78, 'secs': 300.5}
{'pid': 't3_cc_largest', 'op': 'R:swapkids#1', 'proved': False, 'tier': None, 'n': 100, 'disagree': 81, 'secs': 0.4}
{'pid': 't3_cc_largest', 'op': 'R:swapkids#2', 'proved': False, 'tier': None, 'n': 100, 'disagree': 23, 'secs': 6.2}
{'pid': 't3_cc_largest', 'op': 'R:erasub#0', 'proved': False, 'tier': None, 'n': 100, 'disagree': 23, 'secs': 0.4}
{'pid': 't3_cc_largest', 'op': 'R:erasub#1', 'proved': False, 'tier': None, 'n': 100, 'disagree': 89, 'secs': 0.4}
{'pid': 't3_cc_largest', 'op': 'R:erasub#2', 'proved': False, 'tier': None, 'n': 100, 'disagree': 90, 'secs': 0.4}
{'pid': 't3_sp_count', 'op': 'T:preset', 'proved': False, 'tier': None, 'n': 100, 'disagree': 0, 'secs': 0.4}
{'pid': 't3_sp_count', 'op': 'T:inline_call', 'proved': True, 'tier': 'S', 'n': 250, 'disagree': 0, 'secs': 0.6}
{'pid': 't3_sp_count', 'op': 'R:rewire#0', 'proved': False, 'tier': None, 'n': 100, 'disagree': 3, 'secs': 58.8}
{'pid': 't3_sp_count', 'op': 'R:rewire#1', 'proved': False, 'tier': None, 'n': 100, 'disagree': 68, 'secs': 0.5}
{'pid': 't3_sp_count', 'op': 'R:rewire#2', 'proved': False, 'tier': None, 'n': 100, 'disagree': 58, 'secs': 0.8}
{'pid': 't3_sp_count', 'op': 'R:cutwire#0', 'proved': False, 'tier': None, 'n': 100, 'disagree': 100, 'secs': 0.8}
{'pid': 't3_sp_count', 'op': 'R:cutwire#1', 'proved': True, 'tier': 'S', 'n': 250, 'disagree': 0, 'secs': 1.7}
{'pid': 't3_sp_count', 'op': 'R:cutwire#2', 'proved': False, 'tier': None, 'n': 100, 'disagree': 100, 'secs': 0.8}
{'pid': 't3_sp_count', 'op': 'R:opsym#0', 'proved': False, 'tier': None, 'n': 100, 'disagree': 30, 'secs': 0.7}
{'pid': 't3_sp_count', 'op': 'R:opsym#2', 'proved': False, 'tier': None, 'n': 100, 'disagree': 32, 'secs': 0.6}
{'pid': 't3_sp_count', 'op': 'R:lit#0', 'proved': False, 'tier': None, 'n': 100, 'disagree': 0, 'secs': 0.4}
{'pid': 't3_sp_count', 'op': 'R:lit#1', 'proved': False, 'tier': None, 'n': 100, 'disagree': 0, 'secs': 0.4}
{'pid': 't3_sp_count', 'op': 'R:swapkids#0', 'proved': False, 'tier': None, 'n': 100, 'disagree': 23, 'secs': 0.5}
{'pid': 't3_sp_count', 'op': 'R:swapkids#1', 'proved': False, 'tier': None, 'n': 100, 'disagree': 32, 'secs': 0.6}
{'pid': 't3_sp_count', 'op': 'R:swapkids#2', 'proved': False, 'tier': None, 'n': 100, 'disagree': 47, 'secs': 0.6}
{'pid': 't3_sp_count', 'op': 'R:erasub#0', 'proved': False, 'tier': None, 'n': 100, 'disagree': 100, 'secs': 0.5}
{'pid': 't3_sp_count', 'op': 'R:erasub#1', 'proved': False, 'tier': None, 'n': 100, 'disagree': 26, 'secs': 0.7}
{'pid': 't3_sp_count', 'op': 'R:erasub#2', 'proved': False, 'tier': None, 'n': 100, 'disagree': 100, 'secs': 0.6}
{'pid': 't4_paren_unmatched', 'op': 'T:inline_call', 'proved': True, 'tier': 'S', 'n': 250, 'disagree': 0, 'secs': 0.7}
{'pid': 't4_paren_unmatched', 'op': 'T:inline_leaf', 'proved': True, 'tier': 'U', 'n': 250, 'disagree': 0, 'secs': 1.1}
{'pid': 't4_paren_unmatched', 'op': 'R:rewire#0', 'proved': False, 'tier': None, 'n': 100, 'disagree': 100, 'secs': 0.3}
{'pid': 't4_paren_unmatched', 'op': 'R:rewire#1', 'proved': False, 'tier': None, 'n': 100, 'disagree': 100, 'secs': 0.3}
{'pid': 't4_paren_unmatched', 'op': 'R:rewire#2', 'proved': False, 'tier': None, 'n': 100, 'disagree': 3, 'secs': 1.0}
{'pid': 't4_paren_unmatched', 'op': 'R:cutwire#0', 'proved': False, 'tier': None, 'n': 100, 'disagree': 100, 'secs': 0.4}
{'pid': 't4_paren_unmatched', 'op': 'R:cutwire#1', 'proved': False, 'tier': None, 'n': 100, 'disagree': 36, 'secs': 0.4}
{'pid': 't4_paren_unmatched', 'op': 'R:cutwire#2', 'proved': False, 'tier': None, 'n': 100, 'disagree': 100, 'secs': 0.2}
{'pid': 't4_paren_unmatched', 'op': 'R:opsym#0', 'proved': False, 'tier': None, 'n': 100, 'disagree': 79, 'secs': 0.3}
{'pid': 't4_paren_unmatched', 'op': 'R:opsym#1', 'proved': False, 'tier': None, 'n': 100, 'disagree': 3, 'secs': 0.6}
{'pid': 't4_paren_unmatched', 'op': 'R:opsym#2', 'proved': False, 'tier': None, 'n': 100, 'disagree': 49, 'secs': 0.4}
{'pid': 't4_paren_unmatched', 'op': 'R:lit#0', 'proved': False, 'tier': None, 'n': 100, 'disagree': 34, 'secs': 0.3}
{'pid': 't4_paren_unmatched', 'op': 'R:lit#2', 'proved': False, 'tier': None, 'n': 100, 'disagree': 80, 'secs': 0.3}
{'pid': 't4_paren_unmatched', 'op': 'R:swapkids#0', 'proved': False, 'tier': None, 'n': 100, 'disagree': 81, 'secs': 0.3}
{'pid': 't4_paren_unmatched', 'op': 'R:swapkids#1', 'proved': False, 'tier': None, 'n': 100, 'disagree': 3, 'secs': 0.9}
{'pid': 't4_paren_unmatched', 'op': 'R:swapkids#2', 'proved': False, 'tier': None, 'n': 100, 'disagree': 3, 'secs': 0.9}
{'pid': 't4_paren_unmatched', 'op': 'R:erasub#0', 'proved': False, 'tier': None, 'n': 100, 'disagree': 100, 'secs': 0.2}
{'pid': 't4_paren_unmatched', 'op': 'R:erasub#1', 'proved': False, 'tier': None, 'n': 100, 'disagree': 80, 'secs': 0.3}
{'pid': 't4_paren_unmatched', 'op': 'R:erasub#2', 'proved': False, 'tier': None, 'n': 100, 'disagree': 38, 'secs': 0.4}
{'pid': 't4_tree_postorder', 'op': 'T:inline_call', 'proved': True, 'tier': 'S', 'n': 250, 'disagree': 0, 'secs': 0.7}
{'pid': 't4_tree_postorder', 'op': 'T:inline_leaf', 'proved': True, 'tier': 'U', 'n': 250, 'disagree': 0, 'secs': 0.7}
{'pid': 't4_tree_postorder', 'op': 'R:rewire#0', 'proved': False, 'tier': None, 'n': 100, 'disagree': 92, 'secs': 0.4}
{'pid': 't4_tree_postorder', 'op': 'R:rewire#2', 'proved': False, 'tier': None, 'n': 100, 'disagree': 93, 'secs': 0.6}
{'pid': 't4_tree_postorder', 'op': 'R:cutwire#0', 'proved': False, 'tier': None, 'n': 100, 'disagree': 100, 'secs': 0.5}
{'pid': 't4_tree_postorder', 'op': 'R:cutwire#1', 'proved': False, 'tier': None, 'n': 100, 'disagree': 100, 'secs': 0.3}
{'pid': 't4_tree_postorder', 'op': 'R:cutwire#2', 'proved': False, 'tier': None, 'n': 100, 'disagree': 93, 'secs': 0.3}
{'pid': 't4_tree_postorder', 'op': 'R:lit#0', 'proved': False, 'tier': None, 'n': 100, 'disagree': 95, 'secs': 0.6}
{'pid': 't4_tree_postorder', 'op': 'R:lit#1', 'proved': False, 'tier': None, 'n': 100, 'disagree': 93, 'secs': 0.4}
{'pid': 't4_tree_postorder', 'op': 'R:swapkids#0', 'proved': False, 'tier': None, 'n': 100, 'disagree': 100, 'secs': 0.3}
{'pid': 't4_tree_postorder', 'op': 'R:swapkids#1', 'proved': False, 'tier': None, 'n': 100, 'disagree': 94, 'secs': 0.3}
{'pid': 't4_tree_postorder', 'op': 'R:swapkids#2', 'proved': False, 'tier': None, 'n': 100, 'disagree': 100, 'secs': 0.3}
{'pid': 't4_tree_postorder', 'op': 'R:erasub#0', 'proved': False, 'tier': None, 'n': 100, 'disagree': 100, 'secs': 0.3}
{'pid': 't4_tree_postorder', 'op': 'R:erasub#1', 'proved': False, 'tier': None, 'n': 100, 'disagree': 91, 'secs': 0.3}
{'pid': 't4_tree_postorder', 'op': 'R:erasub#2', 'proved': False, 'tier': None, 'n': 100, 'disagree': 100, 'secs': 0.4}
{'pid': 't5_conflict_flags', 'op': 'T:inline_call', 'proved': True, 'tier': 'S', 'n': 250, 'disagree': 0, 'secs': 0.7}
{'pid': 't5_conflict_flags', 'op': 'T:inline_leaf', 'proved': True, 'tier': 'U', 'n': 250, 'disagree': 0, 'secs': 0.5}
{'pid': 't5_conflict_flags', 'op': 'R:rewire#0', 'proved': False, 'tier': None, 'n': 100, 'disagree': 63, 'secs': 0.2}
{'pid': 't5_conflict_flags', 'op': 'R:rewire#1', 'proved': False, 'tier': None, 'n': 100, 'disagree': 44, 'secs': 0.3}
{'pid': 't5_conflict_flags', 'op': 'R:rewire#2', 'proved': False, 'tier': None, 'n': 100, 'disagree': 31, 'secs': 0.3}
{'pid': 't5_conflict_flags', 'op': 'R:cutwire#0', 'proved': False, 'tier': None, 'n': 100, 'disagree': 65, 'secs': 0.4}
{'pid': 't5_conflict_flags', 'op': 'R:cutwire#1', 'proved': False, 'tier': None, 'n': 100, 'disagree': 90, 'secs': 0.3}
{'pid': 't5_conflict_flags', 'op': 'R:cutwire#2', 'proved': False, 'tier': None, 'n': 100, 'disagree': 51, 'secs': 0.3}
{'pid': 't5_conflict_flags', 'op': 'R:opsym#0', 'proved': False, 'tier': None, 'n': 100, 'disagree': 75, 'secs': 0.3}
{'pid': 't5_conflict_flags', 'op': 'R:opsym#1', 'proved': False, 'tier': None, 'n': 100, 'disagree': 38, 'secs': 0.4}
{'pid': 't5_conflict_flags', 'op': 'R:opsym#2', 'proved': False, 'tier': None, 'n': 100, 'disagree': 42, 'secs': 0.4}
{'pid': 't5_conflict_flags', 'op': 'R:lit#0', 'proved': False, 'tier': None, 'n': 100, 'disagree': 59, 'secs': 0.3}
{'pid': 't5_conflict_flags', 'op': 'R:lit#1', 'proved': False, 'tier': None, 'n': 100, 'disagree': 100, 'secs': 0.3}
{'pid': 't5_conflict_flags', 'op': 'R:lit#2', 'proved': False, 'tier': None, 'n': 100, 'disagree': 76, 'secs': 0.3}
{'pid': 't5_conflict_flags', 'op': 'R:swapkids#0', 'proved': False, 'tier': None, 'n': 100, 'disagree': 3, 'secs': 0.4}
{'pid': 't5_conflict_flags', 'op': 'R:swapkids#1', 'proved': False, 'tier': None, 'n': 100, 'disagree': 3, 'secs': 0.5}
{'pid': 't5_conflict_flags', 'op': 'R:swapkids#2', 'proved': False, 'tier': None, 'n': 100, 'disagree': 0, 'secs': 0.3}
{'pid': 't5_conflict_flags', 'op': 'R:erasub#0', 'proved': False, 'tier': None, 'n': 100, 'disagree': 56, 'secs': 0.3}
{'pid': 't5_conflict_flags', 'op': 'R:erasub#1', 'proved': False, 'tier': None, 'n': 100, 'disagree': 77, 'secs': 0.3}
{'pid': 't5_conflict_flags', 'op': 'R:erasub#2', 'proved': False, 'tier': None, 'n': 100, 'disagree': 90, 'secs': 0.3}
{'pid': 't5_reconcile_canon', 'op': 'T:inline_call', 'proved': True, 'tier': 'S', 'n': 250, 'disagree': 0, 'secs': 1.0}
{'pid': 't5_reconcile_canon', 'op': 'R:rewire#0', 'proved': False, 'tier': None, 'n': 100, 'disagree': 50, 'secs': 0.5}
{'pid': 't5_reconcile_canon', 'op': 'R:rewire#1', 'proved': False, 'tier': None, 'n': 100, 'disagree': 100, 'secs': 0.4}
{'pid': 't5_reconcile_canon', 'op': 'R:rewire#2', 'proved': False, 'tier': None, 'n': 100, 'disagree': 48, 'secs': 0.3}
{'pid': 't5_reconcile_canon', 'op': 'R:cutwire#0', 'proved': False, 'tier': None, 'n': 100, 'disagree': 63, 'secs': 0.3}
{'pid': 't5_reconcile_canon', 'op': 'R:cutwire#1', 'proved': False, 'tier': None, 'n': 100, 'disagree': 51, 'secs': 0.5}
{'pid': 't5_reconcile_canon', 'op': 'R:cutwire#2', 'proved': False, 'tier': None, 'n': 100, 'disagree': 84, 'secs': 0.5}
{'pid': 't5_reconcile_canon', 'op': 'R:opsym#0', 'proved': False, 'tier': None, 'n': 100, 'disagree': 47, 'secs': 0.5}
{'pid': 't5_reconcile_canon', 'op': 'R:opsym#1', 'proved': False, 'tier': None, 'n': 100, 'disagree': 64, 'secs': 0.4}
{'pid': 't5_reconcile_canon', 'op': 'R:opsym#2', 'proved': False, 'tier': None, 'n': 100, 'disagree': 71, 'secs': 0.7}
{'pid': 't5_reconcile_canon', 'op': 'R:lit#1', 'proved': False, 'tier': None, 'n': 100, 'disagree': 48, 'secs': 0.6}
{'pid': 't5_reconcile_canon', 'op': 'R:swapkids#0', 'proved': False, 'tier': None, 'n': 100, 'disagree': 3, 'secs': 0.6}
{'pid': 't5_reconcile_canon', 'op': 'R:swapkids#1', 'proved': False, 'tier': None, 'n': 100, 'disagree': 3, 'secs': 58.9}
{'pid': 't5_reconcile_canon', 'op': 'R:swapkids#2', 'proved': False, 'tier': None, 'n': 100, 'disagree': 3, 'secs': 50.1}
{'pid': 't5_reconcile_canon', 'op': 'R:erasub#0', 'proved': False, 'tier': None, 'n': 100, 'disagree': 46, 'secs': 0.4}
{'pid': 't5_reconcile_canon', 'op': 'R:erasub#1', 'proved': False, 'tier': None, 'n': 100, 'disagree': 100, 'secs': 0.3}
{'pid': 't5_reconcile_canon', 'op': 'R:erasub#2', 'proved': False, 'tier': None, 'n': 100, 'disagree': 45, 'secs': 0.4}
