{'pid': 't1_bignum_mul_small', 'op': 'T:preset', 'proved': False, 'tier': None, 'n': 100, 'disagree': 0, 'secs': 0.4}
{'pid': 't1_bignum_mul_small', 'op': 'T:inline_call', 'proved': True, 'tier': 'S', 'n': 250, 'disagree': 0, 'secs': 0.9}
{'pid': 't1_bignum_mul_small', 'op': 'T:inline_leaf', 'proved': True, 'tier': 'U', 'n': 250, 'disagree': 0, 'secs': 0.9}
{'pid': 't1_bignum_mul_small', 'op': 'R:rewire#0', 'proved': False, 'tier': None, 'n': 100, 'disagree': 76, 'secs': 0.4}
{'pid': 't1_bignum_mul_small', 'op': 'R:rewire#1', 'proved': False, 'tier': None, 'n': 100, 'disagree': 73, 'secs': 10.6}
{'pid': 't1_bignum_mul_small', 'op': 'R:rewire#2', 'proved': False, 'tier': None, 'n': 100, 'disagree': 71, 'secs': 11.1}
{'pid': 't1_bignum_mul_small', 'op': 'R:cutwire#0', 'proved': False, 'tier': None, 'n': 100, 'disagree': 69, 'secs': 0.5}
{'pid': 't1_bignum_mul_small', 'op': 'R:cutwire#1', 'proved': False, 'tier': None, 'n': 100, 'disagree': 75, 'secs': 0.4}
{'pid': 't1_bignum_mul_small', 'op': 'R:cutwire#2', 'proved': False, 'tier': None, 'n': 100, 'disagree': 29, 'secs': 0.4}
{'pid': 't1_bignum_mul_small', 'op': 'R:opsym#0', 'proved': False, 'tier': None, 'n': 100, 'disagree': 27, 'secs': 0.4}
{'pid': 't1_bignum_mul_small', 'op': 'R:opsym#2', 'proved': False, 'tier': None, 'n': 100, 'disagree': 72, 'secs': 0.4}
{'pid': 't1_bignum_mul_small', 'op': 'R:lit#0', 'proved': False, 'tier': None, 'n': 100, 'disagree': 29, 'secs': 0.3}
{'pid': 't1_bignum_mul_small', 'op': 'R:lit#1', 'proved': False, 'tier': None, 'n': 100, 'disagree': 28, 'secs': 0.5}
{'pid': 't1_bignum_mul_small', 'op': 'R:lit#2', 'proved': False, 'tier': None, 'n': 100, 'disagree': 74, 'secs': 0.4}
{'pid': 't1_bignum_mul_small', 'op': 'R:swapkids#0', 'proved': False, 'tier': None, 'n': 100, 'disagree': 83, 'secs': 11.3}
{'pid': 't1_bignum_mul_small', 'op': 'R:swapkids#1', 'proved': False, 'tier': None, 'n': 100, 'disagree': 73, 'secs': 11.3}
{'pid': 't1_bignum_mul_small', 'op': 'R:swapkids#2', 'proved': False, 'tier': None, 'n': 100, 'disagree': 24, 'secs': 0.4}
{'pid': 't1_bignum_mul_small', 'op': 'R:erasub#0', 'proved': False, 'tier': None, 'n': 100, 'disagree': 76, 'secs': 0.5}
{'pid': 't1_bignum_mul_small', 'op': 'R:erasub#1', 'proved': False, 'tier': None, 'n': 100, 'disagree': 72, 'secs': 0.4}
{'pid': 't1_bignum_mul_small', 'op': 'R:erasub#2', 'proved': False, 'tier': None, 'n': 100, 'disagree': 100, 'secs': 0.4}
{'pid': 't1_powmod', 'op': 'T:preset', 'proved': False, 'tier': None, 'n': 100, 'disagree': 0, 'secs': 0.4}
{'pid': 't1_powmod', 'op': 'T:litfirst', 'proved': True, 'tier': 'S', 'n': 250, 'disagree': 0, 'secs': 0.8}
{'pid': 't1_powmod', 'op': 'T:inline_call', 'proved': True, 'tier': 'S', 'n': 250, 'disagree': 0, 'secs': 0.7}
{'pid': 't1_powmod', 'op': 'R:rewire#0', 'proved': False, 'tier': None, 'n': 100, 'disagree': 100, 'secs': 0.4}
{'pid': 't1_powmod', 'op': 'R:rewire#1', 'proved': False, 'tier': None, 'n': 100, 'disagree': 81, 'secs': 11.4}
{'pid': 't1_powmod', 'op': 'R:rewire#2', 'proved': False, 'tier': None, 'n': 100, 'disagree': 100, 'secs': 10.3}
{'pid': 't1_powmod', 'op': 'R:cutwire#0', 'proved': False, 'tier': None, 'n': 100, 'disagree': 100, 'secs': 0.3}
{'pid': 't1_powmod', 'op': 'R:cutwire#1', 'proved': False, 'tier': None, 'n': 100, 'disagree': 57, 'secs': 0.3}
{'pid': 't1_powmod', 'op': 'R:cutwire#2', 'proved': True, 'tier': 'S', 'n': 250, 'disagree': 0, 'secs': 0.6}
{'pid': 't1_powmod', 'op': 'R:opsym#0', 'proved': False, 'tier': None, 'n': 100, 'disagree': 18, 'secs': 0.3}
{'pid': 't1_powmod', 'op': 'R:opsym#1', 'proved': False, 'tier': None, 'n': 100, 'disagree': 73, 'secs': 0.3}
{'pid': 't1_powmod', 'op': 'R:opsym#2', 'proved': False, 'tier': None, 'n': 100, 'disagree': 48, 'secs': 0.3}
{'pid': 't1_powmod', 'op': 'R:lit#0', 'proved': False, 'tier': None, 'n': 100, 'disagree': 48, 'secs': 0.3}
{'pid': 't1_powmod', 'op': 'R:lit#1', 'proved': False, 'tier': None, 'n': 100, 'disagree': 77, 'secs': 300.5}
{'pid': 't1_powmod', 'op': 'R:swapkids#0', 'proved': False, 'tier': None, 'n': 100, 'disagree': 100, 'secs': 8.4}
{'pid': 't1_powmod', 'op': 'R:swapkids#1', 'proved': False, 'tier': None, 'n': 100, 'disagree': 68, 'secs': 9.8}
{'pid': 't1_powmod', 'op': 'R:swapkids#2', 'proved': False, 'tier': None, 'n': 100, 'disagree': 100, 'secs': 10.2}
{'pid': 't1_powmod', 'op': 'R:erasub#0', 'proved': False, 'tier': None, 'n': 100, 'disagree': 56, 'secs': 0.3}
{'pid': 't1_powmod', 'op': 'R:erasub#1', 'proved': False, 'tier': None, 'n': 100, 'disagree': 100, 'secs': 0.3}
{'pid': 't1_powmod', 'op': 'R:erasub#2', 'proved': False, 'tier': None, 'n': 100, 'disagree': 78, 'secs': 0.5}
{'pid': 't2_is_sorted', 'op': 'T:inline_call', 'proved': True, 'tier': 'S', 'n': 250, 'disagree': 0, 'secs': 0.8}
{'pid': 't2_is_sorted', 'op': 'T:inline_leaf', 'proved': False, 'tier': None, 'n': 100, 'disagree': 0, 'secs': 0.3}
{'pid': 't2_is_sorted', 'op': 'R:rewire#0', 'proved': False, 'tier': None, 'n': 100, 'disagree': 84, 'secs': 0.3}
{'pid': 't2_is_sorted', 'op': 'R:rewire#1', 'proved': False, 'tier': None, 'n': 100, 'disagree': 52, 'secs': 0.4}
{'pid': 't2_is_sorted', 'op': 'R:rewire#2', 'proved': False, 'tier': None, 'n': 100, 'disagree': 84, 'secs': 0.3}
{'pid': 't2_is_sorted', 'op': 'R:cutwire#0', 'proved': False, 'tier': None, 'n': 100, 'disagree': 84, 'secs': 0.3}
{'pid': 't2_is_sorted', 'op': 'R:cutwire#1', 'proved': False, 'tier': None, 'n': 100, 'disagree': 85, 'secs': 0.3}
{'pid': 't2_is_sorted', 'op': 'R:cutwire#2', 'proved': False, 'tier': None, 'n': 100, 'disagree': 86, 'secs': 0.4}
{'pid': 't2_is_sorted', 'op': 'R:opsym#0', 'proved': False, 'tier': None, 'n': 100, 'disagree': 45, 'secs': 0.3}
{'pid': 't2_is_sorted', 'op': 'R:opsym#2', 'proved': False, 'tier': None, 'n': 100, 'disagree': 31, 'secs': 0.4}
{'pid': 't2_is_sorted', 'op': 'R:lit#0', 'proved': False, 'tier': None, 'n': 100, 'disagree': 48, 'secs': 0.3}
{'pid': 't2_is_sorted', 'op': 'R:lit#2', 'proved': False, 'tier': None, 'n': 100, 'disagree': 8, 'secs': 0.4}
{'pid': 't2_is_sorted', 'op': 'R:swapkids#0', 'proved': False, 'tier': None, 'n': 100, 'disagree': 92, 'secs': 10.4}
{'pid': 't2_is_sorted', 'op': 'R:swapkids#1', 'proved': False, 'tier': None, 'n': 100, 'disagree': 92, 'secs': 11.9}
{'pid': 't2_is_sorted', 'op': 'R:swapkids#2', 'proved': False, 'tier': None, 'n': 100, 'disagree': 90, 'secs': 12.7}
{'pid': 't2_is_sorted', 'op': 'R:erasub#0', 'proved': False, 'tier': None, 'n': 100, 'disagree': 92, 'secs': 0.3}
{'pid': 't2_is_sorted', 'op': 'R:erasub#1', 'proved': False, 'tier': None, 'n': 100, 'disagree': 44, 'secs': 0.5}
{'pid': 't2_is_sorted', 'op': 'R:erasub#2', 'proved': False, 'tier': None, 'n': 100, 'disagree': 100, 'secs': 0.3}
{'pid': 't2_top_k', 'op': 'T:inline_call', 'proved': True, 'tier': 'S', 'n': 250, 'disagree': 0, 'secs': 0.9}
{'pid': 't2_top_k', 'op': 'T:inline_leaf', 'proved': False, 'tier': None, 'n': 100, 'disagree': 0, 'secs': 0.4}
{'pid': 't2_top_k', 'op': 'R:rewire#0', 'proved': False, 'tier': None, 'n': 100, 'disagree': 63, 'secs': 0.3}
{'pid': 't2_top_k', 'op': 'R:rewire#1', 'proved': False, 'tier': None, 'n': 100, 'disagree': 8, 'secs': 0.5}
{'pid': 't2_top_k', 'op': 'R:rewire#2', 'proved': False, 'tier': None, 'n': 100, 'disagree': 65, 'secs': 0.3}
{'pid': 't2_top_k', 'op': 'R:cutwire#0', 'proved': False, 'tier': None, 'n': 100, 'disagree': 34, 'secs': 0.6}
{'pid': 't2_top_k', 'op': 'R:cutwire#1', 'proved': True, 'tier': 'S', 'n': 250, 'disagree': 0, 'secs': 0.8}
{'pid': 't2_top_k', 'op': 'R:cutwire#2', 'proved': False, 'tier': None, 'n': 100, 'disagree': 64, 'secs': 0.6}
{'pid': 't2_top_k', 'op': 'R:opsym#0', 'proved': False, 'tier': None, 'n': 100, 'disagree': 39, 'secs': 0.4}
{'pid': 't2_top_k', 'op': 'R:swapkids#0', 'proved': False, 'tier': None, 'n': 100, 'disagree': 69, 'secs': 0.4}
{'pid': 't2_top_k', 'op': 'R:swapkids#1', 'proved': False, 'tier': None, 'n': 100, 'disagree': 60, 'secs': 0.6}
{'pid': 't2_top_k', 'op': 'R:swapkids#2', 'proved': False, 'tier': None, 'n': 100, 'disagree': 69, 'secs': 11.8}
{'pid': 't2_top_k', 'op': 'R:erasub#0', 'proved': False, 'tier': None, 'n': 100, 'disagree': 59, 'secs': 0.6}
{'pid': 't2_top_k', 'op': 'R:erasub#1', 'proved': False, 'tier': None, 'n': 100, 'disagree': 63, 'secs': 0.4}
{'pid': 't2_top_k', 'op': 'R:erasub#2', 'proved': False, 'tier': None, 'n': 100, 'disagree': 37, 'secs': 0.5}
{'pid': 't3_degrees', 'op': 'T:inline_call', 'proved': True, 'tier': 'S', 'n': 250, 'disagree': 0, 'secs': 0.8}
{'pid': 't3_degrees', 'op': 'T:inline_leaf', 'proved': False, 'tier': None, 'n': 100, 'disagree': 0, 'secs': 0.5}
{'pid': 't3_degrees', 'op': 'R:rewire#0', 'proved': False, 'tier': None, 'n': 100, 'disagree': 100, 'secs': 0.4}
{'pid': 't3_degrees', 'op': 'R:rewire#1', 'proved': False, 'tier': None, 'n': 100, 'disagree': 68, 'secs': 0.4}
{'pid': 't3_degrees', 'op': 'R:rewire#2', 'proved': False, 'tier': None, 'n': 100, 'disagree': 72, 'secs': 0.5}
{'pid': 't3_degrees', 'op': 'R:cutwire#0', 'proved': False, 'tier': None, 'n': 100, 'disagree': 100, 'secs': 0.4}
{'pid': 't3_degrees', 'op': 'R:cutwire#1', 'proved': False, 'tier': None, 'n': 100, 'disagree': 70, 'secs': 0.5}
{'pid': 't3_degrees', 'op': 'R:cutwire#2', 'proved': False, 'tier': None, 'n': 100, 'disagree': 68, 'secs': 0.6}
{'pid': 't3_degrees', 'op': 'R:opsym#0', 'proved': False, 'tier': None, 'n': 100, 'disagree': 100, 'secs': 12.7}
{'pid': 't3_degrees', 'op': 'R:opsym#2', 'proved': False, 'tier': None, 'n': 100, 'disagree': 100, 'secs': 11.7}
{'pid': 't3_degrees', 'op': 'R:lit#1', 'proved': False, 'tier': None, 'n': 100, 'disagree': 26, 'secs': 0.3}
{'pid': 't3_degrees', 'op': 'R:lit#2', 'proved': False, 'tier': None, 'n': 100, 'disagree': 91, 'secs': 0.3}
{'pid': 't3_degrees', 'op': 'R:swapkids#1', 'proved': False, 'tier': None, 'n': 100, 'disagree': 57, 'secs': 9.7}
{'pid': 't3_degrees', 'op': 'R:swapkids#2', 'proved': False, 'tier': None, 'n': 100, 'disagree': 72, 'secs': 0.3}
{'pid': 't3_degrees', 'op': 'R:erasub#0', 'proved': False, 'tier': None, 'n': 100, 'disagree': 71, 'secs': 0.3}
{'pid': 't3_degrees', 'op': 'R:erasub#1', 'proved': False, 'tier': None, 'n': 100, 'disagree': 69, 'secs': 0.4}
{'pid': 't3_degrees', 'op': 'R:erasub#2', 'proved': False, 'tier': None, 'n': 100, 'disagree': 100, 'secs': 0.3}
{'pid': 't3_wsp_all_from', 'op': 'T:preset', 'proved': False, 'tier': None, 'n': 100, 'disagree': 0, 'secs': 0.6}
{'pid': 't3_wsp_all_from', 'op': 'T:inline_call', 'proved': True, 'tier': 'S~a', 'n': 250, 'disagree': 0, 'secs': 0.7}
{'pid': 't3_wsp_all_from', 'op': 'R:rewire#0', 'proved': False, 'tier': None, 'n': 100, 'disagree': 57, 'secs': 7.8}
{'pid': 't3_wsp_all_from', 'op': 'R:rewire#1', 'proved': False, 'tier': None, 'n': 100, 'disagree': 0, 'secs': 0.4}
{'pid': 't3_wsp_all_from', 'op': 'R:rewire#2', 'proved': False, 'tier': None, 'n': 100, 'disagree': 84, 'secs': 7.2}
{'pid': 't3_wsp_all_from', 'op': 'R:cutwire#0', 'proved': False, 'tier': None, 'n': 100, 'disagree': 36, 'secs': 0.4}
{'pid': 't3_wsp_all_from', 'op': 'R:cutwire#1', 'proved': False, 'tier': None, 'n': 100, 'disagree': 37, 'secs': 0.5}
{'pid': 't3_wsp_all_from', 'op': 'R:cutwire#2', 'proved': False, 'tier': None, 'n': 100, 'disagree': 16, 'secs': 0.3}
{'pid': 't3_wsp_all_from', 'op': 'R:opsym#0', 'proved': False, 'tier': None, 'n': 100, 'disagree': 26, 'secs': 0.4}
{'pid': 't3_wsp_all_from', 'op': 'R:opsym#1', 'proved': False, 'tier': None, 'n': 100, 'disagree': 43, 'secs': 0.5}
{'pid': 't3_wsp_all_from', 'op': 'R:opsym#2', 'proved': False, 'tier': None, 'n': 100, 'disagree': 52, 'secs': 0.4}
{'pid': 't3_wsp_all_from', 'op': 'R:lit#0', 'proved': False, 'tier': None, 'n': 100, 'disagree': 73, 'secs': 0.4}
{'pid': 't3_wsp_all_from', 'op': 'R:lit#1', 'proved': False, 'tier': None, 'n': 100, 'disagree': 74, 'secs': 0.4}
{'pid': 't3_wsp_all_from', 'op': 'R:lit#2', 'proved': False, 'tier': None, 'n': 100, 'disagree': 49, 'secs': 0.4}
{'pid': 't3_wsp_all_from', 'op': 'R:swapkids#0', 'proved': False, 'tier': None, 'n': 100, 'disagree': 47, 'secs': 0.4}
{'pid': 't3_wsp_all_from', 'op': 'R:swapkids#1', 'proved': False, 'tier': None, 'n': 100, 'disagree': 38, 'secs': 10.0}
{'pid': 't3_wsp_all_from', 'op': 'R:swapkids#2', 'proved': False, 'tier': None, 'n': 100, 'disagree': 86, 'secs': 8.0}
{'pid': 't3_wsp_all_from', 'op': 'R:erasub#0', 'proved': False, 'tier': None, 'n': 100, 'disagree': 59, 'secs': 0.4}
{'pid': 't3_wsp_all_from', 'op': 'R:erasub#1', 'proved': False, 'tier': None, 'n': 100, 'disagree': 36, 'secs': 0.4}
{'pid': 't3_wsp_all_from', 'op': 'R:erasub#2', 'proved': False, 'tier': None, 'n': 100, 'disagree': 100, 'secs': 0.4}
{'pid': 't4_stack_vm', 'op': 'T:preset', 'proved': False, 'tier': None, 'n': 100, 'disagree': 0, 'secs': 0.5}
{'pid': 't4_stack_vm', 'op': 'T:eqz', 'proved': False, 'tier': None, 'n': 100, 'disagree': 0, 'secs': 0.6}
{'pid': 't4_stack_vm', 'op': 'T:inline_call', 'proved': True, 'tier': 'S', 'n': 250, 'disagree': 0, 'secs': 0.6}
{'pid': 't4_stack_vm', 'op': 'T:inline_leaf', 'proved': True, 'tier': 'U', 'n': 250, 'disagree': 0, 'secs': 0.6}
{'pid': 't4_stack_vm', 'op': 'R:rewire#0', 'proved': False, 'tier': None, 'n': 100, 'disagree': 9, 'secs': 99.6}
{'pid': 't4_stack_vm', 'op': 'R:rewire#1', 'proved': False, 'tier': None, 'n': 100, 'disagree': 24, 'secs': 4.7}
{'pid': 't4_stack_vm', 'op': 'R:cutwire#0', 'proved': False, 'tier': None, 'n': 100, 'disagree': 95, 'secs': 0.3}
{'pid': 't4_stack_vm', 'op': 'R:cutwire#1', 'proved': True, 'tier': 'S', 'n': 250, 'disagree': 0, 'secs': 0.5}
{'pid': 't4_stack_vm', 'op': 'R:cutwire#2', 'proved': False, 'tier': None, 'n': 100, 'disagree': 9, 'secs': 0.3}
{'pid': 't4_stack_vm', 'op': 'R:opsym#0', 'proved': False, 'tier': None, 'n': 100, 'disagree': 100, 'secs': 7.4}
{'pid': 't4_stack_vm', 'op': 'R:opsym#1', 'proved': False, 'tier': None, 'n': 100, 'disagree': 100, 'secs': 7.9}
{'pid': 't4_stack_vm', 'op': 'R:opsym#2', 'proved': False, 'tier': None, 'n': 100, 'disagree': 2, 'secs': 0.5}
{'pid': 't4_stack_vm', 'op': 'R:lit#0', 'proved': False, 'tier': None, 'n': 100, 'disagree': 1, 'secs': 0.5}
{'pid': 't4_stack_vm', 'op': 'R:lit#1', 'proved': False, 'tier': None, 'n': 100, 'disagree': 1, 'secs': 0.4}
{'pid': 't4_stack_vm', 'op': 'R:lit#2', 'proved': False, 'tier': None, 'n': 100, 'disagree': 1, 'secs': 0.4}
{'pid': 't4_stack_vm', 'op': 'R:swapkids#0', 'proved': False, 'tier': None, 'n': 100, 'disagree': 100, 'secs': 8.7}
{'pid': 't4_stack_vm', 'op': 'R:swapkids#1', 'proved': False, 'tier': None, 'n': 100, 'disagree': 100, 'secs': 8.8}
{'pid': 't4_stack_vm', 'op': 'R:swapkids#2', 'proved': False, 'tier': None, 'n': 100, 'disagree': 5, 'secs': 0.5}
{'pid': 't4_stack_vm', 'op': 'R:erasub#0', 'proved': False, 'tier': None, 'n': 100, 'disagree': 8, 'secs': 0.6}
{'pid': 't4_stack_vm', 'op': 'R:erasub#1', 'proved': False, 'tier': None, 'n': 100, 'disagree': 6, 'secs': 0.5}
{'pid': 't4_stack_vm', 'op': 'R:erasub#2', 'proved': False, 'tier': None, 'n': 100, 'disagree': 6, 'secs': 0.5}
{'pid': 't5_cluster_count', 'op': 'T:preset', 'proved': False, 'tier': None, 'n': 100, 'disagree': 0, 'secs': 0.4}
{'pid': 't5_cluster_count', 'op': 'T:inline_call', 'proved': True, 'tier': 'S~a', 'n': 250, 'disagree': 0, 'secs': 0.7}
{'pid': 't5_cluster_count', 'op': 'T:inline_leaf', 'proved': True, 'tier': 'U', 'n': 250, 'disagree': 0, 'secs': 0.6}
{'pid': 't5_cluster_count', 'op': 'R:rewire#2', 'proved': False, 'tier': None, 'n': 100, 'disagree': 0, 'secs': 0.5}
{'pid': 't5_cluster_count', 'op': 'R:cutwire#0', 'proved': False, 'tier': None, 'n': 100, 'disagree': 100, 'secs': 0.3}
{'pid': 't5_cluster_count', 'op': 'R:cutwire#1', 'proved': False, 'tier': None, 'n': 100, 'disagree': 65, 'secs': 0.4}
{'pid': 't5_cluster_count', 'op': 'R:cutwire#2', 'proved': False, 'tier': None, 'n': 100, 'disagree': 66, 'secs': 0.5}
{'pid': 't5_cluster_count', 'op': 'R:opsym#0', 'proved': False, 'tier': None, 'n': 100, 'disagree': 100, 'secs': 8.1}
{'pid': 't5_cluster_count', 'op': 'R:opsym#1', 'proved': False, 'tier': None, 'n': 100, 'disagree': 7, 'secs': 0.5}
{'pid': 't5_cluster_count', 'op': 'R:opsym#2', 'proved': False, 'tier': None, 'n': 100, 'disagree': 100, 'secs': 8.9}
{'pid': 't5_cluster_count', 'op': 'R:lit#0', 'proved': False, 'tier': None, 'n': 100, 'disagree': 57, 'secs': 0.4}
{'pid': 't5_cluster_count', 'op': 'R:lit#1', 'proved': False, 'tier': None, 'n': 100, 'disagree': 0, 'secs': 0.4}
{'pid': 't5_cluster_count', 'op': 'R:swapkids#0', 'proved': False, 'tier': None, 'n': 100, 'disagree': 100, 'secs': 6.4}
{'pid': 't5_cluster_count', 'op': 'R:swapkids#1', 'proved': False, 'tier': None, 'n': 100, 'disagree': 69, 'secs': 6.4}
{'pid': 't5_cluster_count', 'op': 'R:swapkids#2', 'proved': False, 'tier': None, 'n': 100, 'disagree': 0, 'secs': 0.3}
{'pid': 't5_cluster_count', 'op': 'R:erasub#0', 'proved': False, 'tier': None, 'n': 100, 'disagree': 65, 'secs': 0.3}
{'pid': 't5_cluster_count', 'op': 'R:erasub#1', 'proved': False, 'tier': None, 'n': 100, 'disagree': 71, 'secs': 0.3}
{'pid': 't5_cluster_count', 'op': 'R:erasub#2', 'proved': False, 'tier': None, 'n': 100, 'disagree': 64, 'secs': 0.3}
{'pid': 't5_decide_order', 'op': 'T:inline_call', 'proved': True, 'tier': 'S', 'n': 250, 'disagree': 0, 'secs': 0.5}
{'pid': 't5_decide_order', 'op': 'R:rewire#2', 'proved': False, 'tier': None, 'n': 100, 'disagree': 48, 'secs': 0.3}
{'pid': 't5_decide_order', 'op': 'R:cutwire#0', 'proved': False, 'tier': None, 'n': 100, 'disagree': 49, 'secs': 0.3}
{'pid': 't5_decide_order', 'op': 'R:cutwire#1', 'proved': False, 'tier': None, 'n': 100, 'disagree': 62, 'secs': 0.3}
{'pid': 't5_decide_order', 'op': 'R:cutwire#2', 'proved': True, 'tier': 'S', 'n': 250, 'disagree': 0, 'secs': 0.5}
{'pid': 't5_decide_order', 'op': 'R:opsym#0', 'proved': False, 'tier': None, 'n': 100, 'disagree': 43, 'secs': 6.5}
{'pid': 't5_decide_order', 'op': 'R:opsym#1', 'proved': False, 'tier': None, 'n': 100, 'disagree': 3, 'secs': 0.3}
{'pid': 't5_decide_order', 'op': 'R:opsym#2', 'proved': False, 'tier': None, 'n': 100, 'disagree': 43, 'secs': 0.3}
{'pid': 't5_decide_order', 'op': 'R:lit#0', 'proved': False, 'tier': None, 'n': 100, 'disagree': 33, 'secs': 0.4}
{'pid': 't5_decide_order', 'op': 'R:lit#2', 'proved': False, 'tier': None, 'n': 100, 'disagree': 42, 'secs': 0.4}
{'pid': 't5_decide_order', 'op': 'R:swapkids#0', 'proved': False, 'tier': None, 'n': 100, 'disagree': 97, 'secs': 329.1}
{'pid': 't5_decide_order', 'op': 'R:swapkids#1', 'proved': False, 'tier': None, 'n': 100, 'disagree': 100, 'secs': 0.4}
{'pid': 't5_decide_order', 'op': 'R:swapkids#2', 'proved': False, 'tier': None, 'n': 100, 'disagree': 36, 'secs': 0.4}
{'pid': 't5_decide_order', 'op': 'R:erasub#0', 'proved': False, 'tier': None, 'n': 100, 'disagree': 100, 'secs': 0.3}
{'pid': 't5_decide_order', 'op': 'R:erasub#1', 'proved': False, 'tier': None, 'n': 100, 'disagree': 68, 'secs': 0.6}
{'pid': 't5_decide_order', 'op': 'R:erasub#2', 'proved': False, 'tier': None, 'n': 100, 'disagree': 50, 'secs': 0.6}
{'pid': 't5_rewrite_sameas_roots', 'op': 'T:inline_call', 'proved': True, 'tier': 'S~a', 'n': 250, 'disagree': 0, 'secs': 0.5}
{'pid': 't5_rewrite_sameas_roots', 'op': 'R:rewire#0', 'proved': False, 'tier': None, 'n': 100, 'disagree': 39, 'secs': 0.3}
{'pid': 't5_rewrite_sameas_roots', 'op': 'R:rewire#2', 'proved': True, 'tier': 'S', 'n': 250, 'disagree': 0, 'secs': 0.7}
{'pid': 't5_rewrite_sameas_roots', 'op': 'R:cutwire#0', 'proved': False, 'tier': None, 'n': 100, 'disagree': 100, 'secs': 0.3}
{'pid': 't5_rewrite_sameas_roots', 'op': 'R:cutwire#1', 'proved': False, 'tier': None, 'n': 100, 'disagree': 40, 'secs': 0.3}
{'pid': 't5_rewrite_sameas_roots', 'op': 'R:cutwire#2', 'proved': True, 'tier': 'S', 'n': 250, 'disagree': 0, 'secs': 0.7}
{'pid': 't5_rewrite_sameas_roots', 'op': 'R:opsym#0', 'proved': False, 'tier': None, 'n': 100, 'disagree': 0, 'secs': 0.3}
{'pid': 't5_rewrite_sameas_roots', 'op': 'R:opsym#1', 'proved': False, 'tier': None, 'n': 100, 'disagree': 3, 'secs': 54.8}
{'pid': 't5_rewrite_sameas_roots', 'op': 'R:opsym#2', 'proved': False, 'tier': None, 'n': 100, 'disagree': 3, 'secs': 58.3}
{'pid': 't5_rewrite_sameas_roots', 'op': 'R:lit#0', 'proved': False, 'tier': None, 'n': 100, 'disagree': 100, 'secs': 0.7}
{'pid': 't5_rewrite_sameas_roots', 'op': 'R:swapkids#0', 'proved': False, 'tier': None, 'n': 100, 'disagree': 100, 'secs': 1.2}
{'pid': 't5_rewrite_sameas_roots', 'op': 'R:swapkids#1', 'proved': False, 'tier': None, 'n': 100, 'disagree': 91, 'secs': 0.8}
{'pid': 't5_rewrite_sameas_roots', 'op': 'R:swapkids#2', 'proved': False, 'tier': None, 'n': 100, 'disagree': 3, 'secs': 53.8}
{'pid': 't5_rewrite_sameas_roots', 'op': 'R:erasub#0', 'proved': False, 'tier': None, 'n': 100, 'disagree': 91, 'secs': 0.4}
{'pid': 't5_rewrite_sameas_roots', 'op': 'R:erasub#1', 'proved': False, 'tier': None, 'n': 100, 'disagree': 91, 'secs': 0.5}
{'pid': 't5_rewrite_sameas_roots', 'op': 'R:erasub#2', 'proved': False, 'tier': None, 'n': 100, 'disagree': 92, 'secs': 0.4}
