t2_second_largest done
t2_closest done
t4_to_rpn done
t1_popcount done
t2_search done
t2_sort_desc done
t5_cluster_canon done
t5_prop_distinct_per_key done
t3_line_graph_edges done
t2_lis done
t1_map_inc done
t3_reach_queries done
t4_tree_size done
t1_dot done
t4_paren_match done
t4_paren_unmatched done
t3_max_degree_vertex done
t3_bipartite_matching done
t2_count_in_range done
t2_rank done
t4_rle_encode done
t1_append done
t3_wiener_index done
t4_tree_height done
t4_tree_max_path_sum done
t5_cluster_emit done
t5_prop_majority done
t1_bignum_mul done
t1_collatz done
t4_tree_diameter done
t5_cluster_histogram done
t5_rewrite_collapsed done
t4_paren_prefix done
t4_tree_level_order done
t2_intersect done
t1_sum done
t5_cluster_closure_pairs done
t5_decide_stage_idem done
t2_distinct_count done
t3_eccentricities done
t1_take done
t3_reach_count done
t5_rewrite_weighted done
t3_msf_weight done
t2_merge done
t1_replicate done
t3_two_colour done
t2_merge_dedup done
t4_tree_fold_hash done
t5_rewrite_edges done
t3_degrees done
t1_last done
t1_bignum_mul_small done
t4_paren_depth done
t4_eval_ast done
t3_budget_reach done
t4_parse done
t3_cc_largest done
t1_zip_add done
t1_bignum_add done
t5_metric_purity done
t2_longest_run done
t5_cluster_same done
t2_partition done
t5_cluster_canon_of done
t3_wsp_dist done
t2_is_sorted done
t4_tree_min_max done
t4_tree_path_sums done
t3_apsp_matrix done
t5_cluster_members_of done
t5_rewrite_degrees done
t4_tree_postorder done
t4_sat_count done
t5_metric_pairwise done
t4_bst_lca done
t2_median done
t3_sources_sinks done
t4_tokenize done
t4_eval_str done
itrs exec-mine: min 1 median 3 max 897; exactly +1 (the root call): 77/240; negative: 0
programs=80 runs=240 identical-normal-form=240 itrs-equal=0/240 secs=17
('t2_second_largest', 'itrs', 168, 164)
('t2_second_largest', 'itrs', 662, 642)
('t2_second_largest', 'itrs', 164, 160)
('t2_closest', 'itrs', 614, 570)
('t2_closest', 'itrs', 220, 206)
('t2_closest', 'itrs', 762, 706)
('t4_to_rpn', 'itrs', 561, 560)
('t4_to_rpn', 'itrs', 760, 759)
('t4_to_rpn', 'itrs', 186, 185)
('t1_popcount', 'itrs', 33, 29)
('t1_popcount', 'itrs', 33, 29)
('t1_popcount', 'itrs', 33, 29)
('t2_search', 'itrs', 19, 18)
('t2_search', 'itrs', 46, 44)
('t2_search', 'itrs', 73, 70)
('t2_sort_desc', 'itrs', 146, 145)
('t2_sort_desc', 'itrs', 106, 105)
('t2_sort_desc', 'itrs', 106, 105)
('t5_cluster_canon', 'itrs', 2608, 2599)
('t5_cluster_canon', 'itrs', 871, 862)
('t5_cluster_canon', 'itrs', 871, 862)
('t5_prop_distinct_per_key', 'itrs', 1520, 1506)
('t5_prop_distinct_per_key', 'itrs', 309, 308)
('t5_prop_distinct_per_key', 'itrs', 174, 172)
('t3_line_graph_edges', 'itrs', 2085, 2000)
('t3_line_graph_edges', 'itrs', 150, 146)
('t3_line_graph_edges', 'itrs', 52, 51)
('t2_lis', 'itrs', 343, 342)
('t2_lis', 'itrs', 196, 195)
('t2_lis', 'itrs', 196, 195)
