t5_cluster_canon seed 0 pass {'itrs_median_small': 5236, 'itrs_median_big': 289116, 'itrs_max': 363657, 'depth_median_big': 900, 'depth_max': 1807}   0s
t5_cluster_canon seed 1 pass {'itrs_median_small': 3575, 'itrs_median_big': 223588, 'itrs_max': 652900, 'depth_median_big': 874, 'depth_max': 1981}   0s
t5_cluster_canon seed 2 pass {'itrs_median_small': 5744, 'itrs_median_big': 302818, 'itrs_max': 617016, 'depth_median_big': 1208, 'depth_max': 1966}   0s
t5_cluster_canon_of seed 0 pass {'itrs_median_small': 3748, 'itrs_median_big': 196428, 'itrs_max': 672590, 'depth_median_big': 910, 'depth_max': 2458}   0s
t5_cluster_canon_of seed 1 pass {'itrs_median_small': 1482, 'itrs_median_big': 252894, 'itrs_max': 495602, 'depth_median_big': 894, 'depth_max': 1402}   0s
t5_cluster_canon_of seed 2 pass {'itrs_median_small': 2306, 'itrs_median_big': 190906, 'itrs_max': 272230, 'depth_median_big': 833, 'depth_max': 926}   0s
t5_cluster_closure_pairs seed 0 pass {'itrs_median_small': 3486, 'itrs_median_big': 212302, 'itrs_max': 528470, 'depth_median_big': 908, 'depth_max': 1428}   0s
t5_cluster_closure_pairs seed 1 pass {'itrs_median_small': 3457, 'itrs_median_big': 257836, 'itrs_max': 527750, 'depth_median_big': 946, 'depth_max': 1476}   0s
t5_cluster_closure_pairs seed 2 pass {'itrs_median_small': 3457, 'itrs_median_big': 310418, 'itrs_max': 789234, 'depth_median_big': 931, 'depth_max': 2682}   0s
t5_cluster_count seed 0 pass {'itrs_median_small': 1496, 'itrs_median_big': 192035, 'itrs_max': 531259, 'depth_median_big': 641, 'depth_max': 1720}   0s
t5_cluster_count seed 1 pass {'itrs_median_small': 5194, 'itrs_median_big': 139073, 'itrs_max': 473055, 'depth_median_big': 496, 'depth_max': 1493}   0s
t5_cluster_count seed 2 pass {'itrs_median_small': 1985, 'itrs_median_big': 387687, 'itrs_max': 536597, 'depth_median_big': 1347, 'depth_max': 2090}   0s
t5_cluster_count_ge seed 0 pass {'itrs_median_small': 2307, 'itrs_median_big': 376606, 'itrs_max': 458398, 'depth_median_big': 1173, 'depth_max': 1648}   0s
t5_cluster_count_ge seed 1 pass {'itrs_median_small': 3576, 'itrs_median_big': 177115, 'itrs_max': 341430, 'depth_median_big': 653, 'depth_max': 964}   0s
t5_cluster_count_ge seed 2 pass {'itrs_median_small': 4754, 'itrs_median_big': 232246, 'itrs_max': 813056, 'depth_median_big': 806, 'depth_max': 2512}   0s
t5_cluster_emit seed 0 pass {'itrs_median_small': 2442, 'itrs_median_big': 282134, 'itrs_max': 692868, 'depth_median_big': 1266, 'depth_max': 2001}   0s
t5_cluster_emit seed 1 pass {'itrs_median_small': 3590, 'itrs_median_big': 165300, 'itrs_max': 550010, 'depth_median_big': 709, 'depth_max': 1570}   0s
t5_cluster_emit seed 2 pass {'itrs_median_small': 4218, 'itrs_median_big': 243073, 'itrs_max': 733990, 'depth_median_big': 1223, 'depth_max': 2175}   0s
t5_cluster_histogram seed 0 pass {'itrs_median_small': 4546, 'itrs_median_big': 244086, 'itrs_max': 362268, 'depth_median_big': 810, 'depth_max': 1043}   0s
t5_cluster_histogram seed 1 pass {'itrs_median_small': 5977, 'itrs_median_big': 284341, 'itrs_max': 442746, 'depth_median_big': 1283, 'depth_max': 1946}   0s
t5_cluster_histogram seed 2 pass {'itrs_median_small': 3890, 'itrs_median_big': 220492, 'itrs_max': 813110, 'depth_median_big': 1057, 'depth_max': 2892}   0s
t5_cluster_implied_unproposed seed 0 pass {'itrs_median_small': 3740, 'itrs_median_big': 482056, 'itrs_max': 781352, 'depth_median_big': 1423, 'depth_max': 1864}   0s
t5_cluster_implied_unproposed seed 1 pass {'itrs_median_small': 3295, 'itrs_median_big': 900306, 'itrs_max': 1391039, 'depth_median_big': 1966, 'depth_max': 3303}   1s
t5_cluster_implied_unproposed seed 2 pass {'itrs_median_small': 3280, 'itrs_median_big': 621428, 'itrs_max': 765223, 'depth_median_big': 1072, 'depth_max': 1441}   0s
t5_cluster_label seed 0 pass {'itrs_median_small': 2386, 'itrs_median_big': 242859, 'itrs_max': 397930, 'depth_median_big': 1049, 'depth_max': 1323}   0s
t5_cluster_label seed 1 pass {'itrs_median_small': 5096, 'itrs_median_big': 263607, 'itrs_max': 397318, 'depth_median_big': 1132, 'depth_max': 1387}   0s
t5_cluster_label seed 2 pass {'itrs_median_small': 3153, 'itrs_median_big': 225753, 'itrs_max': 366914, 'depth_median_big': 1041, 'depth_max': 1374}   0s
t5_cluster_largest seed 0 pass {'itrs_median_small': 4260, 'itrs_median_big': 324595, 'itrs_max': 485712, 'depth_median_big': 1289, 'depth_max': 1700}   0s
t5_cluster_largest seed 1 pass {'itrs_median_small': 3488, 'itrs_median_big': 248986, 'itrs_max': 618996, 'depth_median_big': 808, 'depth_max': 1725}   0s
t5_cluster_largest seed 2 pass {'itrs_median_small': 3108, 'itrs_median_big': 352361, 'itrs_max': 543096, 'depth_median_big': 1512, 'depth_max': 1814}   0s
t5_cluster_list seed 0 pass {'itrs_median_small': 3844, 'itrs_median_big': 283503, 'itrs_max': 580359, 'depth_median_big': 948, 'depth_max': 1637}   0s
t5_cluster_list seed 1 pass {'itrs_median_small': 4746, 'itrs_median_big': 195223, 'itrs_max': 345105, 'depth_median_big': 893, 'depth_max': 1112}   0s
t5_cluster_list seed 2 pass {'itrs_median_small': 5147, 'itrs_median_big': 213419, 'itrs_max': 371005, 'depth_median_big': 687, 'depth_max': 1427}   0s
t5_cluster_members_of seed 0 pass {'itrs_median_small': 2138, 'itrs_median_big': 279908, 'itrs_max': 559194, 'depth_median_big': 855, 'depth_max': 1752}   0s
t5_cluster_members_of seed 1 pass {'itrs_median_small': 5132, 'itrs_median_big': 160564, 'itrs_max': 513800, 'depth_median_big': 723, 'depth_max': 1673}   0s
t5_cluster_members_of seed 2 pass {'itrs_median_small': 4248, 'itrs_median_big': 176048, 'itrs_max': 327942, 'depth_median_big': 850, 'depth_max': 1089}   0s
t5_cluster_merge_count seed 0 pass {'itrs_median_small': 3846, 'itrs_median_big': 216343, 'itrs_max': 589675, 'depth_median_big': 779, 'depth_max': 1748}   0s
t5_cluster_merge_count seed 1 pass {'itrs_median_small': 6577, 'itrs_median_big': 228868, 'itrs_max': 655065, 'depth_median_big': 807, 'depth_max': 1977}   1s
t5_cluster_merge_count seed 2 pass {'itrs_median_small': 2553, 'itrs_median_big': 167778, 'itrs_max': 542957, 'depth_median_big': 914, 'depth_max': 1754}   1s
t5_cluster_same seed 0 pass {'itrs_median_small': 4213, 'itrs_median_big': 212858, 'itrs_max': 255358, 'depth_median_big': 695, 'depth_max': 1006}   1s
t5_cluster_same seed 1 pass {'itrs_median_small': 2635, 'itrs_median_big': 188053, 'itrs_max': 487284, 'depth_median_big': 778, 'depth_max': 1374}   1s
t5_cluster_same seed 2 pass {'itrs_median_small': 3306, 'itrs_median_big': 249156, 'itrs_max': 549228, 'depth_median_big': 1158, 'depth_max': 1517}   1s
t5_cluster_singletons seed 0 pass {'itrs_median_small': 715, 'itrs_median_big': 44965, 'itrs_max': 85850, 'depth_median_big': 413, 'depth_max': 576}   0s
t5_cluster_singletons seed 1 pass {'itrs_median_small': 907, 'itrs_median_big': 44646, 'itrs_max': 62103, 'depth_median_big': 400, 'depth_max': 495}   0s
t5_cluster_singletons seed 2 pass {'itrs_median_small': 1283, 'itrs_median_big': 37707, 'itrs_max': 91874, 'depth_median_big': 379, 'depth_max': 602}   0s
t5_cluster_sizes seed 0 pass {'itrs_median_small': 3680, 'itrs_median_big': 450197, 'itrs_max': 745803, 'depth_median_big': 1401, 'depth_max': 2153}   0s
t5_cluster_sizes seed 1 pass {'itrs_median_small': 4682, 'itrs_median_big': 240896, 'itrs_max': 265322, 'depth_median_big': 745, 'depth_max': 1492}   0s
t5_cluster_sizes seed 2 pass {'itrs_median_small': 4682, 'itrs_median_big': 291931, 'itrs_max': 530439, 'depth_median_big': 853, 'depth_max': 2519}   1s
t5_reconcile_canon seed 0 pass {'itrs_median_small': 4892, 'itrs_median_big': 366473, 'itrs_max': 839356, 'depth_median_big': 1354, 'depth_max': 2161}   1s
t5_reconcile_canon seed 1 pass {'itrs_median_small': 5082, 'itrs_median_big': 580174, 'itrs_max': 704976, 'depth_median_big': 1908, 'depth_max': 2249}   1s
t5_reconcile_canon seed 2 pass {'itrs_median_small': 2742, 'itrs_median_big': 422513, 'itrs_max': 615614, 'depth_median_big': 1277, 'depth_max': 1804}   1s
